07-12 20:43:14.164   270 31589 E C01704/TagSched: [a92ab68be209d37] [SetQosInternal]qosSetHandle open fail
07-12 20:43:14.164   270 31589 E C01704/TagSched: [a92ab68be209d37] [OpenQosCtrl]Failed to open qos_ctrl device
07-12 20:43:14.164   270 31589 E C01704/TagSched: [a92ab68be209d37] [IsQosHandleOpen]get qosSetHandle_ fail
07-12 20:43:14.164   270 31589 E C01704/TagSched: [a92ab68be209d37] [SetQosInternal]qosSetHandle open fail
07-12 20:43:14.164   270 31589 E C01704/TagSched: [a92ab68be209d37] [OpenQosCtrl]Failed to open qos_ctrl device
07-12 20:43:14.164   270 31589 E C01704/TagSched: [a92ab68be209d37] [IsQosHandleOpen]get qosSetHandle_ fail
07-12 20:43:14.164   270 31589 E C01704/TagSched: [a92ab68be209d37] [SetQosInternal]qosSetHandle open fail
07-12 20:43:14.164   270 31589 E C01704/TagSched: [a92ab68be209d37] [OpenQosCtrl]Failed to open qos_ctrl device
07-12 20:43:14.164   270 31589 E C01704/TagSched: [a92ab68be209d37] [IsQosHandleOpen]get qosSetHandle_ fail
07-12 20:43:14.164   270 31589 E C01704/TagSched: [a92ab68be209d37] [SetQosInternal]qosSetHandle open fail
07-12 20:43:14.164   270 31589 E C01704/TagSched: [a92ab68be209d37] [OpenQosCtrl]Failed to open qos_ctrl device
07-12 20:43:14.164   270 31589 E C01704/TagSched: [a92ab68be209d37] [IsQosHandleOpen]get qosSetHandle_ fail
07-12 20:43:14.164   270 31589 E C01704/TagSched: [a92ab68be209d37] [SetQosInternal]qosSetHandle open fail
07-12 20:43:14.164   270 31589 E C01704/TagSched: [a92ab68be209d37] [OpenQosCtrl]Failed to open qos_ctrl device
07-12 20:43:14.164   270 31589 E C01704/TagSched: [a92ab68be209d37] [IsQosHandleOpen]get qosSetHandle_ fail
07-12 20:43:14.164   270 31589 E C01704/TagSched: [a92ab68be209d37] [SetQosInternal]qosSetHandle open fail
07-12 20:43:14.164   270 31589 E C01704/TagSched: [a92ab68be209d37] [OpenQosCtrl]Failed to open qos_ctrl device
07-12 20:43:14.164   270 31589 E C01704/TagSched: [a92ab68be209d37] [IsQosHandleOpen]get qosSetHandle_ fail
07-12 20:43:14.164   270 31589 E C01704/TagSched: [a92ab68be209d37] [SetQosInternal]qosSetHandle open fail
07-12 20:43:14.170 31583 31583 I C02699/graphic_memory: pid=101, gl=0
07-12 20:43:14.170 31583 31583 E C02699/file_helper: file[/proc/process_dmabuf_info] open failed.
07-12 20:43:14.170 31583 31583 I C02699/graphic_memory: pid=101, graph=0
07-12 20:43:14.266 31583 31583 E C02517/hdf_memorytracker_impl: GetDevMem, dlopen libmemorytracker failed!
07-12 20:43:14.285 31583 31583 I C02699/graphic_memory: pid=109, gl=0
07-12 20:43:14.285 31583 31583 E C02699/file_helper: file[/proc/process_dmabuf_info] open failed.
07-12 20:43:14.285 31583 31583 I C02699/graphic_memory: pid=109, graph=0
07-12 20:43:14.286 31583 31583 E C02517/hdf_memorytracker_impl: GetDevMem, dlopen libmemorytracker failed!
07-12 20:43:14.287   253   253 E C01700/RSS: [a92ab78be246228] DeliverResource, PluginMgr resType 1002 no lib register!
07-12 20:43:14.288   270 31594 E C01704/TagSched: [a92ab78be246228] [ExecutorCheckTidIsInPid][Executor] ExecutorCheckTidIsInPid get reply is invalied
07-12 20:43:14.288   270 31594 I C01704/TagSched: [a92ab78be246228] [SetQosRealtimeTask]ThreadModifyQos,setQos 799 tid[16266],  qos[7]
07-12 20:43:14.288   270 31594 E C01704/TagSched: [a92ab78be246228] [OpenQosCtrl]Failed to open qos_ctrl device
07-12 20:43:14.288   270 31594 E C01704/TagSched: [a92ab78be246228] [IsQosHandleOpen]get qosSetHandle_ fail
07-12 20:43:14.288   270 31594 E C01704/TagSched: [a92ab78be246228] [SetQosInternal]qosSetHandle open fail
07-12 20:43:14.288   270 31594 E C01704/TagSched: [a92ab78be246228] [OpenQosCtrl]Failed to open qos_ctrl device
07-12 20:43:14.288   270 31594 E C01704/TagSched: [a92ab78be246228] [IsQosHandleOpen]get qosSetHandle_ fail
07-12 20:43:14.288   270 31594 E C01704/TagSched: [a92ab78be246228] [SetQosInternal]qosSetHandle open fail
07-12 20:43:14.288   270 31594 E C01704/TagSched: [a92ab78be246228] [OpenQosCtrl]Failed to open qos_ctrl device
07-12 20:43:14.288   270 31594 E C01704/TagSched: [a92ab78be246228] [IsQosHandleOpen]get qosSetHandle_ fail
07-12 20:43:14.288   270 31594 E C01704/TagSched: [a92ab78be246228] [SetQosInternal]qosSetHandle open fail
07-12 20:43:14.288   270 31594 E C01704/TagSched: [a92ab78be246228] [OpenQosCtrl]Failed to open qos_ctrl device
07-12 20:43:14.288   270 31594 E C01704/TagSched: [a92ab78be246228] [IsQosHandleOpen]get qosSetHandle_ fail
07-12 20:43:14.288   270 31594 E C01704/TagSched: [a92ab78be246228] [SetQosInternal]qosSetHandle open fail
07-12 20:43:14.288   270 31594 E C01704/TagSched: [a92ab78be246228] [OpenQosCtrl]Failed to open qos_ctrl device
07-12 20:43:14.288   270 31594 E C01704/TagSched: [a92ab78be246228] [IsQosHandleOpen]get qosSetHandle_ fail
07-12 20:43:14.288   270 31594 E C01704/TagSched: [a92ab78be246228] [SetQosInternal]qosSetHandle open fail
07-12 20:43:14.288   270 31594 E C01704/TagSched: [a92ab78be246228] [OpenQosCtrl]Failed to open qos_ctrl device
07-12 20:43:14.288   270 31594 E C01704/TagSched: [a92ab78be246228] [IsQosHandleOpen]get qosSetHandle_ fail
07-12 20:43:14.288   270 31594 E C01704/TagSched: [a92ab78be246228] [SetQosInternal]qosSetHandle open fail
07-12 20:43:14.288   270 31594 E C01704/TagSched: [a92ab78be246228] [OpenQosCtrl]Failed to open qos_ctrl device
07-12 20:43:14.288   270 31594 E C01704/TagSched: [a92ab78be246228] [IsQosHandleOpen]get qosSetHandle_ fail
07-12 20:43:14.288   270 31594 E C01704/TagSched: [a92ab78be246228] [SetQosInternal]qosSetHandle open fail
07-12 20:43:14.288   270 31594 E C01704/TagSched: [a92ab78be246228] [OpenQosCtrl]Failed to open qos_ctrl device
07-12 20:43:14.288   270 31594 E C01704/TagSched: [a92ab78be246228] [IsQosHandleOpen]get qosSetHandle_ fail
07-12 20:43:14.288   270 31594 E C01704/TagSched: [a92ab78be246228] [SetQosInternal]qosSetHandle open fail
07-12 20:43:14.696  1714  1831 I C0430a/file_monitor_service: [MainMissionStatus:197]CanExit
07-12 20:43:14.696  1714  1831 I C0430a/file_monitor_service: [MainMissionStatus:203]SecondaryScanner idle
07-12 20:43:14.826   902  2554 I C01409/APS_MANAGER: SetScene pkgName = com.huawei.hmos.inputmethod, scene = IME_SCENE, state = 1
07-12 20:43:14.826   902  2554 W C01409/APS_MANAGER: FrameRateControl removeSceneInfo: unknow scene!
07-12 20:43:14.827   132 28483 I C02d10/HiView-LogSizeCheck: GetCheckType: curCount:63, incrementCount:1
07-12 20:43:14.854  1504  1504 W A01c06/ICON: AppIconWeatherModel --> initWeatherListener, retryTimes: 4
07-12 20:43:14.855   444  1339 E C01707/CONCUR: [Interface] task 1339 apply qos failed, errno = 4
07-12 20:43:14.856   444  1339 E C01611/QosManager: QosManager: Failed to set thread QoS to QOS_USER_INTERACTIVE, ret: -1
07-12 20:43:14.856   811   994 W C01123/BMSCommon: bundle not exist -n com.huawei.hmsapp.totemweather -u 100 -i 0 -f 32
07-12 20:43:14.856   811   994 W C01121/BMSQuery: GetBundleInfo failed -n com.huawei.hmsapp.totemweather -u 100
07-12 20:43:14.856   444  1339 E C01651/BundleMgrProxy: GetBundleInfoFromBMS: GetBundleInfo failed!bundleName is com.huawei.hmsapp.totemweather, userId is 100
07-12 20:43:14.856   444  1339 E C01651/DataProviderConfig: GetFromProxyData: Get bundleInfo failed! bundleName:com.huawei.hmsapp.totemweather, userId:100, visitedId:100, uri:******icIconInfo
07-12 20:43:14.856   444  1339 E C01651/DataShareServiceImpl: GetBMSAndMetaDataStatus: CalledInfo failed! token:0x2006055d,ret:1001,uri:******icIconInfo
07-12 20:43:14.856   444  1339 E C01651/DataShareServiceImpl: GetSilentProxyStatus: BMS or metaData not ready to complete, token:0x2006055d, uri:******icIconInfo
07-12 20:43:14.857  1504  1504 E A01c06/ICON: AppIconWeatherModel --> get weather info failed, code: 15700010, message: The DataShareHelper is not initialized successfully.
07-12 20:43:14.858   799 16266 W C057c3/IPCObjectStub: SendRequestInner: Stub(desc:*.ClientToServiceConnection) code:40960 cost:552ms
07-12 20:43:14.904 31583 31583 I C02699/graphic_memory: pid=113, gl=0
07-12 20:43:14.904 31583 31583 E C02699/file_helper: file[/proc/process_dmabuf_info] open failed.
07-12 20:43:14.904 31583 31583 I C02699/graphic_memory: pid=113, graph=0
07-12 20:43:14.936   444 31572 I C01630/DistributedDB: before open db,db file: [size: 65536, mtime: 1783585847, inode: 824403]; db wal file: [size: 0, mtime: 1783585847, inode: 824407]; db shm file: [size: 32768, mtime: 1783856587, inode: 824408]; db dwr file: [stat() failed, errCode: -1, errno: 2]; 
07-12 20:43:14.937   444 31572 I C01610/Security: GetFileSecurityOption: get security option s1
07-12 20:43:14.938   444 31572 I C01630/DistributedDB: [SqlSingleUp] metaSplit[0], secLabel[2], secFlag[0], version[104]
07-12 20:43:14.938   444 31572 I C01630/DistributedDB: [SqlSinEngine] create cloud log table success
07-12 20:43:14.952   307 31427 W C01f04/MultiSimontroller: [GetSimAccountInfo-(multi_sim_controller.cpp:1141)] slotId 0 is invalid
07-12 20:43:14.952   307 31427 E C01f04/TelephonySubsystem: GetSimAccountInfo fail!
07-12 20:43:14.968 31583 31583 E C02517/hdf_memorytracker_impl: GetDevMem, dlopen libmemorytracker failed!
07-12 20:43:15.080   416   424 W C01c42/TimeService: uid:1096 id:3141527 wk:0
07-12 20:43:15.080   416   424 W C01c42/TimeService: id:3141527 we:32432965
07-12 20:43:15.080   416   424 W C01c42/TimeService: t3 32430440
07-12 20:43:15.114   132 28483 I C02c02/PARAM: SystemSetParameter name persist.hiviewdfx.priv.logsizecheck.count id:68 ret:0
07-12 20:43:15.387   444 31572 I C01630/DistributedDB: [SqlSinStore] [] Get schema error:-1003.
07-12 20:43:15.422   444 31572 W C01630/DistributedDB: [InitCurrentMaxStamp] Reset statement failed: -100
07-12 20:43:15.423   444 31572 I C01630/DistributedDB: [SingleSyncEngine] start auto subscribe timerId=56 finished
07-12 20:43:15.424   444 31572 I C01630/DistributedDB: [SyncEngine] dual tuple mode, original identifier=D24, target identifier=F9C
07-12 20:43:15.424   444 31572 I C01630/DistributedDB: [CommAggr][Alloc] Label=F9C.
07-12 20:43:15.424   444 31572 I C01630/DistributedDB: [SyncEngine] Engine [D24] init ok
07-12 20:43:15.424   444 31572 I C01630/DistributedDB: [CommAggr][Activate] Label=F9C.
07-12 20:43:15.429   444 31572 I C01630/DistributedDB: [KVDB] [StartSyncerWithNoLock] [ŇH] event=3
07-12 20:43:15.434   444 31572 I C01630/DistributedDB: Database identifier:d24804, dir:0f6192
07-12 20:43:15.435   444 31572 I C01630/DistributedDB: [Syncer] EnableAutoSync enable = 0, Label=D24804
07-12 20:43:15.435   444 31572 I C01630/DistributedDB: Set the max value size to 16777216
07-12 20:43:15.435   444 31572 I C01630/DistributedDB: KV set storeId[Dat***] property from [0] to [1]
07-12 20:43:15.435   444 31572 E C01614/ObserverFactory: GetObserver: GetObserver failed, intention: DataHub.
07-12 20:43:15.435   444 31572 E C01614/RuntimeStore: RegisterDataChangedObserver: GetObserver failed, type: DataHub.
07-12 20:43:15.435   444 31572 W C01614/StoreCache: operator(): RegisterDataChangedObserver fail, res:1
07-12 20:43:15.705  1714  1831 I C0430a/file_monitor_service: [MainMissionStatus:197]CanExit
07-12 20:43:15.705  1714  1831 I C0430a/file_monitor_service: [MainMissionStatus:203]SecondaryScanner idle
07-12 20:43:15.982  1504  1504 W A01c06/ICON: AppIconWeatherModel --> initWeatherListener, retryTimes: 4
07-12 20:43:15.982   698  1691 I C02986/DisplayPowerBrightness: lux=[0/32427373, 0/32427906, 0/32428046, 0/32428230, 0/32428543, 0/32428948, ], bDelta=5.000000, dDelta=1.000000, size=33
07-12 20:43:15.984   444 31572 I C01630/DistributedDB: Write timestamp:3171438601252647950 timestamp:3171438601252647950, flag:2 modifyTime:17838601959844840 createTime:17838601959844840, key size:123, value size:775
07-12 20:43:15.986   125   129 I C04300/StorageManager: [GetSizeOfPath:194] StorageStatusManager::GetSizeOfPath path is /data, type is free space, size is 4888465408.
07-12 20:43:15.986   125   129 E C04300/StorageManager: [GetFreeSize:90] StorageTotalStatusService::GetFreeSize success, (/data)freeSize=4888465408
07-12 20:43:15.986  1648 31631 I C02d07/Config: refresh free size=4888465408
07-12 20:43:15.999   799 16266 W C057c3/IPCObjectStub: SendRequestInner: Stub(desc:*.ClientToServiceConnection) code:40960 cost:1030ms
07-12 20:43:15.999 31583 31583 I C02699/graphic_memory: pid=125, gl=0
07-12 20:43:15.999 31583 31583 E C02699/file_helper: file[/proc/process_dmabuf_info] open failed.
07-12 20:43:15.999 31583 31583 I C02699/graphic_memory: pid=125, graph=0
07-12 20:43:16.013   130  1110 I C01800/SAMGR: NF SA:65962,902_69455
07-12 20:43:16.017 31583 31583 E C02517/hdf_memorytracker_impl: GetDevMem, dlopen libmemorytracker failed!
07-12 20:43:16.018 31583 31583 I C02699/graphic_memory: pid=126, gl=0
07-12 20:43:16.018 31583 31583 E C02699/file_helper: file[/proc/process_dmabuf_info] open failed.
07-12 20:43:16.035 31583 31583 I C02699/graphic_memory: pid=126, graph=0
07-12 20:43:16.120 31583 31583 E C02517/hdf_memorytracker_impl: GetDevMem, dlopen libmemorytracker failed!
07-12 20:43:16.276   444  1339 E C01707/CONCUR: [Interface] task 1339 apply qos failed, errno = 4
07-12 20:43:16.276   444  1339 E C01611/QosManager: QosManager: Failed to set thread QoS to QOS_USER_INTERACTIVE, ret: -1
07-12 20:43:16.276   130  1110 I C01800/SAMGR: NF SA:65962,902_69456
07-12 20:43:16.295   811   994 W C01123/BMSCommon: bundle not exist -n com.huawei.hmsapp.totemweather -u 100 -i 0 -f 32
07-12 20:43:16.295   811   994 W C01121/BMSQuery: GetBundleInfo failed -n com.huawei.hmsapp.totemweather -u 100
07-12 20:43:16.295   444  1339 E C01651/BundleMgrProxy: GetBundleInfoFromBMS: GetBundleInfo failed!bundleName is com.huawei.hmsapp.totemweather, userId is 100
07-12 20:43:16.295   444  1339 E C01651/DataProviderConfig: GetFromProxyData: Get bundleInfo failed! bundleName:com.huawei.hmsapp.totemweather, userId:100, visitedId:100, uri:******icIconInfo
07-12 20:43:16.295   444  1339 E C01651/DataShareServiceImpl: GetBMSAndMetaDataStatus: CalledInfo failed! token:0x2006055d,ret:1001,uri:******icIconInfo
07-12 20:43:16.295   444  1339 E C01651/DataShareServiceImpl: GetSilentProxyStatus: BMS or metaData not ready to complete, token:0x2006055d, uri:******icIconInfo
07-12 20:43:16.310  1504  1504 E A01c06/ICON: AppIconWeatherModel --> get weather info failed, code: 15700010, message: The DataShareHelper is not initialized successfully.
07-12 20:43:16.311 31583 31583 I C02699/graphic_memory: pid=130, gl=0
07-12 20:43:16.311 31583 31583 E C02699/file_helper: file[/proc/process_dmabuf_info] open failed.
07-12 20:43:16.311 31583 31583 I C02699/graphic_memory: pid=130, graph=0
07-12 20:43:16.343 31583 31583 E C02517/hdf_memorytracker_impl: GetDevMem, dlopen libmemorytracker failed!
07-12 20:43:16.344 31583 31583 I C02699/graphic_memory: pid=131, gl=0
07-12 20:43:16.344 31583 31583 E C02699/file_helper: file[/proc/process_dmabuf_info] open failed.
07-12 20:43:16.344 31583 31583 I C02699/graphic_memory: pid=131, graph=0
07-12 20:43:16.448   132 11100 I C02d10/CpuCollector: CalculateProcessCpuStatInfos: startTime=1783860186093, endTime=1783860196448, startBootTime=32419058, endBootTime=32429414, period=10356, isNeedUpdate=1
07-12 20:43:16.448   132 11100 W C02d10/UCollectUtil-CpuCalculator: CalculateCpuLoad: invalid num of max cpu load unit
07-12 20:43:16.448   132 11100 W C02d10/UCollectUtil-CpuCalculator: CalculateCpuLoad: invalid num of max cpu load unit
07-12 20:43:16.448   132 11100 W C02d10/UCollectUtil-CpuCalculator: CalculateCpuLoad: invalid num of max cpu load unit
07-12 20:43:16.448   132 11100 W C02d10/UCollectUtil-CpuCalculator: CalculateCpuLoad: invalid num of max cpu load unit
07-12 20:43:16.448   132 11100 W C02d10/UCollectUtil-CpuCalculator: CalculateCpuLoad: invalid num of max cpu load unit
07-12 20:43:16.449   132 11100 W C02d10/UCollectUtil-CpuCalculator: CalculateCpuLoad: invalid num of max cpu load unit
07-12 20:43:16.449   132 11100 W C02d10/UCollectUtil-CpuCalculator: CalculateCpuLoad: invalid num of max cpu load unit
07-12 20:43:16.449   132 11100 W C02d10/UCollectUtil-CpuCalculator: CalculateCpuLoad: invalid num of max cpu load unit
07-12 20:43:16.449   132 11100 W C02d10/UCollectUtil-CpuCalculator: CalculateCpuLoad: invalid num of max cpu load unit
07-12 20:43:16.449   132 11100 W C02d10/UCollectUtil-CpuCalculator: CalculateCpuLoad: invalid num of max cpu load unit
07-12 20:43:16.449   132 11100 W C02d10/UCollectUtil-CpuCalculator: CalculateCpuLoad: invalid num of max cpu load unit
07-12 20:43:16.449   132 11100 W C02d10/UCollectUtil-CpuCalculator: CalculateCpuLoad: invalid num of max cpu load unit
07-12 20:43:16.449   132 11100 W C02d10/UCollectUtil-CpuCalculator: CalculateCpuLoad: invalid num of max cpu load unit
07-12 20:43:16.449   132 11100 W C02d10/UCollectUtil-CpuCalculator: CalculateCpuLoad: invalid num of max cpu load unit
07-12 20:43:16.449   132 11100 W C02d10/UCollectUtil-CpuCalculator: CalculateCpuLoad: invalid num of max cpu load unit
07-12 20:43:16.449   132 11100 W C02d10/UCollectUtil-CpuCalculator: CalculateCpuLoad: invalid num of max cpu load unit
07-12 20:43:16.449   132 11100 W C02d10/UCollectUtil-CpuCalculator: CalculateCpuLoad: invalid num of max cpu load unit
07-12 20:43:16.449   132 11100 W C02d10/UCollectUtil-CpuCalculator: CalculateCpuLoad: invalid num of max cpu load unit
07-12 20:43:16.449   132 11100 W C02d10/UCollectUtil-CpuCalculator: CalculateCpuLoad: invalid num of max cpu load unit
07-12 20:43:16.449   132 11100 W C02d10/UCollectUtil-CpuCalculator: CalculateCpuLoad: invalid num of max cpu load unit
07-12 20:43:16.449   132 11100 W C02d10/UCollectUtil-CpuCalculator: CalculateCpuLoad: invalid num of max cpu load unit
07-12 20:43:16.449   132 11100 W C02d10/UCollectUtil-CpuCalculator: CalculateCpuLoad: invalid num of max cpu load unit
07-12 20:43:16.449   132 11100 W C02d10/UCollectUtil-CpuCalculator: CalculateCpuLoad: invalid num of max cpu load unit
07-12 20:43:16.449   132 11100 W C02d10/UCollectUtil-CpuCalculator: CalculateCpuLoad: invalid num of max cpu load unit
07-12 20:43:16.449   132 11100 W C02d10/UCollectUtil-CpuCalculator: CalculateCpuLoad: invalid num of max cpu load unit
07-12 20:43:16.450   132 11100 W C02d10/UCollectUtil-CpuCalculator: CalculateCpuLoad: invalid num of max cpu load unit
07-12 20:43:16.450   132 11100 W C02d10/UCollectUtil-CpuCalculator: CalculateCpuLoad: invalid num of max cpu load unit
07-12 20:43:16.450   132 11100 W C02d10/UCollectUtil-CpuCalculator: CalculateCpuLoad: invalid num of max cpu load unit
07-12 20:43:16.450   132 11100 W C02d10/UCollectUtil-CpuCalculator: CalculateCpuLoad: invalid num of max cpu load unit
07-12 20:43:16.450   132 11100 W C02d10/UCollectUtil-CpuCalculator: CalculateCpuLoad: invalid num of max cpu load unit
07-12 20:43:16.450   132 11100 W C02d10/UCollectUtil-CpuCalculator: CalculateCpuLoad: invalid num of max cpu load unit
07-12 20:43:16.450   132 11100 W C02d10/UCollectUtil-CpuCalculator: CalculateCpuLoad: invalid num of max cpu load unit
07-12 20:43:16.459   132 11100 W C02d10/UCollectUtil-CpuCalculator: CalculateCpuLoad: invalid num of max cpu load unit
07-12 20:43:16.459   132 11100 W C02d10/UCollectUtil-CpuCalculator: CalculateCpuLoad: invalid num of max cpu load unit
07-12 20:43:16.459   132 11100 W C02d10/UCollectUtil-CpuCalculator: CalculateCpuLoad: invalid num of max cpu load unit
07-12 20:43:16.459   132 11100 W C02d10/UCollectUtil-CpuCalculator: CalculateCpuLoad: invalid num of max cpu load unit
07-12 20:43:16.459   132 11100 W C02d10/UCollectUtil-CpuCalculator: CalculateCpuLoad: invalid num of max cpu load unit
07-12 20:43:16.459   132 11100 W C02d10/UCollectUtil-CpuCalculator: CalculateCpuLoad: invalid num of max cpu load unit
07-12 20:43:16.459   132 11100 W C02d10/UCollectUtil-CpuCalculator: CalculateCpuLoad: invalid num of max cpu load unit
07-12 20:43:16.459   132 11100 W C02d10/UCollectUtil-CpuCalculator: CalculateCpuLoad: invalid num of max cpu load unit
07-12 20:43:16.459   132 11100 W C02d10/UCollectUtil-CpuCalculator: CalculateCpuLoad: invalid num of max cpu load unit
07-12 20:43:16.459   132 11100 W C02d10/UCollectUtil-CpuCalculator: CalculateCpuLoad: invalid num of max cpu load unit
07-12 20:43:16.459   132 11100 W C02d10/UCollectUtil-CpuCalculator: CalculateCpuLoad: invalid num of max cpu load unit
07-12 20:43:16.459   132 11100 W C02d10/UCollectUtil-CpuCalculator: CalculateCpuLoad: invalid num of max cpu load unit
07-12 20:43:16.459   132 11100 W C02d10/UCollectUtil-CpuCalculator: CalculateCpuLoad: invalid num of max cpu load unit
07-12 20:43:16.459   132 11100 W C02d10/UCollectUtil-CpuCalculator: CalculateCpuLoad: invalid num of max cpu load unit
07-12 20:43:16.460   132 11100 W C02d10/UCollectUtil-CpuCalculator: CalculateCpuLoad: invalid num of max cpu load unit
07-12 20:43:16.460   132 11100 W C02d10/UCollectUtil-CpuCalculator: CalculateCpuLoad: invalid num of max cpu load unit
07-12 20:43:16.460   132 11100 W C02d10/UCollectUtil-CpuCalculator: CalculateCpuLoad: invalid num of max cpu load unit
07-12 20:43:16.460   132 11100 W C02d10/UCollectUtil-CpuCalculator: CalculateCpuLoad: invalid num of max cpu load unit
07-12 20:43:16.460   132 11100 W C02d10/UCollectUtil-CpuCalculator: CalculateCpuLoad: invalid num of max cpu load unit
07-12 20:43:16.460   132 11100 W C02d10/UCollectUtil-CpuCalculator: CalculateCpuLoad: invalid num of max cpu load unit
07-12 20:43:16.460   132 11100 W C02d10/UCollectUtil-CpuCalculator: CalculateCpuLoad: invalid num of max cpu load unit
07-12 20:43:16.460   132 11100 W C02d10/UCollectUtil-CpuCalculator: CalculateCpuLoad: invalid num of max cpu load unit
07-12 20:43:16.460   132 11100 W C02d10/UCollectUtil-CpuCalculator: CalculateCpuLoad: invalid num of max cpu load unit
07-12 20:43:16.460   132 11100 W C02d10/UCollectUtil-CpuCalculator: CalculateCpuLoad: invalid num of max cpu load unit
07-12 20:43:16.460   132 11100 W C02d10/UCollectUtil-CpuCalculator: CalculateCpuLoad: invalid num of max cpu load unit
07-12 20:43:16.460   132 11100 W C02d10/UCollectUtil-CpuCalculator: CalculateCpuLoad: invalid num of max cpu load unit
07-12 20:43:16.460   132 11100 W C02d10/UCollectUtil-CpuCalculator: CalculateCpuLoad: invalid num of max cpu load unit
07-12 20:43:16.479   132 11100 W C02d10/UCollectUtil-CpuCalculator: CalculateCpuLoad: invalid num of max cpu load unit
07-12 20:43:16.479   132 11100 W C02d10/UCollectUtil-CpuCalculator: CalculateCpuLoad: invalid num of max cpu load unit
07-12 20:43:16.479   132 11100 W C02d10/UCollectUtil-CpuCalculator: CalculateCpuLoad: invalid num of max cpu load unit
07-12 20:43:16.479   132 11100 W C02d10/UCollectUtil-CpuCalculator: CalculateCpuLoad: invalid num of max cpu load unit
07-12 20:43:16.480   132 11100 W C02d10/UCollectUtil-CpuCalculator: CalculateCpuLoad: invalid num of max cpu load unit
07-12 20:43:16.480   132 11100 W C02d10/UCollectUtil-CpuCalculator: CalculateCpuLoad: invalid num of max cpu load unit
07-12 20:43:16.480   132 11100 W C02d10/UCollectUtil-CpuCalculator: CalculateCpuLoad: invalid num of max cpu load unit
07-12 20:43:16.498   444 31572 I C01630/DistributedDB: [Syncer] LocalDataChanged no online standard devices, Label=7EDC83
07-12 20:43:16.500   132 11100 W C02d10/UCollectUtil-CpuCalculator: CalculateCpuLoad: invalid num of max cpu load unit
07-12 20:43:16.500   132 11100 W C02d10/UCollectUtil-CpuCalculator: CalculateCpuLoad: invalid num of max cpu load unit
07-12 20:43:16.500   132 11100 W C02d10/UCollectUtil-CpuCalculator: CalculateCpuLoad: invalid num of max cpu load unit
07-12 20:43:16.500   132 11100 W C02d10/UCollectUtil-CpuCalculator: CalculateCpuLoad: invalid num of max cpu load unit
07-12 20:43:16.500   132 11100 W C02d10/UCollectUtil-CpuCalculator: CalculateCpuLoad: invalid num of max cpu load unit
07-12 20:43:16.500   132 11100 W C02d10/UCollectUtil-CpuCalculator: CalculateCpuLoad: invalid num of max cpu load unit
07-12 20:43:16.500   132 11100 W C02d10/UCollectUtil-CpuCalculator: CalculateCpuLoad: invalid num of max cpu load unit
07-12 20:43:16.500   132 11100 W C02d10/UCollectUtil-CpuCalculator: CalculateCpuLoad: invalid num of max cpu load unit
07-12 20:43:16.500   132 11100 W C02d10/UCollectUtil-CpuCalculator: CalculateCpuLoad: invalid num of max cpu load unit
07-12 20:43:16.500   132 11100 W C02d10/UCollectUtil-CpuCalculator: CalculateCpuLoad: invalid num of max cpu load unit
07-12 20:43:16.500   132 11100 W C02d10/UCollectUtil-CpuCalculator: CalculateCpuLoad: invalid num of max cpu load unit
07-12 20:43:16.500   132 11100 W C02d10/UCollectUtil-CpuCalculator: CalculateCpuLoad: invalid num of max cpu load unit
07-12 20:43:16.500   132 11100 W C02d10/UCollectUtil-CpuCalculator: CalculateCpuLoad: invalid num of max cpu load unit
07-12 20:43:16.500   132 11100 W C02d10/UCollectUtil-CpuCalculator: CalculateCpuLoad: invalid num of max cpu load unit
07-12 20:43:16.500   132 11100 W C02d10/UCollectUtil-CpuCalculator: CalculateCpuLoad: invalid num of max cpu load unit
07-12 20:43:16.500   132 11100 W C02d10/UCollectUtil-CpuCalculator: CalculateCpuLoad: invalid num of max cpu load unit
07-12 20:43:16.500   132 11100 W C02d10/UCollectUtil-CpuCalculator: CalculateCpuLoad: invalid num of max cpu load unit
07-12 20:43:16.500   132 11100 W C02d10/UCollectUtil-CpuCalculator: CalculateCpuLoad: invalid num of max cpu load unit
07-12 20:43:16.500   132 11100 W C02d10/UCollectUtil-CpuCalculator: CalculateCpuLoad: invalid num of max cpu load unit
07-12 20:43:16.500   132 11100 W C02d10/UCollectUtil-CpuCalculator: CalculateCpuLoad: invalid num of max cpu load unit
07-12 20:43:16.500   132 11100 W C02d10/UCollectUtil-CpuCalculator: CalculateCpuLoad: invalid num of max cpu load unit
07-12 20:43:16.500   132 11100 W C02d10/UCollectUtil-CpuCalculator: CalculateCpuLoad: invalid num of max cpu load unit
07-12 20:43:16.500   132 11100 W C02d10/UCollectUtil-CpuCalculator: CalculateCpuLoad: invalid num of max cpu load unit
07-12 20:43:16.500   132 11100 W C02d10/UCollectUtil-CpuCalculator: CalculateCpuLoad: invalid num of max cpu load unit
07-12 20:43:16.500   132 11100 W C02d10/UCollectUtil-CpuCalculator: CalculateCpuLoad: invalid num of max cpu load unit
07-12 20:43:16.500   132 11100 W C02d10/UCollectUtil-CpuCalculator: CalculateCpuLoad: invalid num of max cpu load unit
07-12 20:43:16.500   132 11100 W C02d10/UCollectUtil-CpuCalculator: CalculateCpuLoad: invalid num of max cpu load unit
07-12 20:43:16.500   132 11100 W C02d10/UCollectUtil-CpuCalculator: CalculateCpuLoad: invalid num of max cpu load unit
07-12 20:43:16.500   132 11100 W C02d10/UCollectUtil-CpuCalculator: CalculateCpuLoad: invalid num of max cpu load unit
07-12 20:43:16.500   132 11100 W C02d10/UCollectUtil-CpuCalculator: CalculateCpuLoad: invalid num of max cpu load unit
07-12 20:43:16.500   132 11100 W C02d10/UCollectUtil-CpuCalculator: CalculateCpuLoad: invalid num of max cpu load unit
07-12 20:43:16.500   132 11100 W C02d10/UCollectUtil-CpuCalculator: CalculateCpuLoad: invalid num of max cpu load unit
07-12 20:43:16.500   132 11100 W C02d10/UCollectUtil-CpuCalculator: CalculateCpuLoad: invalid num of max cpu load unit
07-12 20:43:16.500   132 11100 W C02d10/UCollectUtil-CpuCalculator: CalculateCpuLoad: invalid num of max cpu load unit
07-12 20:43:16.500   132 11100 W C02d10/UCollectUtil-CpuCalculator: CalculateCpuLoad: invalid num of max cpu load unit
07-12 20:43:16.500   132 11100 W C02d10/UCollectUtil-CpuCalculator: CalculateCpuLoad: invalid num of max cpu load unit
07-12 20:43:16.500   132 11100 W C02d10/UCollectUtil-CpuCalculator: CalculateCpuLoad: invalid num of max cpu load unit
07-12 20:43:16.500   132 11100 W C02d10/UCollectUtil-CpuCalculator: CalculateCpuLoad: invalid num of max cpu load unit
07-12 20:43:16.500   132 11100 W C02d10/UCollectUtil-CpuCalculator: CalculateCpuLoad: invalid num of max cpu load unit
07-12 20:43:16.500   132 11100 W C02d10/UCollectUtil-CpuCalculator: CalculateCpuLoad: invalid num of max cpu load unit
07-12 20:43:16.500   132 11100 W C02d10/UCollectUtil-CpuCalculator: CalculateCpuLoad: invalid num of max cpu load unit
07-12 20:43:16.500   132 11100 W C02d10/UCollectUtil-CpuCalculator: CalculateCpuLoad: invalid num of max cpu load unit
07-12 20:43:16.500   132 11100 W C02d10/UCollectUtil-CpuCalculator: CalculateCpuLoad: invalid num of max cpu load unit
07-12 20:43:16.500   132 11100 W C02d10/UCollectUtil-CpuCalculator: CalculateCpuLoad: invalid num of max cpu load unit
07-12 20:43:16.500   132 11100 W C02d10/UCollectUtil-CpuCalculator: CalculateCpuLoad: invalid num of max cpu load unit
07-12 20:43:16.500   132 11100 W C02d10/UCollectUtil-CpuCalculator: CalculateCpuLoad: invalid num of max cpu load unit
07-12 20:43:16.500   132 11100 W C02d10/UCollectUtil-CpuCalculator: CalculateCpuLoad: invalid num of max cpu load unit
07-12 20:43:16.500   132 11100 W C02d10/UCollectUtil-CpuCalculator: CalculateCpuLoad: invalid num of max cpu load unit
07-12 20:43:16.500   132 11100 W C02d10/UCollectUtil-CpuCalculator: CalculateCpuLoad: invalid num of max cpu load unit
07-12 20:43:16.500   132 11100 W C02d10/UCollectUtil-CpuCalculator: CalculateCpuLoad: invalid num of max cpu load unit
07-12 20:43:16.500   132 11100 W C02d10/UCollectUtil-CpuCalculator: CalculateCpuLoad: invalid num of max cpu load unit
07-12 20:43:16.500   132 11100 W C02d10/UCollectUtil-CpuCalculator: CalculateCpuLoad: invalid num of max cpu load unit
07-12 20:43:16.500   132 11100 W C02d10/UCollectUtil-CpuCalculator: CalculateCpuLoad: invalid num of max cpu load unit
07-12 20:43:16.500   132 11100 W C02d10/UCollectUtil-CpuCalculator: CalculateCpuLoad: invalid num of max cpu load unit
07-12 20:43:16.500   132 11100 W C02d10/UCollectUtil-CpuCalculator: CalculateCpuLoad: invalid num of max cpu load unit
07-12 20:43:16.500   132 11100 W C02d10/UCollectUtil-CpuCalculator: CalculateCpuLoad: invalid num of max cpu load unit
07-12 20:43:16.500   132 11100 W C02d10/UCollectUtil-CpuCalculator: CalculateCpuLoad: invalid num of max cpu load unit
07-12 20:43:16.501   132 11100 W C02d10/UCollectUtil-CpuCalculator: CalculateCpuLoad: invalid num of max cpu load unit
07-12 20:43:16.501   132 11100 W C02d10/UCollectUtil-CpuCalculator: CalculateCpuLoad: invalid num of max cpu load unit
07-12 20:43:16.501   132 11100 W C02d10/UCollectUtil-CpuCalculator: CalculateCpuLoad: invalid num of max cpu load unit
07-12 20:43:16.501   132 11100 W C02d10/UCollectUtil-CpuCalculator: CalculateCpuLoad: invalid num of max cpu load unit
07-12 20:43:16.501   132 11100 W C02d10/UCollectUtil-CpuCalculator: CalculateCpuLoad: invalid num of max cpu load unit
07-12 20:43:16.501   132 11100 W C02d10/UCollectUtil-CpuCalculator: CalculateCpuLoad: invalid num of max cpu load unit
07-12 20:43:16.501   132 11100 W C02d10/UCollectUtil-CpuCalculator: CalculateCpuLoad: invalid num of max cpu load unit
07-12 20:43:16.501   132 11100 W C02d10/UCollectUtil-CpuCalculator: CalculateCpuLoad: invalid num of max cpu load unit
07-12 20:43:16.501   132 11100 W C02d10/UCollectUtil-CpuCalculator: CalculateCpuLoad: invalid num of max cpu load unit
07-12 20:43:16.501   132 11100 W C02d10/UCollectUtil-CpuCalculator: CalculateCpuLoad: invalid num of max cpu load unit
07-12 20:43:16.501   132 11100 W C02d10/UCollectUtil-CpuCalculator: CalculateCpuLoad: invalid num of max cpu load unit
07-12 20:43:16.501   132 11100 W C02d10/UCollectUtil-CpuCalculator: CalculateCpuLoad: invalid num of max cpu load unit
07-12 20:43:16.501   132 11100 W C02d10/UCollectUtil-CpuCalculator: CalculateCpuLoad: invalid num of max cpu load unit
07-12 20:43:16.501   132 11100 W C02d10/UCollectUtil-CpuCalculator: CalculateCpuLoad: invalid num of max cpu load unit
07-12 20:43:16.501   132 11100 W C02d10/UCollectUtil-CpuCalculator: CalculateCpuLoad: invalid num of max cpu load unit
07-12 20:43:16.501   132 11100 W C02d10/UCollectUtil-CpuCalculator: CalculateCpuLoad: invalid num of max cpu load unit
07-12 20:43:16.501   132 11100 W C02d10/UCollectUtil-CpuCalculator: CalculateCpuLoad: invalid num of max cpu load unit
07-12 20:43:16.501   132 11100 W C02d10/UCollectUtil-CpuCalculator: CalculateCpuLoad: invalid num of max cpu load unit
07-12 20:43:16.501   132 11100 W C02d10/UCollectUtil-CpuCalculator: CalculateCpuLoad: invalid num of max cpu load unit
07-12 20:43:16.501   132 11100 W C02d10/UCollectUtil-CpuCalculator: CalculateCpuLoad: invalid num of max cpu load unit
07-12 20:43:16.501   132 11100 W C02d10/UCollectUtil-CpuCalculator: CalculateCpuLoad: invalid num of max cpu load unit
07-12 20:43:16.501   132 11100 W C02d10/UCollectUtil-CpuCalculator: CalculateCpuLoad: invalid num of max cpu load unit
07-12 20:43:16.501   132 11100 W C02d10/UCollectUtil-CpuCalculator: CalculateCpuLoad: invalid num of max cpu load unit
07-12 20:43:16.501   132 11100 W C02d10/UCollectUtil-CpuCalculator: CalculateCpuLoad: invalid num of max cpu load unit
07-12 20:43:16.501   132 11100 W C02d10/UCollectUtil-CpuCalculator: CalculateCpuLoad: invalid num of max cpu load unit
07-12 20:43:16.501   132 11100 W C02d10/UCollectUtil-CpuCalculator: CalculateCpuLoad: invalid num of max cpu load unit
07-12 20:43:16.501   132 11100 W C02d10/UCollectUtil-CpuCalculator: CalculateCpuLoad: invalid num of max cpu load unit
07-12 20:43:16.501   132 11100 W C02d10/UCollectUtil-CpuCalculator: CalculateCpuLoad: invalid num of max cpu load unit
07-12 20:43:16.501   132 11100 W C02d10/UCollectUtil-CpuCalculator: CalculateCpuLoad: invalid num of max cpu load unit
07-12 20:43:16.501   132 11100 W C02d10/UCollectUtil-CpuCalculator: CalculateCpuLoad: invalid num of max cpu load unit
07-12 20:43:16.501   132 11100 W C02d10/UCollectUtil-CpuCalculator: CalculateCpuLoad: invalid num of max cpu load unit
07-12 20:43:16.501   132 11100 W C02d10/UCollectUtil-CpuCalculator: CalculateCpuLoad: invalid num of max cpu load unit
07-12 20:43:16.501   132 11100 W C02d10/UCollectUtil-CpuCalculator: CalculateCpuLoad: invalid num of max cpu load unit
07-12 20:43:16.501   132 11100 W C02d10/UCollectUtil-CpuCalculator: CalculateCpuLoad: invalid num of max cpu load unit
07-12 20:43:16.501   132 11100 W C02d10/UCollectUtil-CpuCalculator: CalculateCpuLoad: invalid num of max cpu load unit
07-12 20:43:16.501   132 11100 W C02d10/UCollectUtil-CpuCalculator: CalculateCpuLoad: invalid num of max cpu load unit
07-12 20:43:16.501   132 11100 W C02d10/UCollectUtil-CpuCalculator: CalculateCpuLoad: invalid num of max cpu load unit
07-12 20:43:16.501   132 11100 W C02d10/UCollectUtil-CpuCalculator: CalculateCpuLoad: invalid num of max cpu load unit
07-12 20:43:16.501   132 11100 W C02d10/UCollectUtil-CpuCalculator: CalculateCpuLoad: invalid num of max cpu load unit
07-12 20:43:16.501   132 11100 W C02d10/UCollectUtil-CpuCalculator: CalculateCpuLoad: invalid num of max cpu load unit
07-12 20:43:16.501   132 11100 W C02d10/UCollectUtil-CpuCalculator: CalculateCpuLoad: invalid num of max cpu load unit
07-12 20:43:16.501   132 11100 W C02d10/UCollectUtil-CpuCalculator: CalculateCpuLoad: invalid num of max cpu load unit
07-12 20:43:16.501   132 11100 W C02d10/UCollectUtil-CpuCalculator: CalculateCpuLoad: invalid num of max cpu load unit
07-12 20:43:16.501   132 11100 W C02d10/UCollectUtil-CpuCalculator: CalculateCpuLoad: invalid num of max cpu load unit
07-12 20:43:16.502   130  1110 I C01800/SAMGR: NF SA:65962,902_69457
07-12 20:43:16.532   444 31629 I C01610/KvStoreMetaManager: HandleChanges: flag:1, key:KvS***enu
07-12 20:43:16.682   132 11100 W C02d10/UCollectUtil-CpuCalculator: CalculateCpuLoad: invalid num of max cpu load unit
07-12 20:43:16.682   132 11100 W C02d10/UCollectUtil-CpuCalculator: CalculateCpuLoad: invalid num of max cpu load unit
07-12 20:43:16.683   132 11100 W C02d10/UCollectUtil-CpuCalculator: CalculateCpuLoad: invalid num of max cpu load unit
07-12 20:43:16.683   132 11100 W C02d10/UCollectUtil-CpuCalculator: CalculateCpuLoad: invalid num of max cpu load unit
07-12 20:43:16.683   132 11100 W C02d10/UCollectUtil-CpuCalculator: CalculateCpuLoad: invalid num of max cpu load unit
07-12 20:43:16.683   132 11100 W C02d10/UCollectUtil-CpuCalculator: CalculateCpuLoad: invalid num of max cpu load unit
07-12 20:43:16.683   132 11100 W C02d10/UCollectUtil-CpuCalculator: CalculateCpuLoad: invalid num of max cpu load unit
07-12 20:43:16.683   132 11100 W C02d10/UCollectUtil-CpuCalculator: CalculateCpuLoad: invalid num of max cpu load unit
07-12 20:43:16.683   132 11100 W C02d10/UCollectUtil-CpuCalculator: CalculateCpuLoad: invalid num of max cpu load unit
07-12 20:43:16.683   132 11100 W C02d10/UCollectUtil-CpuCalculator: CalculateCpuLoad: invalid num of max cpu load unit
07-12 20:43:16.683   132 11100 W C02d10/UCollectUtil-CpuCalculator: CalculateCpuLoad: invalid num of max cpu load unit
07-12 20:43:16.683   132 11100 W C02d10/UCollectUtil-CpuCalculator: CalculateCpuLoad: invalid num of max cpu load unit
07-12 20:43:16.683   132 11100 W C02d10/UCollectUtil-CpuCalculator: CalculateCpuLoad: invalid num of max cpu load unit
07-12 20:43:16.683   132 11100 W C02d10/UCollectUtil-CpuCalculator: CalculateCpuLoad: invalid num of max cpu load unit
07-12 20:43:16.683   132 11100 W C02d10/UCollectUtil-CpuCalculator: CalculateCpuLoad: invalid num of max cpu load unit
07-12 20:43:16.683   132 11100 W C02d10/UCollectUtil-CpuCalculator: CalculateCpuLoad: invalid num of max cpu load unit
07-12 20:43:16.683   132 11100 W C02d10/UCollectUtil-CpuCalculator: CalculateCpuLoad: invalid num of max cpu load unit
07-12 20:43:16.683   132 11100 W C02d10/UCollectUtil-CpuCalculator: CalculateCpuLoad: invalid num of max cpu load unit
07-12 20:43:16.683   132 11100 W C02d10/UCollectUtil-CpuCalculator: CalculateCpuLoad: invalid num of max cpu load unit
07-12 20:43:16.683   132 11100 W C02d10/UCollectUtil-CpuCalculator: CalculateCpuLoad: invalid num of max cpu load unit
07-12 20:43:16.683   132 11100 W C02d10/UCollectUtil-CpuCalculator: CalculateCpuLoad: invalid num of max cpu load unit
07-12 20:43:16.683   132 11100 W C02d10/UCollectUtil-CpuCalculator: CalculateCpuLoad: invalid num of max cpu load unit
07-12 20:43:16.683   132 11100 W C02d10/UCollectUtil-CpuCalculator: CalculateCpuLoad: invalid num of max cpu load unit
07-12 20:43:16.683   132 11100 W C02d10/UCollectUtil-CpuCalculator: CalculateCpuLoad: invalid num of max cpu load unit
07-12 20:43:16.683   132 11100 W C02d10/UCollectUtil-CpuCalculator: CalculateCpuLoad: invalid num of max cpu load unit
07-12 20:43:16.683   132 11100 W C02d10/UCollectUtil-CpuCalculator: CalculateCpuLoad: invalid num of max cpu load unit
07-12 20:43:16.683   132 11100 W C02d10/UCollectUtil-CpuCalculator: CalculateCpuLoad: invalid num of max cpu load unit
07-12 20:43:16.683   132 11100 W C02d10/UCollectUtil-CpuCalculator: CalculateCpuLoad: invalid num of max cpu load unit
07-12 20:43:16.683   132 11100 W C02d10/UCollectUtil-CpuCalculator: CalculateCpuLoad: invalid num of max cpu load unit
07-12 20:43:16.683   132 11100 W C02d10/UCollectUtil-CpuCalculator: CalculateCpuLoad: invalid num of max cpu load unit
07-12 20:43:16.683   132 11100 W C02d10/UCollectUtil-CpuCalculator: CalculateCpuLoad: invalid num of max cpu load unit
07-12 20:43:16.683   132 11100 W C02d10/UCollectUtil-CpuCalculator: CalculateCpuLoad: invalid num of max cpu load unit
07-12 20:43:16.683   132 11100 W C02d10/UCollectUtil-CpuCalculator: CalculateCpuLoad: invalid num of max cpu load unit
07-12 20:43:16.683   132 11100 W C02d10/UCollectUtil-CpuCalculator: CalculateCpuLoad: invalid num of max cpu load unit
07-12 20:43:16.683   132 11100 W C02d10/UCollectUtil-CpuCalculator: CalculateCpuLoad: invalid num of max cpu load unit
07-12 20:43:16.683   132 11100 W C02d10/UCollectUtil-CpuCalculator: CalculateCpuLoad: invalid num of max cpu load unit
07-12 20:43:16.683   132 11100 W C02d10/UCollectUtil-CpuCalculator: CalculateCpuLoad: invalid num of max cpu load unit
07-12 20:43:16.683   132 11100 W C02d10/UCollectUtil-CpuCalculator: CalculateCpuLoad: invalid num of max cpu load unit
07-12 20:43:16.683   132 11100 W C02d10/UCollectUtil-CpuCalculator: CalculateCpuLoad: invalid num of max cpu load unit
07-12 20:43:16.683   132 11100 W C02d10/UCollectUtil-CpuCalculator: CalculateCpuLoad: invalid num of max cpu load unit
07-12 20:43:16.705   130  1110 I C01800/SAMGR: NF SA:65962,902_69458
07-12 20:43:16.706  1714  1831 I C0430a/file_monitor_service: [MainMissionStatus:197]CanExit
07-12 20:43:16.706  1714  1831 I C0430a/file_monitor_service: [MainMissionStatus:203]SecondaryScanner idle
07-12 20:43:16.723  1006 31628 I C01562/ScanStateMachine: CommonScan::ExecuteStateMsg.
07-12 20:43:16.723  1006 31628 I C01562/ScanStateMachine: HardwareReady::ExecuteStateMsg.
07-12 20:43:16.723  1006 31628 I C01562/ScanStateMachine: Enter ReportScanInnerEvent, event is 200.
07-12 20:43:16.723  1006 31628 I C01562/ScanService: Enter HandleScanStatusReport, status:6
07-12 20:43:16.723  1006 31628 I C01562/ScanService: Enter HandleInnerEventReport.
07-12 20:43:16.723  1006 31628 I C01562/ScanService: Enter StartSystemTimerScan, scanAtOnce: 1.
07-12 20:43:16.723  1006 31628 I C01562/ScanService: Enter AllowSystemTimerScan.
07-12 20:43:16.723  1006 31628 I C01562/ScanService: Enter AllowScanDuringStaScene, staScene:3, scanMode:6
07-12 20:43:16.723  1006 31628 I C01562/ScanService: Enter SystemScanByInterval.
07-12 20:43:16.723  1006 31628 I C01562/ScanService: Enter SystemScanDisconnectedPolicy
07-12 20:43:16.723  1006 31628 I C01562/ScanService: allow system timer scan
07-12 20:43:16.723  1006 31628 I C01562/ScanService: AllowScanByType, scanType:3, scanStyle:0, allScanResult:0
07-12 20:43:16.723  1006 31628 I C01562/ScanService: Enter Scan, scanType:3, scanStyle:0.
07-12 20:43:16.723  1006 31628 I C01562/ScanService: Enter GetHiddenNetworkSsidList.
07-12 20:43:16.723  1006 31628 I C01562/ScanService: Find 0 hidden NetworkSsid.
07-12 20:43:16.723  1006 31628 I C01562/ScanService: Enter SingleScan.
07-12 20:43:16.723  1006 31628 I C01562/ScanService: Enter GetAllowBandFreqsControlInfo.
07-12 20:43:16.723  1006 31628 I C01562/ScanService: Enter AllowScanDuringStaScene, staScene:3, scanMode:8
07-12 20:43:16.723  1006 31628 I C01562/ScanService: Enter AllowScanDuringStaScene, staScene:3, scanMode:9
07-12 20:43:16.723  1006 31628 I C01562/ScanService: Enter StoreRequestScanConfig.
07-12 20:43:16.723  1006 31628 I C01562/ScanService: StoreRequestScanConfig, add success, scanConfigStoreIndex: 545
07-12 20:43:16.723  1006 31628 I C01562/ScanService: Enter AddScanMessageBody.
07-12 20:43:16.723  1006 31628 I C01562/ScanService: StartSystemTimerScan, scanTime: 60,  interval:60,  count:545
07-12 20:43:16.723  1006 31628 I C01562/ScanStateMachine: CommonScanRequestProcess.
07-12 20:43:16.723  1006 31628 I C01562/ScanStateMachine: Enter GetRequestMsgInfo.
07-12 20:43:16.723  1006 31628 I C01562/ScanStateMachine: Enter GetCommonScanConfig.
07-12 20:43:16.723  1006 31628 I C01562/ScanStateMachine: Enter StartNewCommonScan.
07-12 20:43:16.723  1006 31628 E C01562/ScanStateMachine: invalid scan style.
07-12 20:43:16.723  1006 31628 I C01562/ScanStateMachine: Enter StartSingleCommonScan.
07-12 20:43:16.723  1006 31628 I C01562/ScanStateMachine: Begin call Scan.
07-12 20:43:16.880   902  6971 I C01409/APS_MANAGER: SetScene pkgName = com.huawei.hmos.inputmethod, scene = IME_SCENE, state = 1
07-12 20:43:16.880   902  6971 W C01409/APS_MANAGER: FrameRateControl removeSceneInfo: unknow scene!
07-12 20:43:16.904   444 31572 I C01630/DistributedDB: before open db,db file: [size: 65536, mtime: 1783585847, inode: 824414]; db wal file: [size: 0, mtime: 1783585847, inode: 824415]; db shm file: [size: 32768, mtime: 1783856587, inode: 824416]; db dwr file: [stat() failed, errCode: -1, errno: 2]; 
07-12 20:43:17.000 31635 31635 W C02c02/PARAM: Selinux check name persist.init.debug.loglevel in u:object_r:startup_init_param:s0 [31635 2000 2000] failed
07-12 20:43:17.000 31635 31635 W C02c02/PARAM: Selinux check name persist.init.debug.loglevel in u:object_r:startup_init_param:s0 [31635 2000 2000] failed
07-12 20:43:17.000 31635 31635 W C02c02/PARAM: SystemReadParam failed!name is:persist.init.debug.loglevel,err:1002
07-12 20:43:17.003  2346  2346 I C02500/Qemud: Guest heartbeat success.
07-12 20:43:17.003 31583 31583 E C02517/hdf_memorytracker_impl: GetDevMem, dlopen libmemorytracker failed!
07-12 20:43:17.023   444 31572 I C01610/Security: GetFileSecurityOption: get security option s1
07-12 20:43:17.024   444 31572 I C01630/DistributedDB: [SqlSingleUp] metaSplit[0], secLabel[2], secFlag[0], version[104]
07-12 20:43:17.024   444 31572 I C01630/DistributedDB: [SqlSinEngine] create cloud log table success
07-12 20:43:17.025   444 31572 I C01630/DistributedDB: [SqlSinStore] [] Get schema error:-1003.
07-12 20:43:17.026   444 31572 W C01630/DistributedDB: [InitCurrentMaxStamp] Reset statement failed: -100
07-12 20:43:17.117   444 31629 I C05787/LnnState: SetDataLevel# SetDataLevel, dynamic: 1, static: 0, switch: 4294967295, switchLen: 0
07-12 20:43:17.118   665   666 I C05782/LnnLedger: LnnSetDataLevel# LnnSetDataLevel, dynamic: 1, static: 0, switch: 4294967295, switchLen: 0
07-12 20:43:17.118   444 31572 I C01630/DistributedDB: [SingleSyncEngine] start auto subscribe timerId=57 finished
07-12 20:43:17.118   444 31572 I C01630/DistributedDB: [SyncEngine] dual tuple mode, original identifier=516, target identifier=8A5
07-12 20:43:17.118   444 31572 I C01630/DistributedDB: [CommAggr][Alloc] Label=8A5.
07-12 20:43:17.118   444 31572 I C01630/DistributedDB: [SyncEngine] Engine [516] init ok
07-12 20:43:17.118   444 31572 I C01630/DistributedDB: [CommAggr][Activate] Label=8A5.
07-12 20:43:17.118   444 31572 I C01630/DistributedDB: [KVDB] [StartSyncerWithNoLock] [Qc8] event=3
07-12 20:43:17.231   444 31572 I C01630/DistributedDB: Database identifier:516338, dir:99af66
07-12 20:43:17.231   444 31572 I C01630/DistributedDB: [Syncer] EnableAutoSync enable = 0, Label=516338
07-12 20:43:17.231   444 31572 I C01630/DistributedDB: Set the max value size to 16777216
07-12 20:43:17.231   444 31572 I C01630/DistributedDB: KV set storeId[Men***] property from [0] to [1]
07-12 20:43:17.232   444 31572 E C01614/ObserverFactory: GetObserver: GetObserver failed, intention: Menu.
07-12 20:43:17.232   444 31572 E C01614/RuntimeStore: RegisterDataChangedObserver: GetObserver failed, type: Menu.
07-12 20:43:17.232   444 31572 W C01614/StoreCache: operator(): RegisterDataChangedObserver fail, res:1
07-12 20:43:17.238   444 31572 I C01630/DistributedDB: Write timestamp:3171438601265183510 timestamp:3171438601265183510, flag:2 modifyTime:17838601972380400 createTime:17838601972380400, key size:130, value size:782
07-12 20:43:17.265   130  1110 I C01800/SAMGR: NF SA:65962,902_69459
07-12 20:43:17.314  1504  1504 W A01c06/ICON: AppIconWeatherModel --> initWeatherListener, retryTimes: 4
07-12 20:43:17.315  1006 31628 I C01560/WifiStaHalInterface: call WifiStaHalInterface::0!
07-12 20:43:17.363   811 31568 I C01202/Unordered: Pid 1006 publish usual.event.wifi.SCAN_START to -1 end(1,1,0,0)
07-12 20:43:17.363   307 31427 I C01f0b/Common: WifiScan start type=0
07-12 20:43:17.364  1504  1725 I C03f05/NAPI: taskpool:: A:3, R:0, I:3, O:0
07-12 20:43:17.372   444 31572 I C01630/DistributedDB: [Syncer] LocalDataChanged no online standard devices, Label=7EDC83
07-12 20:43:17.480   416   424 W C01c42/TimeService: uid:7023 id:2070130335 wk:0
07-12 20:43:17.480   416   424 W C01c42/TimeService: id:2070130335 we:32730440
07-12 20:43:17.480   444 31629 I C01610/KvStoreMetaManager: HandleChanges: flag:1, key:KvS***are
07-12 20:43:17.480   416   424 W C01c42/TimeService: t3 32432965
07-12 20:43:17.489  1724  2026 I C02b70/MediaLibrary: DfxAnalyzer:{FlushCommonBehaviorForFuseGetAttr:90} Enter DfxAnalyzer::FlushCommonBehaviorForFuseGetAttr
07-12 20:43:17.514   590   598 I C01566/HDF_LOG_TAG: start scan
07-12 20:43:17.515  1252  1267 I C05200/wpa_supplicant: nl80211: Drv Event 33 (NL80211_CMD_TRIGGER_SCAN) received for wlan0
07-12 20:43:17.515  1252  1267 I C05200/wpa_supplicant: wlan0: Event SCAN_STARTED (47) received
07-12 20:43:17.515  1006 31628 I C01560/HalDeviceManager: Scan success
07-12 20:43:17.515  1006 31628 I C01562/ScanStateMachine: End call Scan.
07-12 20:43:17.515  1006 31628 E C01560/OHWIFI_STATE_MACHINE: SwitchState, Switch to targetState: CommonScanning.
07-12 20:43:17.515  1006 31628 I C01562/ScanStateMachine: StartNewCommonScan success.
07-12 20:43:17.515  1006 31628 I C01562/ScanStateMachine: Enter CommonScanUnworked::GoOutState.
07-12 20:43:17.515  1006 31628 I C01562/ScanStateMachine: Enter CommonScanning::GoInState.
07-12 20:43:17.639   397  2089 I C05300/push60100022: [a92ab10d05d716c] RescheduleKernelTimerLocked, nextNonWakeup: 32634591, bootTime: 32430605
07-12 20:43:17.640   595   597 I C02511/HDF_LOG_TAG: [a92abd8be5780e4] BL active,T=65
07-12 20:43:17.640   698   698 E C02510/power_interface_proxy: [a92abd8be5780e4] HoldRunningLockExt_ failed, error code is -1
07-12 20:43:17.640   698   698 E C02908/PowerRunningLock: [a92abd8be5780e4] try lock increase fail,N:push_manager_service_timerCallback_33712,T:65,C:0
07-12 20:43:17.640   698   698 I C02908/PowerRunningLock: [a92abd8be5780e4] Timerid=3784,Ms=5000
07-12 20:43:17.650   397 31643 I C05300/push60100022: [a92ab10d05d716c] Callback by core timer:system_circulator_timer
07-12 20:43:17.651   397 31645 I C05300/push60100022: [a92ab10d05d716c] Execute cycleTrigger task
07-12 20:43:17.808  1714  1831 I C0430a/file_monitor_service: [MainMissionStatus:197]CanExit
07-12 20:43:17.827  1714  1831 I C0430a/file_monitor_service: [MainMissionStatus:203]SecondaryScanner idle
07-12 20:43:17.875   444 31572 I C01630/DistributedDB: before open db,db file: [size: 65536, mtime: 1783585847, inode: 824422]; db wal file: [size: 0, mtime: 1783585847, inode: 824423]; db shm file: [size: 32768, mtime: 1783856587, inode: 824424]; db dwr file: [stat() failed, errCode: -1, errno: 2]; 
07-12 20:43:17.889   130  1110 I C01800/SAMGR: NF SA:65962,902_69460
07-12 20:43:17.952   595   597 I C02511/HDF_LOG_TAG: [a92ab10d05d716c] BL active,T=65
07-12 20:43:17.953   698   698 E C02510/power_interface_proxy: [a92ab10d05d716c] HoldRunningLockExt_ failed, error code is -1
