07-12 20:43:06.245   132 11100 W C02d10/UCollectUtil-CpuCalculator: CalculateCpuLoad: invalid num of max cpu load unit
07-12 20:43:06.245   132 11100 W C02d10/UCollectUtil-CpuCalculator: CalculateCpuLoad: invalid num of max cpu load unit
07-12 20:43:06.245   132 11100 W C02d10/UCollectUtil-CpuCalculator: CalculateCpuLoad: invalid num of max cpu load unit
07-12 20:43:06.245   132 11100 W C02d10/UCollectUtil-CpuCalculator: CalculateCpuLoad: invalid num of max cpu load unit
07-12 20:43:06.245   132 11100 W C02d10/UCollectUtil-CpuCalculator: CalculateCpuLoad: invalid num of max cpu load unit
07-12 20:43:06.245   132 11100 W C02d10/UCollectUtil-CpuCalculator: CalculateCpuLoad: invalid num of max cpu load unit
07-12 20:43:06.245   132 11100 W C02d10/UCollectUtil-CpuCalculator: CalculateCpuLoad: invalid num of max cpu load unit
07-12 20:43:06.245   132 11100 W C02d10/UCollectUtil-CpuCalculator: CalculateCpuLoad: invalid num of max cpu load unit
07-12 20:43:06.245   132 11100 W C02d10/UCollectUtil-CpuCalculator: CalculateCpuLoad: invalid num of max cpu load unit
07-12 20:43:06.245   132 11100 W C02d10/UCollectUtil-CpuCalculator: CalculateCpuLoad: invalid num of max cpu load unit
07-12 20:43:06.245   132 11100 W C02d10/UCollectUtil-CpuCalculator: CalculateCpuLoad: invalid num of max cpu load unit
07-12 20:43:06.245   132 11100 W C02d10/UCollectUtil-CpuCalculator: CalculateCpuLoad: invalid num of max cpu load unit
07-12 20:43:06.245   132 11100 W C02d10/UCollectUtil-CpuCalculator: CalculateCpuLoad: invalid num of max cpu load unit
07-12 20:43:06.245   132 11100 W C02d10/UCollectUtil-CpuCalculator: CalculateCpuLoad: invalid num of max cpu load unit
07-12 20:43:06.245   132 11100 W C02d10/UCollectUtil-CpuCalculator: CalculateCpuLoad: invalid num of max cpu load unit
07-12 20:43:06.245   132 11100 W C02d10/UCollectUtil-CpuCalculator: CalculateCpuLoad: invalid num of max cpu load unit
07-12 20:43:06.291   546 31527 I C02300/Locator: request num : 0, invalid request num: 0
07-12 20:43:06.292   132 11100 W C02d10/UCollectUtil-CpuCalculator: CalculateCpuLoad: invalid num of max cpu load unit
07-12 20:43:06.292   132 11100 W C02d10/UCollectUtil-CpuCalculator: CalculateCpuLoad: invalid num of max cpu load unit
07-12 20:43:06.292   132 11100 W C02d10/UCollectUtil-CpuCalculator: CalculateCpuLoad: invalid num of max cpu load unit
07-12 20:43:06.292   132 11100 W C02d10/UCollectUtil-CpuCalculator: CalculateCpuLoad: invalid num of max cpu load unit
07-12 20:43:06.292   132 11100 W C02d10/UCollectUtil-CpuCalculator: CalculateCpuLoad: invalid num of max cpu load unit
07-12 20:43:06.292   132 11100 W C02d10/UCollectUtil-CpuCalculator: CalculateCpuLoad: invalid num of max cpu load unit
07-12 20:43:06.292   132 11100 W C02d10/UCollectUtil-CpuCalculator: CalculateCpuLoad: invalid num of max cpu load unit
07-12 20:43:06.292   132 11100 W C02d10/UCollectUtil-CpuCalculator: CalculateCpuLoad: invalid num of max cpu load unit
07-12 20:43:06.292   132 11100 W C02d10/UCollectUtil-CpuCalculator: CalculateCpuLoad: invalid num of max cpu load unit
07-12 20:43:06.292   132 11100 W C02d10/UCollectUtil-CpuCalculator: CalculateCpuLoad: invalid num of max cpu load unit
07-12 20:43:06.292   132 11100 W C02d10/UCollectUtil-CpuCalculator: CalculateCpuLoad: invalid num of max cpu load unit
07-12 20:43:06.292   132 11100 W C02d10/UCollectUtil-CpuCalculator: CalculateCpuLoad: invalid num of max cpu load unit
07-12 20:43:06.292   132 11100 W C02d10/UCollectUtil-CpuCalculator: CalculateCpuLoad: invalid num of max cpu load unit
07-12 20:43:06.292   132 11100 W C02d10/UCollectUtil-CpuCalculator: CalculateCpuLoad: invalid num of max cpu load unit
07-12 20:43:06.292   132 11100 W C02d10/UCollectUtil-CpuCalculator: CalculateCpuLoad: invalid num of max cpu load unit
07-12 20:43:06.292   132 11100 W C02d10/UCollectUtil-CpuCalculator: CalculateCpuLoad: invalid num of max cpu load unit
07-12 20:43:06.292   132 11100 W C02d10/UCollectUtil-CpuCalculator: CalculateCpuLoad: invalid num of max cpu load unit
07-12 20:43:06.292   132 11100 W C02d10/UCollectUtil-CpuCalculator: CalculateCpuLoad: invalid num of max cpu load unit
07-12 20:43:06.292   132 11100 W C02d10/UCollectUtil-CpuCalculator: CalculateCpuLoad: invalid num of max cpu load unit
07-12 20:43:06.292   132 11100 W C02d10/UCollectUtil-CpuCalculator: CalculateCpuLoad: invalid num of max cpu load unit
07-12 20:43:06.292   132 11100 W C02d10/UCollectUtil-CpuCalculator: CalculateCpuLoad: invalid num of max cpu load unit
07-12 20:43:06.292   132 11100 W C02d10/UCollectUtil-CpuCalculator: CalculateCpuLoad: invalid num of max cpu load unit
07-12 20:43:06.292   132 11100 W C02d10/UCollectUtil-CpuCalculator: CalculateCpuLoad: invalid num of max cpu load unit
07-12 20:43:06.292   132 11100 W C02d10/UCollectUtil-CpuCalculator: CalculateCpuLoad: invalid num of max cpu load unit
07-12 20:43:06.292   132 11100 W C02d10/UCollectUtil-CpuCalculator: CalculateCpuLoad: invalid num of max cpu load unit
07-12 20:43:06.292   132 11100 W C02d10/UCollectUtil-CpuCalculator: CalculateCpuLoad: invalid num of max cpu load unit
07-12 20:43:06.292   132 11100 W C02d10/UCollectUtil-CpuCalculator: CalculateCpuLoad: invalid num of max cpu load unit
07-12 20:43:06.292   132 11100 W C02d10/UCollectUtil-CpuCalculator: CalculateCpuLoad: invalid num of max cpu load unit
07-12 20:43:06.292   132 11100 W C02d10/UCollectUtil-CpuCalculator: CalculateCpuLoad: invalid num of max cpu load unit
07-12 20:43:06.292   132 11100 W C02d10/UCollectUtil-CpuCalculator: CalculateCpuLoad: invalid num of max cpu load unit
07-12 20:43:06.292   132 11100 W C02d10/UCollectUtil-CpuCalculator: CalculateCpuLoad: invalid num of max cpu load unit
07-12 20:43:06.292   132 11100 W C02d10/UCollectUtil-CpuCalculator: CalculateCpuLoad: invalid num of max cpu load unit
07-12 20:43:06.391   132 11100 W C02d10/UCollectUtil-CpuCalculator: CalculateCpuLoad: invalid num of max cpu load unit
07-12 20:43:06.391   132 11100 W C02d10/UCollectUtil-CpuCalculator: CalculateCpuLoad: invalid num of max cpu load unit
07-12 20:43:06.391   132 11100 W C02d10/UCollectUtil-CpuCalculator: CalculateCpuLoad: invalid num of max cpu load unit
07-12 20:43:06.391   132 11100 W C02d10/UCollectUtil-CpuCalculator: CalculateCpuLoad: invalid num of max cpu load unit
07-12 20:43:06.391   132 11100 W C02d10/UCollectUtil-CpuCalculator: CalculateCpuLoad: invalid num of max cpu load unit
07-12 20:43:06.391   132 11100 W C02d10/UCollectUtil-CpuCalculator: CalculateCpuLoad: invalid num of max cpu load unit
07-12 20:43:06.391   132 11100 W C02d10/UCollectUtil-CpuCalculator: CalculateCpuLoad: invalid num of max cpu load unit
07-12 20:43:06.391   132 11100 W C02d10/UCollectUtil-CpuCalculator: CalculateCpuLoad: invalid num of max cpu load unit
07-12 20:43:06.391   132 11100 W C02d10/UCollectUtil-CpuCalculator: CalculateCpuLoad: invalid num of max cpu load unit
07-12 20:43:06.391   132 11100 W C02d10/UCollectUtil-CpuCalculator: CalculateCpuLoad: invalid num of max cpu load unit
07-12 20:43:06.391   132 11100 W C02d10/UCollectUtil-CpuCalculator: CalculateCpuLoad: invalid num of max cpu load unit
07-12 20:43:06.391   132 11100 W C02d10/UCollectUtil-CpuCalculator: CalculateCpuLoad: invalid num of max cpu load unit
07-12 20:43:06.391   132 11100 W C02d10/UCollectUtil-CpuCalculator: CalculateCpuLoad: invalid num of max cpu load unit
07-12 20:43:06.391   132 11100 W C02d10/UCollectUtil-CpuCalculator: CalculateCpuLoad: invalid num of max cpu load unit
07-12 20:43:06.391   132 11100 W C02d10/UCollectUtil-CpuCalculator: CalculateCpuLoad: invalid num of max cpu load unit
07-12 20:43:06.391   132 11100 W C02d10/UCollectUtil-CpuCalculator: CalculateCpuLoad: invalid num of max cpu load unit
07-12 20:43:06.391   132 11100 W C02d10/UCollectUtil-CpuCalculator: CalculateCpuLoad: invalid num of max cpu load unit
07-12 20:43:06.391   132 11100 W C02d10/UCollectUtil-CpuCalculator: CalculateCpuLoad: invalid num of max cpu load unit
07-12 20:43:06.391   132 11100 W C02d10/UCollectUtil-CpuCalculator: CalculateCpuLoad: invalid num of max cpu load unit
07-12 20:43:06.391   132 11100 W C02d10/UCollectUtil-CpuCalculator: CalculateCpuLoad: invalid num of max cpu load unit
07-12 20:43:06.391   132 11100 W C02d10/UCollectUtil-CpuCalculator: CalculateCpuLoad: invalid num of max cpu load unit
07-12 20:43:06.391   132 11100 W C02d10/UCollectUtil-CpuCalculator: CalculateCpuLoad: invalid num of max cpu load unit
07-12 20:43:06.391   132 11100 W C02d10/UCollectUtil-CpuCalculator: CalculateCpuLoad: invalid num of max cpu load unit
07-12 20:43:06.391   132 11100 W C02d10/UCollectUtil-CpuCalculator: CalculateCpuLoad: invalid num of max cpu load unit
07-12 20:43:06.392   132 11100 W C02d10/UCollectUtil-CpuCalculator: CalculateCpuLoad: invalid num of max cpu load unit
07-12 20:43:06.392   132 11100 W C02d10/UCollectUtil-CpuCalculator: CalculateCpuLoad: invalid num of max cpu load unit
07-12 20:43:06.392   132 11100 W C02d10/UCollectUtil-CpuCalculator: CalculateCpuLoad: invalid num of max cpu load unit
07-12 20:43:06.392   132 11100 W C02d10/UCollectUtil-CpuCalculator: CalculateCpuLoad: invalid num of max cpu load unit
07-12 20:43:06.392   132 11100 W C02d10/UCollectUtil-CpuCalculator: CalculateCpuLoad: invalid num of max cpu load unit
07-12 20:43:06.392   132 11100 W C02d10/UCollectUtil-CpuCalculator: CalculateCpuLoad: invalid num of max cpu load unit
07-12 20:43:06.392   132 11100 W C02d10/UCollectUtil-CpuCalculator: CalculateCpuLoad: invalid num of max cpu load unit
07-12 20:43:06.394   132 11100 W C02d10/UCollectUtil-CpuCalculator: CalculateCpuLoad: invalid num of max cpu load unit
07-12 20:43:06.394   132 11100 W C02d10/UCollectUtil-CpuCalculator: CalculateCpuLoad: invalid num of max cpu load unit
07-12 20:43:06.394   132 11100 W C02d10/UCollectUtil-CpuCalculator: CalculateCpuLoad: invalid num of max cpu load unit
07-12 20:43:06.394   132 11100 W C02d10/UCollectUtil-CpuCalculator: CalculateCpuLoad: invalid num of max cpu load unit
07-12 20:43:06.394   132 11100 W C02d10/UCollectUtil-CpuCalculator: CalculateCpuLoad: invalid num of max cpu load unit
07-12 20:43:06.394   132 11100 W C02d10/UCollectUtil-CpuCalculator: CalculateCpuLoad: invalid num of max cpu load unit
07-12 20:43:06.394   132 11100 W C02d10/UCollectUtil-CpuCalculator: CalculateCpuLoad: invalid num of max cpu load unit
07-12 20:43:06.394   132 11100 W C02d10/UCollectUtil-CpuCalculator: CalculateCpuLoad: invalid num of max cpu load unit
07-12 20:43:06.394   132 11100 W C02d10/UCollectUtil-CpuCalculator: CalculateCpuLoad: invalid num of max cpu load unit
07-12 20:43:06.394   132 11100 W C02d10/UCollectUtil-CpuCalculator: CalculateCpuLoad: invalid num of max cpu load unit
07-12 20:43:06.394   132 11100 W C02d10/UCollectUtil-CpuCalculator: CalculateCpuLoad: invalid num of max cpu load unit
07-12 20:43:06.394   132 11100 W C02d10/UCollectUtil-CpuCalculator: CalculateCpuLoad: invalid num of max cpu load unit
07-12 20:43:06.394   132 11100 W C02d10/UCollectUtil-CpuCalculator: CalculateCpuLoad: invalid num of max cpu load unit
07-12 20:43:06.394   132 11100 W C02d10/UCollectUtil-CpuCalculator: CalculateCpuLoad: invalid num of max cpu load unit
07-12 20:43:06.394   132 11100 W C02d10/UCollectUtil-CpuCalculator: CalculateCpuLoad: invalid num of max cpu load unit
07-12 20:43:06.394   132 11100 W C02d10/UCollectUtil-CpuCalculator: CalculateCpuLoad: invalid num of max cpu load unit
07-12 20:43:06.394   132 11100 W C02d10/UCollectUtil-CpuCalculator: CalculateCpuLoad: invalid num of max cpu load unit
07-12 20:43:06.394   132 11100 W C02d10/UCollectUtil-CpuCalculator: CalculateCpuLoad: invalid num of max cpu load unit
07-12 20:43:06.394   132 11100 W C02d10/UCollectUtil-CpuCalculator: CalculateCpuLoad: invalid num of max cpu load unit
07-12 20:43:06.394   132 11100 W C02d10/UCollectUtil-CpuCalculator: CalculateCpuLoad: invalid num of max cpu load unit
07-12 20:43:06.394   132 11100 W C02d10/UCollectUtil-CpuCalculator: CalculateCpuLoad: invalid num of max cpu load unit
07-12 20:43:06.394   132 11100 W C02d10/UCollectUtil-CpuCalculator: CalculateCpuLoad: invalid num of max cpu load unit
07-12 20:43:06.394   132 11100 W C02d10/UCollectUtil-CpuCalculator: CalculateCpuLoad: invalid num of max cpu load unit
07-12 20:43:06.394   132 11100 W C02d10/UCollectUtil-CpuCalculator: CalculateCpuLoad: invalid num of max cpu load unit
07-12 20:43:06.395   132 11100 W C02d10/UCollectUtil-CpuCalculator: CalculateCpuLoad: invalid num of max cpu load unit
07-12 20:43:06.395   132 11100 W C02d10/UCollectUtil-CpuCalculator: CalculateCpuLoad: invalid num of max cpu load unit
07-12 20:43:06.395   132 11100 W C02d10/UCollectUtil-CpuCalculator: CalculateCpuLoad: invalid num of max cpu load unit
07-12 20:43:06.395   132 11100 W C02d10/UCollectUtil-CpuCalculator: CalculateCpuLoad: invalid num of max cpu load unit
07-12 20:43:06.395   132 11100 W C02d10/UCollectUtil-CpuCalculator: CalculateCpuLoad: invalid num of max cpu load unit
07-12 20:43:06.395   132 11100 W C02d10/UCollectUtil-CpuCalculator: CalculateCpuLoad: invalid num of max cpu load unit
07-12 20:43:06.395   132 11100 W C02d10/UCollectUtil-CpuCalculator: CalculateCpuLoad: invalid num of max cpu load unit
07-12 20:43:06.395   132 11100 W C02d10/UCollectUtil-CpuCalculator: CalculateCpuLoad: invalid num of max cpu load unit
07-12 20:43:06.395   132 11100 W C02d10/UCollectUtil-CpuCalculator: CalculateCpuLoad: invalid num of max cpu load unit
07-12 20:43:06.395   132 11100 W C02d10/UCollectUtil-CpuCalculator: CalculateCpuLoad: invalid num of max cpu load unit
07-12 20:43:06.395   132 11100 W C02d10/UCollectUtil-CpuCalculator: CalculateCpuLoad: invalid num of max cpu load unit
07-12 20:43:06.395   132 11100 W C02d10/UCollectUtil-CpuCalculator: CalculateCpuLoad: invalid num of max cpu load unit
07-12 20:43:06.395   132 11100 W C02d10/UCollectUtil-CpuCalculator: CalculateCpuLoad: invalid num of max cpu load unit
07-12 20:43:06.395   132 11100 W C02d10/UCollectUtil-CpuCalculator: CalculateCpuLoad: invalid num of max cpu load unit
07-12 20:43:06.395   132 11100 W C02d10/UCollectUtil-CpuCalculator: CalculateCpuLoad: invalid num of max cpu load unit
07-12 20:43:06.395   132 11100 W C02d10/UCollectUtil-CpuCalculator: CalculateCpuLoad: invalid num of max cpu load unit
07-12 20:43:06.395   132 11100 W C02d10/UCollectUtil-CpuCalculator: CalculateCpuLoad: invalid num of max cpu load unit
07-12 20:43:06.564  1714  1831 I C0430a/file_monitor_service: [MainMissionStatus:197]CanExit
07-12 20:43:06.565  1714  1831 I C0430a/file_monitor_service: [MainMissionStatus:203]SecondaryScanner idle
07-12 20:43:06.566   130  1110 I C01800/SAMGR: NF SA:65962,902_69440
07-12 20:43:06.566   902   947 E C01810/SA_CLIENT: GetSaWrap SA:65962 not start
07-12 20:43:06.566   902   947 I C01409/APS_MANAGER: request system service object is not ready yet!
07-12 20:43:06.570 31583 31583 I C01810/SAFWK: operator() Set process name to hidumper_service
07-12 20:43:06.570 31583 31583 I C01810/SAFWK: InitProfiles proc:hidumper_service end,spend:0ms
07-12 20:43:06.576  1504  1504 W A01c06/ICON: AppIconWeatherModel --> initWeatherListener, retryTimes: 4
07-12 20:43:06.581   902  2554 I C01409/APS_MANAGER: SetScene pkgName = com.huawei.hmos.inputmethod, scene = IME_SCENE, state = 1
07-12 20:43:06.582   902  2554 W C01409/APS_MANAGER: FrameRateControl removeSceneInfo: unknow scene!
07-12 20:43:07.031   698  1691 I C02986/DisplayPowerBrightness: lux=[0/32418716, 0/32419658, 0/32419659, 0/32419659, 0/32419776, 0/32419996, ], bDelta=5.000000, dDelta=1.000000, size=29
07-12 20:43:07.287   270 31592 W C02948/ThermalAware: [thermal_aware_event_handler.cpp] there is no food for dog, rebind thermal service
07-12 20:43:07.287   270 31592 W C02948/ThermalAware: [temperature_collector.cpp] subscribe temperature list is empty
07-12 20:43:07.287   270 31592 W C02948/ThermalAware: [thermal_action_receiver.cpp] subscribe temperature list is empty
07-12 20:43:07.287   270 31592 E C02948/ThermalAware: [thermal_aware_event_handler.cpp] thermal service subscribe failed
07-12 20:43:07.672   595   800 W C02943/ThermalHdi: Read node failed, title = brightness
07-12 20:43:07.672   595   800 W C02943/ThermalHdi: Read node failed, title = 
07-12 20:43:07.672   595   800 W C02943/ThermalHdi: Read node failed, title = 
07-12 20:43:07.672   595   800 W C02943/ThermalHdi: Read node failed, title = 
07-12 20:43:07.672   595   800 W C02943/ThermalHdi: Read node failed, title = 
07-12 20:43:07.672   595   800 W C02943/ThermalHdi: Read node failed, title = 
07-12 20:43:07.672   595   800 W C02943/ThermalHdi: Read node failed, title = 
07-12 20:43:07.672   595   800 W C02943/ThermalHdi: Read node failed, title = 
07-12 20:43:07.672   595   800 W C02943/ThermalHdi: Read node failed, title = 
07-12 20:43:07.672   595   800 W C02943/ThermalHdi: Read node failed, title = 
07-12 20:43:07.672   595   800 W C02943/ThermalHdi: Read node failed, title = 
07-12 20:43:07.672   595   800 W C02943/ThermalHdi: Read node failed, title = 
07-12 20:43:07.672   595   800 W C02943/ThermalHdi: Read node failed, title = 
07-12 20:43:07.672   595   800 W C02943/ThermalHdi: Read node failed, title = 
07-12 20:43:07.672   595   800 W C02943/ThermalHdi: Read node failed, title = 
07-12 20:43:07.672   595   800 W C02943/ThermalHdi: Read node failed, title = 
07-12 20:43:07.672   595   800 W C02943/ThermalHdi: Read node failed, title = 
07-12 20:43:07.672   595   800 W C02943/ThermalHdi: Read node failed, title = 
07-12 20:43:07.672   595   800 W C02943/ThermalHdi: Read node failed, title = 
07-12 20:43:07.672   595   800 W C02943/ThermalHdi: Read node failed, title = 
07-12 20:43:07.672   595   800 W C02943/ThermalHdi: Read node failed, title = 
07-12 20:43:07.672   595   800 W C02943/ThermalHdi: Read node failed, title = 
07-12 20:43:07.672   595   800 W C02943/ThermalHdi: Read node failed, title = 
07-12 20:43:07.672   595   800 W C02943/ThermalHdi: Read node failed, title = 
07-12 20:43:07.672   595   800 W C02943/ThermalHdi: Read node failed, title = 
07-12 20:43:07.673   595   800 W C02943/ThermalHdi: Read node failed, title = ambient
07-12 20:43:07.673   595   800 W C02943/ThermalHdi: Read node failed, title = ibat
07-12 20:43:07.673   595   800 W C02943/ThermalHdi: Read node failed, title = vbat
07-12 20:43:07.673   595   800 W C02943/ThermalHdi: Read node failed, title = cpu0_min_freq
07-12 20:43:07.673   595   800 W C02943/ThermalHdi: Read node failed, title = cpu0_cur_freq
07-12 20:43:07.673   595   800 W C02943/ThermalHdi: Read node failed, title = cpu0_max_freq
07-12 20:43:07.673   595   800 W C02943/ThermalHdi: Read node failed, title = cpu4_min_freq
07-12 20:43:07.673   595   800 W C02943/ThermalHdi: Read node failed, title = cpu4_cur_freq
07-12 20:43:07.673   595   800 W C02943/ThermalHdi: Read node failed, title = cpu4_max_freq
07-12 20:43:07.673   595   800 W C02943/ThermalHdi: Read node failed, title = cpu7_min_freq
07-12 20:43:07.673   595   800 W C02943/ThermalHdi: Read node failed, title = cpu7_cur_freq
07-12 20:43:07.673   595   800 W C02943/ThermalHdi: Read node failed, title = cpu7_max_freq
07-12 20:43:07.673   595   800 W C02943/ThermalHdi: Read node failed, title = gpu_min_freq
07-12 20:43:07.673   595   800 W C02943/ThermalHdi: Read node failed, title = gpu_cur_freq
07-12 20:43:07.673   595   800 W C02943/ThermalHdi: Read node failed, title = gpu_max_freq
07-12 20:43:07.673   595   800 W C02943/ThermalHdi: Read node failed, title = ddr_cur_freq
07-12 20:43:07.673   595   800 W C02943/ThermalHdi: Read node failed, title = set_IPApower
07-12 20:43:07.673   595   800 W C02943/ThermalHdi: Read node failed, title = cur_IPApower
07-12 20:43:07.673   595   800 W C02943/ThermalHdi: get node failed
07-12 20:43:07.673   595   800 W C02943/ThermalHdi: get node failed
07-12 20:43:07.673   595   800 W C02943/ThermalHdi: get node failed
07-12 20:43:07.733   444 31572 I C01630/DistributedDB: Write timestamp:3171438601169285360 timestamp:3171438601169285360, flag:2 modifyTime:17838601876482260 createTime:17838601876482260, key size:126, value size:778
07-12 20:43:07.880  1714  1831 I C0430a/file_monitor_service: [MainMissionStatus:197]CanExit
07-12 20:43:07.880  1714  1831 I C0430a/file_monitor_service: [MainMissionStatus:203]SecondaryScanner idle
07-12 20:43:07.880  2346  2346 I C02500/Qemud: Guest heartbeat success.
07-12 20:43:07.880 31583 31583 I C01810/SAFWK: AddAbility set profile attr for SA:1212
07-12 20:43:07.881 31583 31583 I C01800/SAMGR: SA:1212 OpenSo 1310ms
07-12 20:43:07.882 31583 31583 I C01810/SAFWK: InitOnDemandSa LoadSaLib SA:1212 finished,spend:1311ms
07-12 20:43:07.882   444 31595 I C01651/HiViewAdapter: InvokeData: OH_HiSysEvent_Write, res = 0
07-12 20:43:07.894   130  1110 I C01800/SAMGR: AddProc:hidumper_service,2935ms
07-12 20:43:07.894   130  1110 I C01800/SAMGR: Scheduler proc:hidumper_service handle started event
07-12 20:43:07.894   130  1110 I C01800/SAMGR: Scheduler proc:hidumper_service state 0 to 1
07-12 20:43:07.894   130  1110 I C01800/SAMGR: Scheduler proc:hidumper_service started
07-12 20:43:07.894 31583 31599 I C02d06/XCollie: init default task finished.
07-12 20:43:07.895 31583 31583 I C01810/SAFWK: Run curThread is 4,proc:hidumper_service,SA:1212
07-12 20:43:07.904 31583 31598 W C057c1/IPCWorkThread: ThreadHandler: proto:0 policy:1 name:OS_IPC_0_31598 invoker:8562384
07-12 20:43:07.905 31583 31604 I C01810/SAFWK: Start-SA:1212
07-12 20:43:07.905 31583 31601 W C057c1/IPCWorkThread: ThreadHandler: proto:0 policy:0 name:OS_IPC_1_31601 invoker:8560656
07-12 20:43:07.905   130  1110 I C01800/SAMGR: insert SA:1212_126
07-12 20:43:07.906   130  1110 I C01800/SAMGR: Scheduler SA:1212 handle load suc event
07-12 20:43:07.906   130  1110 I C01800/SAMGR: Scheduler SA:1212 loaded
07-12 20:43:07.906   130 31538 I C01800/SAMGR: DelayUnloadTime is 300000, SA:1212
07-12 20:43:07.906   130 31538 I C01800/SAMGR: FindSaNotify SA:1212,3_108
07-12 20:43:07.911   130 31538 I C01800/SAMGR: SendSaAddedMsg notify SA:1212
07-12 20:43:07.911   130 31538 I C01800/SAMGR: notify SA:1212,31579
07-12 20:43:07.911 31583 31604 I C01810/SAFWK: Publish SA:1212 result:0,spend:7ms
07-12 20:43:07.911 31583 31604 I C01810/SAFWK: Start OnStart-SA:1212 finished, spend:7 ms
07-12 20:43:07.912 31583 31604 I C01810/SAFWK: StartSystemAbilityTask hidumper_service SA:1212 init finished, 1341 ms
07-12 20:43:07.912 31583 31583 I C01810/SAFWK: start tasks proc:hidumper_service end,spend 7ms
07-12 20:43:08.124 31579 31582 W C01810/SA_CLIENT: OnLoadSaSucInner SA:1212 spend 0ms
07-12 20:43:08.124   665   738 E C05780/LnnInit: LnnInitDeviceInfoFailLog# Device init failed: Leger(4); Leger(5); 
07-12 20:43:08.124   665   738 E C05780/LnnInit: LnnInitModuleFailedLog# Module init failed: Module(0), ret(-426049513); Module(3), ret(-426442669); 
07-12 20:43:08.125 31579 31610 W C057c1/IPCWorkThread: ThreadHandler: proto:0 policy:0 name:OS_IPC_2_31610 invoker:3657104
07-12 20:43:08.125   270   273 I C01810/SA_CLIENT: onProcStart,pid:31583
07-12 20:43:08.236   444  1339 E C01707/CONCUR: [Interface] task 1339 apply qos failed, errno = 4
07-12 20:43:08.236   444  1339 E C01611/QosManager: QosManager: Failed to set thread QoS to QOS_USER_INTERACTIVE, ret: -1
07-12 20:43:08.238   811  1123 W C01123/BMSCommon: bundle not exist -n com.huawei.hmsapp.totemweather -u 100 -i 0 -f 32
07-12 20:43:08.238   811  1123 W C01121/BMSQuery: GetBundleInfo failed -n com.huawei.hmsapp.totemweather -u 100
07-12 20:43:08.238   444  1339 E C01651/BundleMgrProxy: GetBundleInfoFromBMS: GetBundleInfo failed!bundleName is com.huawei.hmsapp.totemweather, userId is 100
07-12 20:43:08.238   444  1339 E C01651/DataProviderConfig: GetFromProxyData: Get bundleInfo failed! bundleName:com.huawei.hmsapp.totemweather, userId:100, visitedId:100, uri:******icIconInfo
07-12 20:43:08.238   444  1339 E C01651/DataShareServiceImpl: GetBMSAndMetaDataStatus: CalledInfo failed! token:0x2006055d,ret:1001,uri:******icIconInfo
07-12 20:43:08.238   444  1339 E C01651/DataShareServiceImpl: GetSilentProxyStatus: BMS or metaData not ready to complete, token:0x2006055d, uri:******icIconInfo
07-12 20:43:08.238   444  1339 W C057c3/IPCObjectStub: SendRequestInner: Stub(desc:*.ServiceProxy) code:116 cost:1656ms
07-12 20:43:08.239  1504  1504 E A01c06/ICON: AppIconWeatherModel --> get weather info failed, code: 15700010, message: The DataShareHelper is not initialized successfully.
07-12 20:43:08.324   811 31568 I C011ff/ERMS: [ERMS_MAIN(Cycle1hourTaskProc:903)] 1 hour timer start
07-12 20:43:08.325   811 31611 I C011ff/ERMS: [ERMS_MATCH(Fulfillment1HourTimerTaskProc:1123)] fulfillment report start
07-12 20:43:08.325   811 31568 I C011ff/ERMS: [ERMS_MATCH(StartReportTimerTask:1168)] fulfillment report submit success
07-12 20:43:08.327   811 31568 I C011ff/ERMS: [ERMS_DOT_DATA_SERVICE(DirectoryDiskMonitor:238)] directory disk monitor start, recordCount_ = 8.
07-12 20:43:08.327   811 31568 I C011ff/ERMS: [ERMS_MAIN(Start1HourTimerTask:925)] 1hour task submit success
07-12 20:43:08.327   270 31593 E C01720/SmartGC: [a92ab58bdc1ea27] [GetPidFromPayload]GetPidFromEvent not contains pid
07-12 20:43:08.327   270 31593 E C01720/SmartGC: [a92ab58bdc1ea27] [ProcessPerfSensitiveScene]decider is null
07-12 20:43:08.342   811 31611 W C01650/RdbStoreManager: IsConfigInvalidChanged:no bundleName
07-12 20:43:08.354   811 31611 E C01650/SilentProxy: IsSupportSilentFromService:GetRdbService failed, err is 27394049.
07-12 20:43:08.463   132 28483 E C02d66/XPerf: [InquiryOhImpl::ExtractStringValue] Canonical FilePath: /sys/class/ithermal/lpm/lpm_freq failed.
07-12 20:43:08.463   132 28483 E C02d66/XPerf: [InquiryOhImpl::ExtractStringValue] Canonical FilePath: /sys/class/power_supply/Battery/status failed.
07-12 20:43:08.494   307   361 I C01f0b/TelephonyExtPower: sync timer start
07-12 20:43:08.645   811 31611 I C01650/ConnectionPool: Create:code:0 app[:] area[el1] cfg[0,0,0,0,1,0,0]erm***.db:<DB,0xc8236,147456,100660><DWR,0xc8237,28672,100660><SHM,0xc823f,32768,100660><WAL,0xc8238,0,100660>, pathSize:63
07-12 20:43:08.676   444 31572 I C01630/DistributedDB: [Syncer] LocalDataChanged no online standard devices, Label=7EDC83
07-12 20:43:08.687   444 31597 I C01610/KvStoreMetaManager: HandleChanges: flag:1, key:KvS***Hub
07-12 20:43:08.688   902  2554 I C01409/APS_MANAGER: SetScene pkgName = com.huawei.hmos.inputmethod, scene = IME_SCENE, state = 1
07-12 20:43:08.688   902  2554 W C01409/APS_MANAGER: FrameRateControl removeSceneInfo: unknow scene!
07-12 20:43:08.698   811 31611 I C011ff/ERMS: [ERMS_RDB_CallBack(OnOpen:108)] OnOpen
07-12 20:43:08.699   811 31611 I C011ff/ERMS: [ERMS_MATCH(Fulfillment1HourTimerTaskProc:1138)] fulfillment result table is empty, not report to AG
07-12 20:43:08.711 31583 31583 I C02d20/DumperService: DelayUnloadTask# recieve new request, delay unload task begin, calllingPid=31579
07-12 20:43:08.756   130  1329 I C01800/SAMGR: NF SA:65962,902_69441
07-12 20:43:08.867   132   437 I C02d10/HiView-Monitor: CollectPerfProfiler: collect performance profiler
07-12 20:43:08.948  1714  1831 I C0430a/file_monitor_service: [MainMissionStatus:197]CanExit
07-12 20:43:08.948  1714  1831 I C0430a/file_monitor_service: [MainMissionStatus:203]SecondaryScanner idle
07-12 20:43:08.949 31583 31583 I C02d20/DumperService: MergePidInfos# info|pidInfos=183
07-12 20:43:08.949 31583 31583 I C02d20/DumperService: AddGroupTitle# hidumper --mem cmd, do not need title.
07-12 20:43:08.950 31583 31583 I C02d20/DumperService: Execute# info|MemoryDumper Execute enter
07-12 20:43:08.965   130  1329 I C01800/SAMGR: NF SA:65962,902_69442
07-12 20:43:09.161   698  1804 I C02986/DisplayPowerBrightness: lux=[0/32419996, 0/32420253, 0/32420482, 0/32421288, 0/32421720, 0/32422127, ], bDelta=5.000000, dDelta=1.000000, size=27
07-12 20:43:09.180   130  1329 I C01800/SAMGR: NF SA:65962,902_69443
07-12 20:43:09.407   130  1329 I C01800/SAMGR: NF SA:65962,902_69444
07-12 20:43:09.409   143   143 E C02c11/APPSPAWN: [appspawn_kickdog.c:29]open /sys/kernel/hungtask/userlist fail,errno:2
07-12 20:43:09.409   444 31597 I C05787/LnnState: SetDataLevel# SetDataLevel, dynamic: 1, static: 0, switch: 4294967295, switchLen: 0
07-12 20:43:09.410  1504  1504 W A01c06/ICON: AppIconWeatherModel --> initWeatherListener, retryTimes: 4
07-12 20:43:09.583   811   994 W C057c3/IPCObjectStub: SendRequestInner: Stub(desc:*.BundleMgr) code:82 cost:5309ms
07-12 20:43:09.584   747   816 W C057c2/IPCObjectProxy: SendRequest: DFX_BlockMonitor cost 5332 ms, code:82, desc:*.BundleMgr
07-12 20:43:09.626   130  1329 I C01800/SAMGR: NF SA:65962,902_69445
07-12 20:43:09.850   130  1329 I C01800/SAMGR: NF SA:65962,902_69446
07-12 20:43:09.917   665   745 W C05781/LnnHeartBeat: LnnDumpLocalBasicInfo# local DeviceInfo, uuid=4c4c7**1c04d, udid=454D5**00000, udidShortHash=2be4********6cb5, networkId=dd3b2**b434f
07-12 20:43:09.917   665   745 I C05782/LnnLedger: LlGetWlanIp# get LocalIp=10.0.2.**
07-12 20:43:09.917   665   745 E C00101/bt_fwk_host: (GetBluetoothState:812)proxy is nullptr
07-12 20:43:09.917   665   745 I C05781/LnnHeartBeat: LnnDumpLocalBasicInfo# devType=PHONE, deviceTypeId=14, deviceName=e****tor, ip=10.0.2.**, brMac=EMPTY, p2pMac=EMPTY, onlineNodeNum=0
07-12 20:43:09.917   665   745 I C05780/LnnInit: DumpHeartbeatEnableInfo# HB condition state: bt=0, screenUnlock=1, account=0, trustedRelation=0, background=0, nightMode=0, OOBEEnd=1, heartbeatEnable=0, request=0, init check=1, deviceRisk=0
07-12 20:43:09.921   233   898 I C02699/MM: HandleLevelReport (84)Psi trigger, L=0
07-12 20:43:09.921   233   898 I C02699/MM: ReadFile read fail: /dev/memcg/memory.zswapd_presure_show
07-12 20:43:09.921   233   898 E C02699/MM: GetPressureMbStrings kernel pressure miss: key=stability_rollup
07-12 20:43:09.921   233   898 E C02699/MM: ReadValuesFromFileWithoutLock Pressure fallback failed for key=stability_rollup
07-12 20:43:09.921   233   898 E C02699/MM: GetPressureKbLockedMap stoi fail for key=stability_rollup
07-12 20:43:09.921   233   898 E C02699/MM: IsBetaUser get logtype property fail
07-12 20:43:09.931   675 27976 I C02f18/SECURITY_AUDIT_Service: dir exists err errno No error information
07-12 20:43:09.937   233 31564 W C02699/MM: PsiHandlerInner level:0, skip.
07-12 20:43:10.051   130  1329 I C01800/SAMGR: NF SA:65962,902_69447
07-12 20:43:10.075  1714  1831 I C0430a/file_monitor_service: [MainMissionStatus:197]CanExit
07-12 20:43:10.076  1714  1831 I C0430a/file_monitor_service: [MainMissionStatus:203]SecondaryScanner idle
07-12 20:43:10.076   902   947 E C01810/SA_CLIENT: GetSaWrap SA:65962 not start
07-12 20:43:10.076   902   947 I C01409/APS_MANAGER: request system service object is not ready yet!
07-12 20:43:10.079   416   424 W C01c42/TimeService: uid:1096 id:3141527 wk:0
07-12 20:43:10.080   416   424 W C01c42/TimeService: id:3141527 we:32427965
07-12 20:43:10.080   416   424 W C01c42/TimeService: t3 32424924
07-12 20:43:10.437   444 31595 I C01650/Config: Log:Error(17) statement aborts at 40: [CREATE TABLE bac***.loc***ata(key BLOB PRIMARY KEY,val*** BLOB,tim***amp INT,has*** BLOB)] database schema has changed 
07-12 20:43:10.791   902  2554 I C01409/APS_MANAGER: SetScene pkgName = com.huawei.hmos.inputmethod, scene = IME_SCENE, state = 1
07-12 20:43:10.791   902  2554 W C01409/APS_MANAGER: FrameRateControl removeSceneInfo: unknow scene!
07-12 20:43:10.942  2346  2346 I C02500/Qemud: Guest heartbeat success.
07-12 20:43:10.951   233   898 I C02699/MM: HandleLevelReport (85)Psi trigger, L=0
07-12 20:43:10.975   233   898 I C02699/MM: ReadFile read fail: /dev/memcg/memory.zswapd_presure_show
07-12 20:43:10.975   233   898 E C02699/MM: GetPressureMbStrings kernel pressure miss: key=stability_rollup
07-12 20:43:10.975   233   898 E C02699/MM: ReadValuesFromFileWithoutLock Pressure fallback failed for key=stability_rollup
07-12 20:43:10.975   233   898 E C02699/MM: GetPressureKbLockedMap stoi fail for key=stability_rollup
07-12 20:43:10.975   233   898 E C02699/MM: IsBetaUser get logtype property fail
07-12 20:43:10.981   233 31564 W C02699/MM: PsiHandlerInner level:0, skip.
07-12 20:43:11.046  1479  1479 E C02c11/APPSPAWN: [appspawn_kickdog.c:29]open /sys/kernel/hungtask/userlist fail,errno:2
07-12 20:43:11.150   665   666 I C05782/LnnLedger: LnnSetDataLevel# LnnSetDataLevel, dynamic: 1, static: 0, switch: 4294967295, switchLen: 0
07-12 20:43:11.154   665   666 W C057c3/IPCObjectStub: SendRequestInner: Stub(desc:*.ISoftBusServer) code:170 cost:1583ms
07-12 20:43:11.168   444  1339 E C01707/CONCUR: [Interface] task 1339 apply qos failed, errno = 4
07-12 20:43:11.168   444  1339 E C01611/QosManager: QosManager: Failed to set thread QoS to QOS_USER_INTERACTIVE, ret: -1
07-12 20:43:11.224   811   994 W C01123/BMSCommon: bundle not exist -n com.huawei.hmsapp.totemweather -u 100 -i 0 -f 32
07-12 20:43:11.224   811   994 W C01121/BMSQuery: GetBundleInfo failed -n com.huawei.hmsapp.totemweather -u 100
07-12 20:43:11.224   444  1339 E C01651/BundleMgrProxy: GetBundleInfoFromBMS: GetBundleInfo failed!bundleName is com.huawei.hmsapp.totemweather, userId is 100
07-12 20:43:11.224   444  1339 E C01651/DataProviderConfig: GetFromProxyData: Get bundleInfo failed! bundleName:com.huawei.hmsapp.totemweather, userId:100, visitedId:100, uri:******icIconInfo
07-12 20:43:11.224   444  1339 E C01651/DataShareServiceImpl: GetBMSAndMetaDataStatus: CalledInfo failed! token:0x2006055d,ret:1001,uri:******icIconInfo
07-12 20:43:11.224   444  1339 E C01651/DataShareServiceImpl: GetSilentProxyStatus: BMS or metaData not ready to complete, token:0x2006055d, uri:******icIconInfo
07-12 20:43:11.224   444  1339 W C057c3/IPCObjectStub: SendRequestInner: Stub(desc:*.ServiceProxy) code:116 cost:1732ms
07-12 20:43:11.225  1504  1504 E A01c06/ICON: AppIconWeatherModel --> get weather info failed, code: 15700010, message: The DataShareHelper is not initialized successfully.
07-12 20:43:11.400  1714  1831 I C0430a/file_monitor_service: [MainMissionStatus:197]CanExit
07-12 20:43:11.400  1714  1831 I C0430a/file_monitor_service: [MainMissionStatus:203]SecondaryScanner idle
07-12 20:43:11.401   698  1691 I C02986/DisplayPowerBrightness: lux=[0/32422548, 0/32422879, 0/32423016, 0/32423370, 0/32423786, 0/32424366, ], bDelta=5.000000, dDelta=1.000000, size=28
07-12 20:43:11.724   376   867 I C0430a/file_monitor_service: [SecondaryScanProc:1062][Scanner TimedTask] Device state: false
07-12 20:43:12.005   416   424 W C01c42/TimeService: uid:1096 id:480743702 wk:0
07-12 20:43:12.005   416   424 W C01c42/TimeService: id:480743702 we:33024924
07-12 20:43:12.005   416   424 W C01c42/TimeService: t3 32427965
07-12 20:43:12.005   270   273 I C01712/WORK_SCHEDULER: [operator():45]begin check repeat work
07-12 20:43:12.015   270 31588 I C01712/WORK_SCHEDULER: [ToString:780]TIMER,u5300_1,CHARGER&0
07-12 20:43:12.015   270 31588 I C01712/WORK_SCHEDULER: [ToString:780]TIMER,u7800_1,NETWORK&0
07-12 20:43:12.015   270 31588 I C01712/WORK_SCHEDULER: [ToString:780]TIMER,u7800_2,TIMER&0(32463000:172800000)
07-12 20:43:12.015   270 31588 I C01712/WORK_SCHEDULER: [ToString:783]TIMER,com.huawei.hmsapp.appgallery_u20020010_100,NETWORK&0
07-12 20:43:12.015   270 31588 I C01712/WORK_SCHEDULER: [ToString:783]TIMER,com.huawei.hmsapp.appgallery_u20020010_102,NETWORK&0
07-12 20:43:12.015   270 31588 I C01712/WORK_SCHEDULER: [ToString:783]TIMER,com.ohos.contactsdataability_u20020037_1,TIMER&1,DEEP_IDLE&0
07-12 20:43:12.015   270 31588 I C01712/WORK_SCHEDULER: [ToString:783]TIMER,com.ohos.contactsdataability_u20020037_5,CHARGER&0
07-12 20:43:12.015   270 31588 I C01712/WORK_SCHEDULER: [ToString:783]TIMER,com.ohos.contactsdataability_u20020037_6,CHARGER&0
07-12 20:43:12.015   270 31588 I C01712/WORK_SCHEDULER: [ToString:783]TIMER,com.ohos.contactsdataability_u20020037_7,CHARGER&0
07-12 20:43:12.015   270 31588 I C01712/WORK_SCHEDULER: [ToString:783]TIMER,com.ohos.contactsdataability_u20020037_3,TIMER&0(31859000:86400000)
07-12 20:43:12.381  1504  1504 W A01c06/ICON: AppIconWeatherModel --> initWeatherListener, retryTimes: 4
07-12 20:43:12.394   130  1329 I C01800/SAMGR: NF SA:65962,902_69448
07-12 20:43:12.527  1714  1831 I C0430a/file_monitor_service: [MainMissionStatus:197]CanExit
07-12 20:43:12.527  1714  1831 I C0430a/file_monitor_service: [MainMissionStatus:203]SecondaryScanner idle
07-12 20:43:12.527   444  1339 E C01707/CONCUR: [Interface] task 1339 apply qos failed, errno = 4
07-12 20:43:12.527   444  1339 E C01611/QosManager: QosManager: Failed to set thread QoS to QOS_USER_INTERACTIVE, ret: -1
07-12 20:43:12.540   811   994 W C01123/BMSCommon: bundle not exist -n com.huawei.hmsapp.totemweather -u 100 -i 0 -f 32
07-12 20:43:12.546   811   994 W C01121/BMSQuery: GetBundleInfo failed -n com.huawei.hmsapp.totemweather -u 100
07-12 20:43:12.546   444  1339 E C01651/BundleMgrProxy: GetBundleInfoFromBMS: GetBundleInfo failed!bundleName is com.huawei.hmsapp.totemweather, userId is 100
07-12 20:43:12.546   444  1339 E C01651/DataProviderConfig: GetFromProxyData: Get bundleInfo failed! bundleName:com.huawei.hmsapp.totemweather, userId:100, visitedId:100, uri:******icIconInfo
07-12 20:43:12.546   444  1339 E C01651/DataShareServiceImpl: GetBMSAndMetaDataStatus: CalledInfo failed! token:0x2006055d,ret:1001,uri:******icIconInfo
07-12 20:43:12.546   444  1339 E C01651/DataShareServiceImpl: GetSilentProxyStatus: BMS or metaData not ready to complete, token:0x2006055d, uri:******icIconInfo
07-12 20:43:12.547  1504  1504 E A01c06/ICON: AppIconWeatherModel --> get weather info failed, code: 15700010, message: The DataShareHelper is not initialized successfully.
07-12 20:43:12.603   130  1329 I C01800/SAMGR: NF SA:65962,902_69449
07-12 20:43:12.723   902  2554 I C01409/APS_MANAGER: SetScene pkgName = com.huawei.hmos.inputmethod, scene = IME_SCENE, state = 1
07-12 20:43:12.723   902  2554 W C01409/APS_MANAGER: FrameRateControl removeSceneInfo: unknow scene!
07-12 20:43:12.830   130  1329 I C01800/SAMGR: NF SA:65962,902_69450
07-12 20:43:12.831   595   800 W C02943/ThermalHdi: Read node failed, title = brightness
07-12 20:43:12.831   595   800 W C02943/ThermalHdi: Read node failed, title = 
07-12 20:43:12.831   595   800 W C02943/ThermalHdi: Read node failed, title = 
07-12 20:43:12.831   595   800 W C02943/ThermalHdi: Read node failed, title = 
07-12 20:43:12.831   595   800 W C02943/ThermalHdi: Read node failed, title = 
07-12 20:43:12.831   595   800 W C02943/ThermalHdi: Read node failed, title = 
07-12 20:43:12.831   595   800 W C02943/ThermalHdi: Read node failed, title = 
07-12 20:43:12.831   595   800 W C02943/ThermalHdi: Read node failed, title = 
07-12 20:43:12.831   595   800 W C02943/ThermalHdi: Read node failed, title = 
07-12 20:43:12.831   595   800 W C02943/ThermalHdi: Read node failed, title = 
07-12 20:43:12.831   595   800 W C02943/ThermalHdi: Read node failed, title = 
07-12 20:43:12.831   595   800 W C02943/ThermalHdi: Read node failed, title = 
07-12 20:43:12.831   595   800 W C02943/ThermalHdi: Read node failed, title = 
07-12 20:43:12.831   595   800 W C02943/ThermalHdi: Read node failed, title = 
07-12 20:43:12.831   595   800 W C02943/ThermalHdi: Read node failed, title = 
07-12 20:43:12.834   595   800 W C02943/ThermalHdi: Read node failed, title = 
07-12 20:43:12.834   595   800 W C02943/ThermalHdi: Read node failed, title = 
07-12 20:43:12.834   595   800 W C02943/ThermalHdi: Read node failed, title = 
07-12 20:43:12.834   595   800 W C02943/ThermalHdi: Read node failed, title = 
07-12 20:43:12.834   595   800 W C02943/ThermalHdi: Read node failed, title = 
07-12 20:43:12.834   595   800 W C02943/ThermalHdi: Read node failed, title = 
07-12 20:43:12.834   595   800 W C02943/ThermalHdi: Read node failed, title = 
07-12 20:43:12.834   595   800 W C02943/ThermalHdi: Read node failed, title = 
07-12 20:43:12.835   595   800 W C02943/ThermalHdi: Read node failed, title = 
07-12 20:43:12.835   595   800 W C02943/ThermalHdi: Read node failed, title = 
07-12 20:43:12.835   595   800 W C02943/ThermalHdi: Read node failed, title = ambient
07-12 20:43:12.835   595   800 W C02943/ThermalHdi: Read node failed, title = ibat
07-12 20:43:12.835   595   800 W C02943/ThermalHdi: Read node failed, title = vbat
07-12 20:43:12.835   595   800 W C02943/ThermalHdi: Read node failed, title = cpu0_min_freq
07-12 20:43:12.835   595   800 W C02943/ThermalHdi: Read node failed, title = cpu0_cur_freq
07-12 20:43:12.835   595   800 W C02943/ThermalHdi: Read node failed, title = cpu0_max_freq
07-12 20:43:12.835   595   800 W C02943/ThermalHdi: Read node failed, title = cpu4_min_freq
07-12 20:43:12.835   595   800 W C02943/ThermalHdi: Read node failed, title = cpu4_cur_freq
07-12 20:43:12.835   595   800 W C02943/ThermalHdi: Read node failed, title = cpu4_max_freq
07-12 20:43:12.835   595   800 W C02943/ThermalHdi: Read node failed, title = cpu7_min_freq
07-12 20:43:12.835   595   800 W C02943/ThermalHdi: Read node failed, title = cpu7_cur_freq
07-12 20:43:12.835   595   800 W C02943/ThermalHdi: Read node failed, title = cpu7_max_freq
07-12 20:43:12.835   595   800 W C02943/ThermalHdi: Read node failed, title = gpu_min_freq
07-12 20:43:12.835   595   800 W C02943/ThermalHdi: Read node failed, title = gpu_cur_freq
07-12 20:43:12.835   595   800 W C02943/ThermalHdi: Read node failed, title = gpu_max_freq
07-12 20:43:12.835   595   800 W C02943/ThermalHdi: Read node failed, title = ddr_cur_freq
07-12 20:43:12.835   595   800 W C02943/ThermalHdi: Read node failed, title = set_IPApower
07-12 20:43:12.835   595   800 W C02943/ThermalHdi: Read node failed, title = cur_IPApower
07-12 20:43:12.835   595   800 W C02943/ThermalHdi: get node failed
07-12 20:43:12.835   595   800 W C02943/ThermalHdi: get node failed
07-12 20:43:12.835   595   800 W C02943/ThermalHdi: get node failed
07-12 20:43:13.217   130  1329 I C01800/SAMGR: NF SA:65962,902_69451
07-12 20:43:13.425   130  1329 I C01800/SAMGR: NF SA:65962,902_69452
07-12 20:43:13.603   698  1691 I C02986/DisplayPowerBrightness: lux=[0/32424837, 0/32425372, 0/32425372, 0/32425568, 0/32425801, 0/32426568, ], bDelta=5.000000, dDelta=1.000000, size=31
07-12 20:43:13.603  1504  1504 W A01c06/ICON: AppIconWeatherModel --> initWeatherListener, retryTimes: 4
07-12 20:43:13.605  1714  1831 I C0430a/file_monitor_service: [MainMissionStatus:197]CanExit
07-12 20:43:13.605  1714  1831 I C0430a/file_monitor_service: [MainMissionStatus:203]SecondaryScanner idle
07-12 20:43:13.607   125   129 I C04300/StorageManager: [GetSizeOfPath:194] StorageStatusManager::GetSizeOfPath path is /data, type is free space, size is 4888236032.
07-12 20:43:13.607   125   129 E C04300/StorageManager: [GetFreeSize:90] StorageTotalStatusService::GetFreeSize success, (/data)freeSize=4888236032
07-12 20:43:13.607  1504 31571 I C02d07/Config: refresh free size=4888236032
07-12 20:43:13.612   546 31527 I C02300/FenceExtension: start connectAbility,userId:-1
07-12 20:43:13.612   546 31527 I C02300/FenceExtension: ConnectAbility
07-12 20:43:13.612   546 31527 I C01342/ServiceExt: [AMC599]name:com.huawei.hmos.location SAFeatureServiceExtensionAbility, userId:-1
07-12 20:43:13.703   130  1329 I C01800/SAMGR: NF SA:65962,902_69453
07-12 20:43:13.726   444  1339 E C01707/CONCUR: [Interface] task 1339 apply qos failed, errno = 4
07-12 20:43:13.726   444  1339 E C01611/QosManager: QosManager: Failed to set thread QoS to QOS_USER_INTERACTIVE, ret: -1
07-12 20:43:13.728   811  1123 W C01123/BMSCommon: bundle not exist -n com.huawei.hmsapp.totemweather -u 100 -i 0 -f 32
07-12 20:43:13.728   811  1123 W C01121/BMSQuery: GetBundleInfo failed -n com.huawei.hmsapp.totemweather -u 100
07-12 20:43:13.728   444  1339 E C01651/BundleMgrProxy: GetBundleInfoFromBMS: GetBundleInfo failed!bundleName is com.huawei.hmsapp.totemweather, userId is 100
07-12 20:43:13.728   444  1339 E C01651/DataProviderConfig: GetFromProxyData: Get bundleInfo failed! bundleName:com.huawei.hmsapp.totemweather, userId:100, visitedId:100, uri:******icIconInfo
07-12 20:43:13.728   444  1339 E C01651/DataShareServiceImpl: GetBMSAndMetaDataStatus: CalledInfo failed! token:0x2006055d,ret:1001,uri:******icIconInfo
07-12 20:43:13.728   444  1339 E C01651/DataShareServiceImpl: GetSilentProxyStatus: BMS or metaData not ready to complete, token:0x2006055d, uri:******icIconInfo
07-12 20:43:13.822  1504  1504 E A01c06/ICON: AppIconWeatherModel --> get weather info failed, code: 15700010, message: The DataShareHelper is not initialized successfully.
07-12 20:43:13.855   132 28483 E C02d66/XPerf: [InquiryOhImpl::ExtractStringValue] Canonical FilePath: /sys/class/ithermal/lpm/lpm_freq failed.
07-12 20:43:13.855   132 28483 E C02d66/XPerf: [InquiryOhImpl::ExtractStringValue] Canonical FilePath: /sys/class/power_supply/Battery/status failed.
07-12 20:43:13.857   811   994 I C01342/ServiceExt: [a92abf8be19599e, 24339bc, 0] [ABMS5529]element: com.huawei.hmos.location/SAFeatureServiceExtensionAbility
07-12 20:43:13.863   811   994 W C01123/BMSCommon: [a92abf8be19599e, 24339bc, 0] uid(1021) invalid
07-12 20:43:13.869   811   994 I C01336/AMS: [a92abf8be19599e, 24339bc, 0] [start_ability_utils.cpp54]appIndex:-1
07-12 20:43:13.869   811   994 I C01121/BMSQuery: [a92abf8be19599e, 24339bc, 0] ExplicitQueryAbility no match -n com.huawei.hmos.location -a SAFeatureServiceExtensionAbility -u 100 -i 0
07-12 20:43:13.869   811   994 W C01121/BMSQuery: [a92abf8be19599e, 24339bc, 0] bundle_data_mgr.cpp:ExplicitQueryExtensionInfo:7268 extensionAbility not found or disabled
07-12 20:43:13.870   811   994 I C01121/BMSQuery: [a92abf8be19599e, 24339bc, 0] ExplicitQueryExtension size:0 -n com.huawei.hmos.location -e SAFeatureServiceExtensionAbility -u 100 -i 0
07-12 20:43:13.870   811   994 W C01121/BMSQuery: [a92abf8be19599e, 24339bc, 0] bundle_mgr_host_impl.cpp:QueryExtensionAbilityInfos:3425 no valid extension info can be inquired
07-12 20:43:13.870   811   994 E C01336/AMS: [a92abf8be19599e, 24339bc, 0] [start_ability_utils.cpp290]extensionInfo empty
07-12 20:43:13.870   811   994 E C01342/ServiceExt: [a92abf8be19599e, 24339bc, 0] [ABMS5868]generate request error
07-12 20:43:13.870   546 31527 E C02300/FenceExtension: [(DoConnect:153)]CONNECT_ABILITY_FAILED,ret:2097152
07-12 20:43:13.870   546 31527 I C02300/FenceExtension: start connectAbility,userId:-1
07-12 20:43:13.870   546 31527 I C02300/FenceExtension: ConnectAbility
07-12 20:43:13.870   546 31527 I C01342/ServiceExt: [AMC599]name:com.huawei.hmos.location SAFeatureServiceExtensionAbility, userId:-1
07-12 20:43:13.871   811   994 I C01342/ServiceExt: [a92ab08be1d4978, 76ea05, 0] [ABMS5529]element: com.huawei.hmos.location/SAFeatureServiceExtensionAbility
07-12 20:43:13.871   811   994 W C01123/BMSCommon: [a92ab08be1d4978, 76ea05, 0] uid(1021) invalid
07-12 20:43:13.872   811   994 I C01336/AMS: [a92ab08be1d4978, 76ea05, 0] [start_ability_utils.cpp54]appIndex:-1
07-12 20:43:13.872   811   994 I C01121/BMSQuery: [a92ab08be1d4978, 76ea05, 0] ExplicitQueryAbility no match -n com.huawei.hmos.location -a SAFeatureServiceExtensionAbility -u 100 -i 0
07-12 20:43:13.872   811   994 W C01121/BMSQuery: [a92ab08be1d4978, 76ea05, 0] bundle_data_mgr.cpp:ExplicitQueryExtensionInfo:7268 extensionAbility not found or disabled
07-12 20:43:13.872   811   994 I C01121/BMSQuery: [a92ab08be1d4978, 76ea05, 0] ExplicitQueryExtension size:0 -n com.huawei.hmos.location -e SAFeatureServiceExtensionAbility -u 100 -i 0
07-12 20:43:13.872   811   994 W C01121/BMSQuery: [a92ab08be1d4978, 76ea05, 0] bundle_mgr_host_impl.cpp:QueryExtensionAbilityInfos:3425 no valid extension info can be inquired
07-12 20:43:13.872   811   994 E C01336/AMS: [a92ab08be1d4978, 76ea05, 0] [start_ability_utils.cpp290]extensionInfo empty
07-12 20:43:13.872   811   994 E C01342/ServiceExt: [a92ab08be1d4978, 76ea05, 0] [ABMS5868]generate request error
07-12 20:43:13.872   546 31527 E C02300/FenceExtension: [(DoConnect:153)]CONNECT_ABILITY_FAILED,ret:2097152
07-12 20:43:13.872   546 31527 W C02300/FenceExtension: connect failed,retry again
07-12 20:43:13.873 31583 31583 W C02510/load_hdi: OpenHdiServiceImpl failed to get symbol of 'MemoryTrackerInterfaceImplRelease', do_dlsym failed: Symbol not found: MemoryTrackerInterfaceImplRelease, version: null so=/vendor/lib64/libmemory_tracker_interface_service_1.0.z.so
07-12 20:43:13.874 31583 31583 E C02517/hdf_memorytracker_impl: GetDevMem, dlopen libmemorytracker failed!
07-12 20:43:13.958   130  1110 I C01800/SAMGR: NF SA:65962,902_69454
07-12 20:43:13.979   902   947 E C01810/SA_CLIENT: GetSaWrap SA:65962 not start
07-12 20:43:13.979   902   947 I C01409/APS_MANAGER: request system service object is not ready yet!
07-12 20:43:13.982  2346  2346 I C02500/Qemud: Guest heartbeat success.
07-12 20:43:14.053 31583 31583 I C02699/graphic_memory: pid=1, gl=0
07-12 20:43:14.053 31583 31583 E C02699/file_helper: file[/proc/process_dmabuf_info] open failed.
07-12 20:43:14.053 31583 31583 I C02699/graphic_memory: pid=1, graph=0
07-12 20:43:14.148 31583 31583 E C02517/hdf_memorytracker_impl: GetDevMem, dlopen libmemorytracker failed!
07-12 20:43:14.159   253   253 E C01700/RSS: [a92ab68be209d37] DeliverResource, PluginMgr resType 1002 no lib register!
07-12 20:43:14.164   270 31589 E C01704/TagSched: [a92ab68be209d37] [ExecutorCheckTidIsInPid][Executor] ExecutorCheckTidIsInPid get reply is invalied
07-12 20:43:14.164   270 31589 I C01704/TagSched: [a92ab68be209d37] [SetQosRealtimeTask]ThreadModifyQos,setQos 799 tid[32416],  qos[7]
07-12 20:43:14.164   270 31589 E C01704/TagSched: [a92ab68be209d37] [OpenQosCtrl]Failed to open qos_ctrl device
07-12 20:43:14.164   270 31589 E C01704/TagSched: [a92ab68be209d37] [IsQosHandleOpen]get qosSetHandle_ fail
07-12 20:43:14.164   270 31589 E C01704/TagSched: [a92ab68be209d37] [SetQosInternal]qosSetHandle open fail
07-12 20:43:14.164   270 31589 E C01704/TagSched: [a92ab68be209d37] [OpenQosCtrl]Failed to open qos_ctrl device
07-12 20:43:14.164   270 31589 E C01704/TagSched: [a92ab68be209d37] [IsQosHandleOpen]get qosSetHandle_ fail
