07-12 20:43:23.691 31583 31583 I C02699/graphic_memory: pid=2210, gl=0
07-12 20:43:23.691 31583 31583 E C02699/file_helper: file[/proc/process_dmabuf_info] open failed.
07-12 20:43:23.691 31583 31583 I C02699/graphic_memory: pid=2210, graph=0
07-12 20:43:23.705 31583 31583 E C02517/hdf_memorytracker_impl: GetDevMem, dlopen libmemorytracker failed!
07-12 20:43:23.711 31583 31583 I C02699/graphic_memory: pid=2236, gl=0
07-12 20:43:23.711 31583 31583 E C02699/file_helper: file[/proc/process_dmabuf_info] open failed.
07-12 20:43:23.711 31583 31583 I C02699/graphic_memory: pid=2236, graph=0
07-12 20:43:23.720 31583 31583 E C02517/hdf_memorytracker_impl: GetDevMem, dlopen libmemorytracker failed!
07-12 20:43:23.729 31583 31583 I C02699/graphic_memory: pid=2307, gl=0
07-12 20:43:23.732 31583 31583 E C02699/file_helper: file[/proc/process_dmabuf_info] open failed.
07-12 20:43:23.732 31583 31583 I C02699/graphic_memory: pid=2307, graph=0
07-12 20:43:23.741 31583 31583 E C02517/hdf_memorytracker_impl: GetDevMem, dlopen libmemorytracker failed!
07-12 20:43:23.744 31583 31583 I C02699/graphic_memory: pid=2346, gl=0
07-12 20:43:23.744 31583 31583 E C02699/file_helper: file[/proc/process_dmabuf_info] open failed.
07-12 20:43:23.744 31583 31583 I C02699/graphic_memory: pid=2346, graph=0
07-12 20:43:23.750 31583 31583 E C02517/hdf_memorytracker_impl: GetDevMem, dlopen libmemorytracker failed!
07-12 20:43:23.754 31583 31583 I C02699/graphic_memory: pid=2352, gl=0
07-12 20:43:23.754 31583 31583 E C02699/file_helper: file[/proc/process_dmabuf_info] open failed.
07-12 20:43:23.754 31583 31583 I C02699/graphic_memory: pid=2352, graph=0
07-12 20:43:23.757 31686 31686 W C02c02/PARAM: Selinux check name persist.init.debug.loglevel in u:object_r:startup_init_param:s0 [31686 2000 2000] failed
07-12 20:43:23.758 31686 31686 W C02c02/PARAM: Selinux check name persist.init.debug.loglevel in u:object_r:startup_init_param:s0 [31686 2000 2000] failed
07-12 20:43:23.758 31686 31686 W C02c02/PARAM: SystemReadParam failed!name is:persist.init.debug.loglevel,err:1002
07-12 20:43:23.764 31583 31583 E C02517/hdf_memorytracker_impl: GetDevMem, dlopen libmemorytracker failed!
07-12 20:43:23.767 31583 31583 I C02699/graphic_memory: pid=2353, gl=0
07-12 20:43:23.767 31583 31583 E C02699/file_helper: file[/proc/process_dmabuf_info] open failed.
07-12 20:43:23.767 31583 31583 I C02699/graphic_memory: pid=2353, graph=0
07-12 20:43:23.780 31583 31583 E C02517/hdf_memorytracker_impl: GetDevMem, dlopen libmemorytracker failed!
07-12 20:43:23.787 31583 31583 I C02699/graphic_memory: pid=2409, gl=0
07-12 20:43:23.787 31583 31583 E C02699/file_helper: file[/proc/process_dmabuf_info] open failed.
07-12 20:43:23.787 31583 31583 I C02699/graphic_memory: pid=2409, graph=0
07-12 20:43:23.790 31583 31583 E C02517/hdf_memorytracker_impl: GetDevMem, dlopen libmemorytracker failed!
07-12 20:43:23.794 31583 31583 I C02699/graphic_memory: pid=2431, gl=0
07-12 20:43:23.795 31583 31583 E C02699/file_helper: file[/proc/process_dmabuf_info] open failed.
07-12 20:43:23.795 31583 31583 I C02699/graphic_memory: pid=2431, graph=0
07-12 20:43:23.795 31686 31686 W C02c02/PARAM: Selinux check name persist.init.debug.loglevel in u:object_r:startup_init_param:s0 [31686 2000 2000] failed
07-12 20:43:23.795 31686 31686 W C02c02/PARAM: Selinux check name persist.init.debug.loglevel in u:object_r:startup_init_param:s0 [31686 2000 2000] failed
07-12 20:43:23.795 31686 31686 W C02c02/PARAM: SystemReadParam failed!name is:persist.init.debug.loglevel,err:1002
07-12 20:43:23.833 31583 31583 E C02517/hdf_memorytracker_impl: GetDevMem, dlopen libmemorytracker failed!
07-12 20:43:23.837 31583 31583 I C02699/graphic_memory: pid=11177, gl=0
07-12 20:43:23.839 31583 31583 E C02699/file_helper: file[/proc/process_dmabuf_info] open failed.
07-12 20:43:23.839 31583 31583 I C02699/graphic_memory: pid=11177, graph=0
07-12 20:43:23.856 31583 31583 E C02517/hdf_memorytracker_impl: GetDevMem, dlopen libmemorytracker failed!
07-12 20:43:23.863 31583 31583 I C02699/graphic_memory: pid=12710, gl=0
07-12 20:43:23.863 31583 31583 E C02699/file_helper: file[/proc/process_dmabuf_info] open failed.
07-12 20:43:23.863 31583 31583 I C02699/graphic_memory: pid=12710, graph=0
07-12 20:43:23.883   546 31527 I C02300/FenceExtension: start connectAbility,userId:-1
07-12 20:43:23.883   546 31527 I C02300/FenceExtension: ConnectAbility
07-12 20:43:23.883   546 31527 I C01342/ServiceExt: [AMC599]name:com.huawei.hmos.location SAFeatureServiceExtensionAbility, userId:-1
07-12 20:43:23.887   811   994 I C01342/ServiceExt: [a92ab18bebd7adc, 1a6dbca, 0] [ABMS5529]element: com.huawei.hmos.location/SAFeatureServiceExtensionAbility
07-12 20:43:23.888   811   994 W C01123/BMSCommon: [a92ab18bebd7adc, 1a6dbca, 0] uid(1021) invalid
07-12 20:43:23.889   811   994 I C01336/AMS: [a92ab18bebd7adc, 1a6dbca, 0] [start_ability_utils.cpp54]appIndex:-1
07-12 20:43:23.891   811   994 I C01121/BMSQuery: [a92ab18bebd7adc, 1a6dbca, 0] ExplicitQueryAbility no match -n com.huawei.hmos.location -a SAFeatureServiceExtensionAbility -u 100 -i 0
07-12 20:43:23.891   811   994 W C01121/BMSQuery: [a92ab18bebd7adc, 1a6dbca, 0] bundle_data_mgr.cpp:ExplicitQueryExtensionInfo:7268 extensionAbility not found or disabled
07-12 20:43:23.891   811   994 I C01121/BMSQuery: [a92ab18bebd7adc, 1a6dbca, 0] ExplicitQueryExtension size:0 -n com.huawei.hmos.location -e SAFeatureServiceExtensionAbility -u 100 -i 0
07-12 20:43:23.891   811   994 W C01121/BMSQuery: [a92ab18bebd7adc, 1a6dbca, 0] bundle_mgr_host_impl.cpp:QueryExtensionAbilityInfos:3425 no valid extension info can be inquired
07-12 20:43:23.891   811   994 E C01336/AMS: [a92ab18bebd7adc, 1a6dbca, 0] [start_ability_utils.cpp290]extensionInfo empty
07-12 20:43:23.891   811   994 E C01342/ServiceExt: [a92ab18bebd7adc, 1a6dbca, 0] [ABMS5868]generate request error
07-12 20:43:23.893   546 31527 E C02300/FenceExtension: [(DoConnect:153)]CONNECT_ABILITY_FAILED,ret:2097152
07-12 20:43:23.893   546 31527 I C02300/FenceExtension: start connectAbility,userId:-1
07-12 20:43:23.893   546 31527 I C02300/FenceExtension: ConnectAbility
07-12 20:43:23.893   546 31527 I C01342/ServiceExt: [AMC599]name:com.huawei.hmos.location SAFeatureServiceExtensionAbility, userId:-1
07-12 20:43:23.894   811  1123 I C01342/ServiceExt: [a92ab28bebda08d, 204a676, 0] [ABMS5529]element: com.huawei.hmos.location/SAFeatureServiceExtensionAbility
07-12 20:43:23.916   811  1123 W C01123/BMSCommon: [a92ab28bebda08d, 204a676, 0] uid(1021) invalid
07-12 20:43:23.917   811  1123 I C01336/AMS: [a92ab28bebda08d, 204a676, 0] [start_ability_utils.cpp54]appIndex:-1
07-12 20:43:23.917   811  1123 I C01121/BMSQuery: [a92ab28bebda08d, 204a676, 0] ExplicitQueryAbility no match -n com.huawei.hmos.location -a SAFeatureServiceExtensionAbility -u 100 -i 0
07-12 20:43:23.921   811  1123 W C01121/BMSQuery: [a92ab28bebda08d, 204a676, 0] bundle_data_mgr.cpp:ExplicitQueryExtensionInfo:7268 extensionAbility not found or disabled
07-12 20:43:23.922   811  1123 I C01121/BMSQuery: [a92ab28bebda08d, 204a676, 0] ExplicitQueryExtension size:0 -n com.huawei.hmos.location -e SAFeatureServiceExtensionAbility -u 100 -i 0
07-12 20:43:23.922   811  1123 W C01121/BMSQuery: [a92ab28bebda08d, 204a676, 0] bundle_mgr_host_impl.cpp:QueryExtensionAbilityInfos:3425 no valid extension info can be inquired
07-12 20:43:23.922   811  1123 E C01336/AMS: [a92ab28bebda08d, 204a676, 0] [start_ability_utils.cpp290]extensionInfo empty
07-12 20:43:23.922   811  1123 E C01342/ServiceExt: [a92ab28bebda08d, 204a676, 0] [ABMS5868]generate request error
07-12 20:43:23.933   546 31527 E C02300/FenceExtension: [(DoConnect:153)]CONNECT_ABILITY_FAILED,ret:2097152
07-12 20:43:23.933   546 31527 W C02300/FenceExtension: connect failed,retry again
07-12 20:43:23.945  1714  1831 I C0430a/file_monitor_service: [MainMissionStatus:197]CanExit
07-12 20:43:23.945  1714  1831 I C0430a/file_monitor_service: [MainMissionStatus:203]SecondaryScanner idle
07-12 20:43:23.948  1006 31638 I C01566/WifiHmlChannelOptimization: received wifi scan changed event: 1
07-12 20:43:23.948  1006 31638 E C01560/MultiLinkUtils: IsDeviceSupportMultiLink chipname is empty or doesn't exist, return unknown
07-12 20:43:23.948  1006 31638 E C01560/MultiLinkUtils: Chip type not suppoort MultiLink
07-12 20:43:23.948   811 31678 I C01202/Unordered: Pid 1006 publish usual.event.wifi.SCAN_FINISHED to -1 end(2,2,0,0)
07-12 20:43:23.961  1504  1504 W A01c06/ICON: AppIconWeatherModel --> initWeatherListener, retryTimes: 4
07-12 20:43:23.967 31583 31583 E C02517/hdf_memorytracker_impl: GetDevMem, dlopen libmemorytracker failed!
07-12 20:43:23.986   444  1339 E C01707/CONCUR: [Interface] task 1339 apply qos failed, errno = 4
07-12 20:43:23.987   444  1339 E C01611/QosManager: QosManager: Failed to set thread QoS to QOS_USER_INTERACTIVE, ret: -1
07-12 20:43:24.001 31583 31583 I C02699/graphic_memory: pid=29086, gl=0
07-12 20:43:24.002 31583 31583 E C02699/file_helper: file[/proc/process_dmabuf_info] open failed.
07-12 20:43:24.002 31583 31583 I C02699/graphic_memory: pid=29086, graph=0
07-12 20:43:24.010 31583 31583 E C02517/hdf_memorytracker_impl: GetDevMem, dlopen libmemorytracker failed!
07-12 20:43:24.013 31583 31583 I C02699/graphic_memory: pid=29492, gl=0
07-12 20:43:24.014 31583 31583 E C02699/file_helper: file[/proc/process_dmabuf_info] open failed.
07-12 20:43:24.014 31583 31583 I C02699/graphic_memory: pid=29492, graph=0
07-12 20:43:24.022 31583 31583 E C02517/hdf_memorytracker_impl: GetDevMem, dlopen libmemorytracker failed!
07-12 20:43:24.029 31583 31583 I C02699/graphic_memory: pid=29553, gl=0
07-12 20:43:24.029 31583 31583 E C02699/file_helper: file[/proc/process_dmabuf_info] open failed.
07-12 20:43:24.030 31583 31583 I C02699/graphic_memory: pid=29553, graph=0
07-12 20:43:24.032 31583 31583 E C02517/hdf_memorytracker_impl: GetDevMem, dlopen libmemorytracker failed!
07-12 20:43:24.035 31583 31583 I C02699/graphic_memory: pid=31579, gl=0
07-12 20:43:24.035 31583 31583 E C02699/file_helper: file[/proc/process_dmabuf_info] open failed.
07-12 20:43:24.035 31583 31583 I C02699/graphic_memory: pid=31579, graph=0
07-12 20:43:24.044 31583 31583 E C02517/hdf_memorytracker_impl: GetDevMem, dlopen libmemorytracker failed!
07-12 20:43:24.047 31583 31583 I C02699/graphic_memory: pid=31583, gl=0
07-12 20:43:24.047 31583 31583 E C02699/file_helper: file[/proc/process_dmabuf_info] open failed.
07-12 20:43:24.047 31583 31583 I C02699/graphic_memory: pid=31583, graph=0
07-12 20:43:24.052 31583 31583 E C02517/hdf_memorytracker_impl: GetDevMem, dlopen libmemorytracker failed!
07-12 20:43:24.057 31583 31583 I C02699/graphic_memory: pid=32535, gl=0
07-12 20:43:24.057 31583 31583 E C02699/file_helper: file[/proc/process_dmabuf_info] open failed.
07-12 20:43:24.057 31583 31583 I C02699/graphic_memory: pid=32535, graph=0
07-12 20:43:24.258 31691 31691 W C02c02/PARAM: Selinux check name persist.init.debug.loglevel in u:object_r:startup_init_param:s0 [31691 2000 2000] failed
07-12 20:43:24.259 31691 31691 W C02c02/PARAM: Selinux check name persist.init.debug.loglevel in u:object_r:startup_init_param:s0 [31691 2000 2000] failed
07-12 20:43:24.259 31691 31691 W C02c02/PARAM: SystemReadParam failed!name is:persist.init.debug.loglevel,err:1002
07-12 20:43:24.286 31691 31691 W C02c02/PARAM: Selinux check name persist.init.debug.loglevel in u:object_r:startup_init_param:s0 [31691 2000 2000] failed
07-12 20:43:24.290 31691 31691 W C02c02/PARAM: Selinux check name persist.init.debug.loglevel in u:object_r:startup_init_param:s0 [31691 2000 2000] failed
07-12 20:43:24.290 31691 31691 W C02c02/PARAM: SystemReadParam failed!name is:persist.init.debug.loglevel,err:1002
07-12 20:43:24.299   132 11100 E C02d66/XPerf: [InquiryOhImpl::ExtractStringValue] Canonical FilePath: /sys/class/ithermal/lpm/lpm_freq failed.
07-12 20:43:24.300   132 11100 E C02d66/XPerf: [InquiryOhImpl::ExtractStringValue] Canonical FilePath: /sys/class/power_supply/Battery/status failed.
07-12 20:43:24.350   811  1123 W C01123/BMSCommon: bundle not exist -n com.huawei.hmsapp.totemweather -u 100 -i 0 -f 32
07-12 20:43:24.351   811  1123 W C01121/BMSQuery: GetBundleInfo failed -n com.huawei.hmsapp.totemweather -u 100
07-12 20:43:24.351   444  1339 E C01651/BundleMgrProxy: GetBundleInfoFromBMS: GetBundleInfo failed!bundleName is com.huawei.hmsapp.totemweather, userId is 100
07-12 20:43:24.351   444  1339 E C01651/DataProviderConfig: GetFromProxyData: Get bundleInfo failed! bundleName:com.huawei.hmsapp.totemweather, userId:100, visitedId:100, uri:******icIconInfo
07-12 20:43:24.351   444  1339 E C01651/DataShareServiceImpl: GetBMSAndMetaDataStatus: CalledInfo failed! token:0x2006055d,ret:1001,uri:******icIconInfo
07-12 20:43:24.351   444  1339 E C01651/DataShareServiceImpl: GetSilentProxyStatus: BMS or metaData not ready to complete, token:0x2006055d, uri:******icIconInfo
07-12 20:43:24.352  1504  1504 E A01c06/ICON: AppIconWeatherModel --> get weather info failed, code: 15700010, message: The DataShareHelper is not initialized successfully.
07-12 20:43:24.483   130  1110 I C01800/SAMGR: NF SA:65962,902_69469
07-12 20:43:24.699   130  1110 I C01800/SAMGR: NF SA:65962,902_69470
07-12 20:43:24.854 31695 31695 W C02c02/PARAM: Selinux check name persist.init.debug.loglevel in u:object_r:startup_init_param:s0 [31695 2000 2000] failed
07-12 20:43:24.855 31695 31695 W C02c02/PARAM: Selinux check name persist.init.debug.loglevel in u:object_r:startup_init_param:s0 [31695 2000 2000] failed
07-12 20:43:24.855 31695 31695 W C02c02/PARAM: SystemReadParam failed!name is:persist.init.debug.loglevel,err:1002
07-12 20:43:24.881 31697 31697 W C02c02/PARAM: Selinux check name persist.init.debug.loglevel in u:object_r:startup_init_param:s0 [31697 2000 2000] failed
07-12 20:43:24.882 31697 31697 W C02c02/PARAM: Selinux check name persist.init.debug.loglevel in u:object_r:startup_init_param:s0 [31697 2000 2000] failed
07-12 20:43:24.882 31697 31697 W C02c02/PARAM: SystemReadParam failed!name is:persist.init.debug.loglevel,err:1002
07-12 20:43:24.900   130  1110 I C01800/SAMGR: NF SA:65962,902_69471
07-12 20:43:24.900   902   947 E C057c2/IPCObjectProxy: PrintErrorDetailedInfo: failed, handle:0 error:7 desc:*.accessToken proxy:5602480 time:32437866287578
07-12 20:43:24.904 31698 31698 W C02c02/PARAM: Selinux check name persist.init.debug.loglevel in u:object_r:startup_init_param:s0 [31698 2000 2000] failed
07-12 20:43:24.907 31698 31698 W C02c02/PARAM: Selinux check name persist.init.debug.loglevel in u:object_r:startup_init_param:s0 [31698 2000 2000] failed
07-12 20:43:24.907 31698 31698 W C02c02/PARAM: SystemReadParam failed!name is:persist.init.debug.loglevel,err:1002
07-12 20:43:24.918 31699 31699 W C02c02/PARAM: Selinux check name persist.init.debug.loglevel in u:object_r:startup_init_param:s0 [31699 2000 2000] failed
07-12 20:43:24.918 31699 31699 W C02c02/PARAM: Selinux check name persist.init.debug.loglevel in u:object_r:startup_init_param:s0 [31699 2000 2000] failed
07-12 20:43:24.918 31699 31699 W C02c02/PARAM: SystemReadParam failed!name is:persist.init.debug.loglevel,err:1002
07-12 20:43:24.943 31701 31701 W C02c02/PARAM: Selinux check name persist.init.debug.loglevel in u:object_r:startup_init_param:s0 [31701 2000 2000] failed
07-12 20:43:24.943 31701 31701 W C02c02/PARAM: Selinux check name persist.init.debug.loglevel in u:object_r:startup_init_param:s0 [31701 2000 2000] failed
07-12 20:43:24.943 31701 31701 W C02c02/PARAM: SystemReadParam failed!name is:persist.init.debug.loglevel,err:1002
07-12 20:43:24.953  1714  1831 I C0430a/file_monitor_service: [MainMissionStatus:197]CanExit
07-12 20:43:24.953  1714  1831 I C0430a/file_monitor_service: [MainMissionStatus:203]SecondaryScanner idle
07-12 20:43:24.979   307 31627 W C01f04/MultiSimontroller: [GetSimAccountInfo-(multi_sim_controller.cpp:1141)] slotId 0 is invalid
07-12 20:43:24.980   307 31627 E C01f04/TelephonySubsystem: GetSimAccountInfo fail!
07-12 20:43:25.010   416   424 W C01c42/TimeService: uid:1096 id:3141527 wk:0
07-12 20:43:25.010   416   424 W C01c42/TimeService: id:3141527 we:32442965
07-12 20:43:25.010   416   424 W C01c42/TimeService: t3 32442965
07-12 20:43:25.046   902  6971 I C01409/APS_MANAGER: SetScene pkgName = com.huawei.hmos.inputmethod, scene = IME_SCENE, state = 1
07-12 20:43:25.046   902  6971 W C01409/APS_MANAGER: FrameRateControl removeSceneInfo: unknow scene!
07-12 20:43:25.063 31700 31700 W C02c02/PARAM: Selinux check name persist.init.debug.loglevel in u:object_r:startup_init_param:s0 [31700 2000 2000] failed
07-12 20:43:25.064 31700 31700 W C02c02/PARAM: Selinux check name persist.init.debug.loglevel in u:object_r:startup_init_param:s0 [31700 2000 2000] failed
07-12 20:43:25.064 31700 31700 W C02c02/PARAM: SystemReadParam failed!name is:persist.init.debug.loglevel,err:1002
07-12 20:43:25.106   130  1110 I C01800/SAMGR: NF SA:65962,902_69472
07-12 20:43:25.293   698  1804 I C02986/DisplayPowerBrightness: lux=[0/32437366, 0/32437541, 0/32437729, 0/32437910, 0/32438073, 0/32438258, ], bDelta=5.000000, dDelta=1.000000, size=37
07-12 20:43:25.309   130  1110 I C01800/SAMGR: NF SA:65962,902_69473
07-12 20:43:25.357  1504  1504 W A01c06/ICON: AppIconWeatherModel --> initWeatherListener, retryTimes: 4
07-12 20:43:25.402   444  1339 E C01707/CONCUR: [Interface] task 1339 apply qos failed, errno = 4
07-12 20:43:25.402   444  1339 E C01611/QosManager: QosManager: Failed to set thread QoS to QOS_USER_INTERACTIVE, ret: -1
07-12 20:43:25.405   811  1123 W C01123/BMSCommon: bundle not exist -n com.huawei.hmsapp.totemweather -u 100 -i 0 -f 32
07-12 20:43:25.406   811  1123 W C01121/BMSQuery: GetBundleInfo failed -n com.huawei.hmsapp.totemweather -u 100
07-12 20:43:25.406   444  1339 E C01651/BundleMgrProxy: GetBundleInfoFromBMS: GetBundleInfo failed!bundleName is com.huawei.hmsapp.totemweather, userId is 100
07-12 20:43:25.406   444  1339 E C01651/DataProviderConfig: GetFromProxyData: Get bundleInfo failed! bundleName:com.huawei.hmsapp.totemweather, userId:100, visitedId:100, uri:******icIconInfo
07-12 20:43:25.406   444  1339 E C01651/DataShareServiceImpl: GetBMSAndMetaDataStatus: CalledInfo failed! token:0x2006055d,ret:1001,uri:******icIconInfo
07-12 20:43:25.406   444  1339 E C01651/DataShareServiceImpl: GetSilentProxyStatus: BMS or metaData not ready to complete, token:0x2006055d, uri:******icIconInfo
07-12 20:43:25.407  1504  1504 E A01c06/ICON: AppIconWeatherModel --> get weather info failed, code: 15700010, message: The DataShareHelper is not initialized successfully.
07-12 20:43:25.519   130  1110 I C01800/SAMGR: NF SA:65962,902_69474
07-12 20:43:25.723   130  1110 I C01800/SAMGR: NF SA:65962,902_69475
07-12 20:43:25.737   902   947 E C01810/SA_CLIENT: GetSaWrap SA:65962 not start
07-12 20:43:25.737   902   947 I C01409/APS_MANAGER: request system service object is not ready yet!
07-12 20:43:25.839 31703 31703 W C02c02/PARAM: Selinux check name persist.init.debug.loglevel in u:object_r:startup_init_param:s0 [31703 2000 2000] failed
07-12 20:43:25.842 31703 31703 W C02c02/PARAM: Selinux check name persist.init.debug.loglevel in u:object_r:startup_init_param:s0 [31703 2000 2000] failed
07-12 20:43:25.843 31703 31703 W C02c02/PARAM: SystemReadParam failed!name is:persist.init.debug.loglevel,err:1002
07-12 20:43:25.902 31705 31705 W C02c02/PARAM: Selinux check name persist.init.debug.loglevel in u:object_r:startup_init_param:s0 [31705 2000 2000] failed
07-12 20:43:25.907 31705 31705 W C02c02/PARAM: Selinux check name persist.init.debug.loglevel in u:object_r:startup_init_param:s0 [31705 2000 2000] failed
07-12 20:43:25.908 31705 31705 W C02c02/PARAM: SystemReadParam failed!name is:persist.init.debug.loglevel,err:1002
07-12 20:43:25.967  1714  1831 I C0430a/file_monitor_service: [MainMissionStatus:197]CanExit
07-12 20:43:25.967  1714  1831 I C0430a/file_monitor_service: [MainMissionStatus:203]SecondaryScanner idle
07-12 20:43:25.987 31706 31706 W C02c02/PARAM: Selinux check name persist.init.debug.loglevel in u:object_r:startup_init_param:s0 [31706 2000 2000] failed
07-12 20:43:25.988 31706 31706 W C02c02/PARAM: Selinux check name persist.init.debug.loglevel in u:object_r:startup_init_param:s0 [31706 2000 2000] failed
07-12 20:43:25.988 31706 31706 W C02c02/PARAM: SystemReadParam failed!name is:persist.init.debug.loglevel,err:1002
07-12 20:43:26.021  2346  2346 I C02500/Qemud: Guest heartbeat success.
07-12 20:43:26.414  1504  1504 W A01c06/ICON: AppIconWeatherModel --> initWeatherListener, retryTimes: 4
07-12 20:43:26.435   444  1339 E C01707/CONCUR: [Interface] task 1339 apply qos failed, errno = 4
07-12 20:43:26.435   444  1339 E C01611/QosManager: QosManager: Failed to set thread QoS to QOS_USER_INTERACTIVE, ret: -1
07-12 20:43:26.439   811  1123 W C01123/BMSCommon: bundle not exist -n com.huawei.hmsapp.totemweather -u 100 -i 0 -f 32
07-12 20:43:26.439   811  1123 W C01121/BMSQuery: GetBundleInfo failed -n com.huawei.hmsapp.totemweather -u 100
07-12 20:43:26.440   444  1339 E C01651/BundleMgrProxy: GetBundleInfoFromBMS: GetBundleInfo failed!bundleName is com.huawei.hmsapp.totemweather, userId is 100
07-12 20:43:26.440   444  1339 E C01651/DataProviderConfig: GetFromProxyData: Get bundleInfo failed! bundleName:com.huawei.hmsapp.totemweather, userId:100, visitedId:100, uri:******icIconInfo
07-12 20:43:26.440   444  1339 E C01651/DataShareServiceImpl: GetBMSAndMetaDataStatus: CalledInfo failed! token:0x2006055d,ret:1001,uri:******icIconInfo
07-12 20:43:26.440   444  1339 E C01651/DataShareServiceImpl: GetSilentProxyStatus: BMS or metaData not ready to complete, token:0x2006055d, uri:******icIconInfo
07-12 20:43:26.447  1504  1504 E A01c06/ICON: AppIconWeatherModel --> get weather info failed, code: 15700010, message: The DataShareHelper is not initialized successfully.
07-12 20:43:26.702   132 28483 I C02d10/CpuCollector: CalculateProcessCpuStatInfos: startTime=1783860196448, endTime=1783860206702, startBootTime=32429414, endBootTime=32439667, period=10253, isNeedUpdate=1
07-12 20:43:26.702   132 28483 W C02d10/UCollectUtil-CpuCalculator: CalculateCpuLoad: invalid num of max cpu load unit
07-12 20:43:26.702   132 28483 W C02d10/UCollectUtil-CpuCalculator: CalculateCpuLoad: invalid num of max cpu load unit
07-12 20:43:26.702   132 28483 W C02d10/UCollectUtil-CpuCalculator: CalculateCpuLoad: invalid num of max cpu load unit
07-12 20:43:26.702   132 28483 W C02d10/UCollectUtil-CpuCalculator: CalculateCpuLoad: invalid num of max cpu load unit
07-12 20:43:26.702   132 28483 W C02d10/UCollectUtil-CpuCalculator: CalculateCpuLoad: invalid num of max cpu load unit
07-12 20:43:26.702   132 28483 W C02d10/UCollectUtil-CpuCalculator: CalculateCpuLoad: invalid num of max cpu load unit
07-12 20:43:26.702   132 28483 W C02d10/UCollectUtil-CpuCalculator: CalculateCpuLoad: invalid num of max cpu load unit
07-12 20:43:26.702   132 28483 W C02d10/UCollectUtil-CpuCalculator: CalculateCpuLoad: invalid num of max cpu load unit
07-12 20:43:26.702   132 28483 W C02d10/UCollectUtil-CpuCalculator: CalculateCpuLoad: invalid num of max cpu load unit
07-12 20:43:26.702   132 28483 W C02d10/UCollectUtil-CpuCalculator: CalculateCpuLoad: invalid num of max cpu load unit
07-12 20:43:26.702   132 28483 W C02d10/UCollectUtil-CpuCalculator: CalculateCpuLoad: invalid num of max cpu load unit
07-12 20:43:26.702   132 28483 W C02d10/UCollectUtil-CpuCalculator: CalculateCpuLoad: invalid num of max cpu load unit
07-12 20:43:26.702   132 28483 W C02d10/UCollectUtil-CpuCalculator: CalculateCpuLoad: invalid num of max cpu load unit
07-12 20:43:26.702   132 28483 W C02d10/UCollectUtil-CpuCalculator: CalculateCpuLoad: invalid num of max cpu load unit
07-12 20:43:26.702   132 28483 W C02d10/UCollectUtil-CpuCalculator: CalculateCpuLoad: invalid num of max cpu load unit
07-12 20:43:26.702   132 28483 W C02d10/UCollectUtil-CpuCalculator: CalculateCpuLoad: invalid num of max cpu load unit
07-12 20:43:26.702   132 28483 W C02d10/UCollectUtil-CpuCalculator: CalculateCpuLoad: invalid num of max cpu load unit
07-12 20:43:26.702   132 28483 W C02d10/UCollectUtil-CpuCalculator: CalculateCpuLoad: invalid num of max cpu load unit
07-12 20:43:26.702   132 28483 W C02d10/UCollectUtil-CpuCalculator: CalculateCpuLoad: invalid num of max cpu load unit
07-12 20:43:26.702   132 28483 W C02d10/UCollectUtil-CpuCalculator: CalculateCpuLoad: invalid num of max cpu load unit
07-12 20:43:26.702   132 28483 W C02d10/UCollectUtil-CpuCalculator: CalculateCpuLoad: invalid num of max cpu load unit
07-12 20:43:26.702   132 28483 W C02d10/UCollectUtil-CpuCalculator: CalculateCpuLoad: invalid num of max cpu load unit
07-12 20:43:26.702   132 28483 W C02d10/UCollectUtil-CpuCalculator: CalculateCpuLoad: invalid num of max cpu load unit
07-12 20:43:26.702   132 28483 W C02d10/UCollectUtil-CpuCalculator: CalculateCpuLoad: invalid num of max cpu load unit
07-12 20:43:26.702   132 28483 W C02d10/UCollectUtil-CpuCalculator: CalculateCpuLoad: invalid num of max cpu load unit
07-12 20:43:26.702   132 28483 W C02d10/UCollectUtil-CpuCalculator: CalculateCpuLoad: invalid num of max cpu load unit
07-12 20:43:26.702   132 28483 W C02d10/UCollectUtil-CpuCalculator: CalculateCpuLoad: invalid num of max cpu load unit
07-12 20:43:26.702   132 28483 W C02d10/UCollectUtil-CpuCalculator: CalculateCpuLoad: invalid num of max cpu load unit
07-12 20:43:26.702   132 28483 W C02d10/UCollectUtil-CpuCalculator: CalculateCpuLoad: invalid num of max cpu load unit
07-12 20:43:26.702   132 28483 W C02d10/UCollectUtil-CpuCalculator: CalculateCpuLoad: invalid num of max cpu load unit
07-12 20:43:26.702   132 28483 W C02d10/UCollectUtil-CpuCalculator: CalculateCpuLoad: invalid num of max cpu load unit
07-12 20:43:26.702   132 28483 W C02d10/UCollectUtil-CpuCalculator: CalculateCpuLoad: invalid num of max cpu load unit
07-12 20:43:26.702   132 28483 W C02d10/UCollectUtil-CpuCalculator: CalculateCpuLoad: invalid num of max cpu load unit
07-12 20:43:26.702   132 28483 W C02d10/UCollectUtil-CpuCalculator: CalculateCpuLoad: invalid num of max cpu load unit
07-12 20:43:26.702   132 28483 W C02d10/UCollectUtil-CpuCalculator: CalculateCpuLoad: invalid num of max cpu load unit
07-12 20:43:26.702   132 28483 W C02d10/UCollectUtil-CpuCalculator: CalculateCpuLoad: invalid num of max cpu load unit
07-12 20:43:26.702   132 28483 W C02d10/UCollectUtil-CpuCalculator: CalculateCpuLoad: invalid num of max cpu load unit
07-12 20:43:26.702   132 28483 W C02d10/UCollectUtil-CpuCalculator: CalculateCpuLoad: invalid num of max cpu load unit
07-12 20:43:26.702   132 28483 W C02d10/UCollectUtil-CpuCalculator: CalculateCpuLoad: invalid num of max cpu load unit
07-12 20:43:26.702   132 28483 W C02d10/UCollectUtil-CpuCalculator: CalculateCpuLoad: invalid num of max cpu load unit
07-12 20:43:26.702   132 28483 W C02d10/UCollectUtil-CpuCalculator: CalculateCpuLoad: invalid num of max cpu load unit
07-12 20:43:26.702   132 28483 W C02d10/UCollectUtil-CpuCalculator: CalculateCpuLoad: invalid num of max cpu load unit
07-12 20:43:26.702   132 28483 W C02d10/UCollectUtil-CpuCalculator: CalculateCpuLoad: invalid num of max cpu load unit
07-12 20:43:26.702   132 28483 W C02d10/UCollectUtil-CpuCalculator: CalculateCpuLoad: invalid num of max cpu load unit
07-12 20:43:26.702   132 28483 W C02d10/UCollectUtil-CpuCalculator: CalculateCpuLoad: invalid num of max cpu load unit
07-12 20:43:26.702   132 28483 W C02d10/UCollectUtil-CpuCalculator: CalculateCpuLoad: invalid num of max cpu load unit
07-12 20:43:26.702   132 28483 W C02d10/UCollectUtil-CpuCalculator: CalculateCpuLoad: invalid num of max cpu load unit
07-12 20:43:26.702   132 28483 W C02d10/UCollectUtil-CpuCalculator: CalculateCpuLoad: invalid num of max cpu load unit
07-12 20:43:26.702   132 28483 W C02d10/UCollectUtil-CpuCalculator: CalculateCpuLoad: invalid num of max cpu load unit
07-12 20:43:26.702   132 28483 W C02d10/UCollectUtil-CpuCalculator: CalculateCpuLoad: invalid num of max cpu load unit
07-12 20:43:26.702   132 28483 W C02d10/UCollectUtil-CpuCalculator: CalculateCpuLoad: invalid num of max cpu load unit
07-12 20:43:26.702   132 28483 W C02d10/UCollectUtil-CpuCalculator: CalculateCpuLoad: invalid num of max cpu load unit
07-12 20:43:26.702   132 28483 W C02d10/UCollectUtil-CpuCalculator: CalculateCpuLoad: invalid num of max cpu load unit
07-12 20:43:26.703   132 28483 W C02d10/UCollectUtil-CpuCalculator: CalculateCpuLoad: invalid num of max cpu load unit
07-12 20:43:26.703   132 28483 W C02d10/UCollectUtil-CpuCalculator: CalculateCpuLoad: invalid num of max cpu load unit
07-12 20:43:26.703   132 28483 W C02d10/UCollectUtil-CpuCalculator: CalculateCpuLoad: invalid num of max cpu load unit
07-12 20:43:26.703   132 28483 W C02d10/UCollectUtil-CpuCalculator: CalculateCpuLoad: invalid num of max cpu load unit
07-12 20:43:26.703   132 28483 W C02d10/UCollectUtil-CpuCalculator: CalculateCpuLoad: invalid num of max cpu load unit
07-12 20:43:26.703   132 28483 W C02d10/UCollectUtil-CpuCalculator: CalculateCpuLoad: invalid num of max cpu load unit
07-12 20:43:26.703   132 28483 W C02d10/UCollectUtil-CpuCalculator: CalculateCpuLoad: invalid num of max cpu load unit
07-12 20:43:26.703   132 28483 W C02d10/UCollectUtil-CpuCalculator: CalculateCpuLoad: invalid num of max cpu load unit
07-12 20:43:26.703   132 28483 W C02d10/UCollectUtil-CpuCalculator: CalculateCpuLoad: invalid num of max cpu load unit
07-12 20:43:26.703   132 28483 W C02d10/UCollectUtil-CpuCalculator: CalculateCpuLoad: invalid num of max cpu load unit
07-12 20:43:26.703   132 28483 W C02d10/UCollectUtil-CpuCalculator: CalculateCpuLoad: invalid num of max cpu load unit
07-12 20:43:26.703   132 28483 W C02d10/UCollectUtil-CpuCalculator: CalculateCpuLoad: invalid num of max cpu load unit
07-12 20:43:26.703   132 28483 W C02d10/UCollectUtil-CpuCalculator: CalculateCpuLoad: invalid num of max cpu load unit
07-12 20:43:26.703   132 28483 W C02d10/UCollectUtil-CpuCalculator: CalculateCpuLoad: invalid num of max cpu load unit
07-12 20:43:26.703   132 28483 W C02d10/UCollectUtil-CpuCalculator: CalculateCpuLoad: invalid num of max cpu load unit
07-12 20:43:26.703   132 28483 W C02d10/UCollectUtil-CpuCalculator: CalculateCpuLoad: invalid num of max cpu load unit
07-12 20:43:26.703   132 28483 W C02d10/UCollectUtil-CpuCalculator: CalculateCpuLoad: invalid num of max cpu load unit
07-12 20:43:26.703   132 28483 W C02d10/UCollectUtil-CpuCalculator: CalculateCpuLoad: invalid num of max cpu load unit
07-12 20:43:26.703   132 28483 W C02d10/UCollectUtil-CpuCalculator: CalculateCpuLoad: invalid num of max cpu load unit
07-12 20:43:26.703   132 28483 W C02d10/UCollectUtil-CpuCalculator: CalculateCpuLoad: invalid num of max cpu load unit
07-12 20:43:26.703   132 28483 W C02d10/UCollectUtil-CpuCalculator: CalculateCpuLoad: invalid num of max cpu load unit
07-12 20:43:26.703   132 28483 W C02d10/UCollectUtil-CpuCalculator: CalculateCpuLoad: invalid num of max cpu load unit
07-12 20:43:26.703   132 28483 W C02d10/UCollectUtil-CpuCalculator: CalculateCpuLoad: invalid num of max cpu load unit
07-12 20:43:26.703   132 28483 W C02d10/UCollectUtil-CpuCalculator: CalculateCpuLoad: invalid num of max cpu load unit
07-12 20:43:26.703   132 28483 W C02d10/UCollectUtil-CpuCalculator: CalculateCpuLoad: invalid num of max cpu load unit
07-12 20:43:26.703   132 28483 W C02d10/UCollectUtil-CpuCalculator: CalculateCpuLoad: invalid num of max cpu load unit
07-12 20:43:26.703   132 28483 W C02d10/UCollectUtil-CpuCalculator: CalculateCpuLoad: invalid num of max cpu load unit
07-12 20:43:26.703   132 28483 W C02d10/UCollectUtil-CpuCalculator: CalculateCpuLoad: invalid num of max cpu load unit
07-12 20:43:26.703   132 28483 W C02d10/UCollectUtil-CpuCalculator: CalculateCpuLoad: invalid num of max cpu load unit
07-12 20:43:26.703   132 28483 W C02d10/UCollectUtil-CpuCalculator: CalculateCpuLoad: invalid num of max cpu load unit
07-12 20:43:26.703   132 28483 W C02d10/UCollectUtil-CpuCalculator: CalculateCpuLoad: invalid num of max cpu load unit
07-12 20:43:26.703   132 28483 W C02d10/UCollectUtil-CpuCalculator: CalculateCpuLoad: invalid num of max cpu load unit
07-12 20:43:26.703   132 28483 W C02d10/UCollectUtil-CpuCalculator: CalculateCpuLoad: invalid num of max cpu load unit
07-12 20:43:26.703   132 28483 W C02d10/UCollectUtil-CpuCalculator: CalculateCpuLoad: invalid num of max cpu load unit
07-12 20:43:26.703   132 28483 W C02d10/UCollectUtil-CpuCalculator: CalculateCpuLoad: invalid num of max cpu load unit
07-12 20:43:26.703   132 28483 W C02d10/UCollectUtil-CpuCalculator: CalculateCpuLoad: invalid num of max cpu load unit
07-12 20:43:26.703   132 28483 W C02d10/UCollectUtil-CpuCalculator: CalculateCpuLoad: invalid num of max cpu load unit
07-12 20:43:26.703   132 28483 W C02d10/UCollectUtil-CpuCalculator: CalculateCpuLoad: invalid num of max cpu load unit
07-12 20:43:26.703   132 28483 W C02d10/UCollectUtil-CpuCalculator: CalculateCpuLoad: invalid num of max cpu load unit
07-12 20:43:26.703   132 28483 W C02d10/UCollectUtil-CpuCalculator: CalculateCpuLoad: invalid num of max cpu load unit
07-12 20:43:26.703   132 28483 W C02d10/UCollectUtil-CpuCalculator: CalculateCpuLoad: invalid num of max cpu load unit
07-12 20:43:26.703   132 28483 W C02d10/UCollectUtil-CpuCalculator: CalculateCpuLoad: invalid num of max cpu load unit
07-12 20:43:26.703   132 28483 W C02d10/UCollectUtil-CpuCalculator: CalculateCpuLoad: invalid num of max cpu load unit
07-12 20:43:26.703   132 28483 W C02d10/UCollectUtil-CpuCalculator: CalculateCpuLoad: invalid num of max cpu load unit
07-12 20:43:26.703   132 28483 W C02d10/UCollectUtil-CpuCalculator: CalculateCpuLoad: invalid num of max cpu load unit
07-12 20:43:26.703   132 28483 W C02d10/UCollectUtil-CpuCalculator: CalculateCpuLoad: invalid num of max cpu load unit
07-12 20:43:26.703   132 28483 W C02d10/UCollectUtil-CpuCalculator: CalculateCpuLoad: invalid num of max cpu load unit
07-12 20:43:26.703   132 28483 W C02d10/UCollectUtil-CpuCalculator: CalculateCpuLoad: invalid num of max cpu load unit
07-12 20:43:26.703   132 28483 W C02d10/UCollectUtil-CpuCalculator: CalculateCpuLoad: invalid num of max cpu load unit
07-12 20:43:26.703   132 28483 W C02d10/UCollectUtil-CpuCalculator: CalculateCpuLoad: invalid num of max cpu load unit
07-12 20:43:26.703   132 28483 W C02d10/UCollectUtil-CpuCalculator: CalculateCpuLoad: invalid num of max cpu load unit
07-12 20:43:26.703   132 28483 W C02d10/UCollectUtil-CpuCalculator: CalculateCpuLoad: invalid num of max cpu load unit
07-12 20:43:26.703   132 28483 W C02d10/UCollectUtil-CpuCalculator: CalculateCpuLoad: invalid num of max cpu load unit
07-12 20:43:26.703   132 28483 W C02d10/UCollectUtil-CpuCalculator: CalculateCpuLoad: invalid num of max cpu load unit
07-12 20:43:26.703   132 28483 W C02d10/UCollectUtil-CpuCalculator: CalculateCpuLoad: invalid num of max cpu load unit
07-12 20:43:26.703   132 28483 W C02d10/UCollectUtil-CpuCalculator: CalculateCpuLoad: invalid num of max cpu load unit
07-12 20:43:26.703   132 28483 W C02d10/UCollectUtil-CpuCalculator: CalculateCpuLoad: invalid num of max cpu load unit
07-12 20:43:26.703   132 28483 W C02d10/UCollectUtil-CpuCalculator: CalculateCpuLoad: invalid num of max cpu load unit
07-12 20:43:26.703   132 28483 W C02d10/UCollectUtil-CpuCalculator: CalculateCpuLoad: invalid num of max cpu load unit
07-12 20:43:26.703   132 28483 W C02d10/UCollectUtil-CpuCalculator: CalculateCpuLoad: invalid num of max cpu load unit
07-12 20:43:26.703   132 28483 W C02d10/UCollectUtil-CpuCalculator: CalculateCpuLoad: invalid num of max cpu load unit
07-12 20:43:26.703   132 28483 W C02d10/UCollectUtil-CpuCalculator: CalculateCpuLoad: invalid num of max cpu load unit
07-12 20:43:26.703   132 28483 W C02d10/UCollectUtil-CpuCalculator: CalculateCpuLoad: invalid num of max cpu load unit
07-12 20:43:26.703   132 28483 W C02d10/UCollectUtil-CpuCalculator: CalculateCpuLoad: invalid num of max cpu load unit
07-12 20:43:26.703   132 28483 W C02d10/UCollectUtil-CpuCalculator: CalculateCpuLoad: invalid num of max cpu load unit
07-12 20:43:26.703   132 28483 W C02d10/UCollectUtil-CpuCalculator: CalculateCpuLoad: invalid num of max cpu load unit
07-12 20:43:26.703   132 28483 W C02d10/UCollectUtil-CpuCalculator: CalculateCpuLoad: invalid num of max cpu load unit
07-12 20:43:26.703   132 28483 W C02d10/UCollectUtil-CpuCalculator: CalculateCpuLoad: invalid num of max cpu load unit
07-12 20:43:26.703   132 28483 W C02d10/UCollectUtil-CpuCalculator: CalculateCpuLoad: invalid num of max cpu load unit
07-12 20:43:26.703   132 28483 W C02d10/UCollectUtil-CpuCalculator: CalculateCpuLoad: invalid num of max cpu load unit
07-12 20:43:26.703   132 28483 W C02d10/UCollectUtil-CpuCalculator: CalculateCpuLoad: invalid num of max cpu load unit
07-12 20:43:26.703   132 28483 W C02d10/UCollectUtil-CpuCalculator: CalculateCpuLoad: invalid num of max cpu load unit
07-12 20:43:26.703   132 28483 W C02d10/UCollectUtil-CpuCalculator: CalculateCpuLoad: invalid num of max cpu load unit
07-12 20:43:26.703   132 28483 W C02d10/UCollectUtil-CpuCalculator: CalculateCpuLoad: invalid num of max cpu load unit
07-12 20:43:26.703   132 28483 W C02d10/UCollectUtil-CpuCalculator: CalculateCpuLoad: invalid num of max cpu load unit
07-12 20:43:26.703   132 28483 W C02d10/UCollectUtil-CpuCalculator: CalculateCpuLoad: invalid num of max cpu load unit
07-12 20:43:26.703   132 28483 W C02d10/UCollectUtil-CpuCalculator: CalculateCpuLoad: invalid num of max cpu load unit
07-12 20:43:26.703   132 28483 W C02d10/UCollectUtil-CpuCalculator: CalculateCpuLoad: invalid num of max cpu load unit
07-12 20:43:26.703   132 28483 W C02d10/UCollectUtil-CpuCalculator: CalculateCpuLoad: invalid num of max cpu load unit
07-12 20:43:26.703   132 28483 W C02d10/UCollectUtil-CpuCalculator: CalculateCpuLoad: invalid num of max cpu load unit
07-12 20:43:26.703   132 28483 W C02d10/UCollectUtil-CpuCalculator: CalculateCpuLoad: invalid num of max cpu load unit
07-12 20:43:26.703   132 28483 W C02d10/UCollectUtil-CpuCalculator: CalculateCpuLoad: invalid num of max cpu load unit
07-12 20:43:26.703   132 28483 W C02d10/UCollectUtil-CpuCalculator: CalculateCpuLoad: invalid num of max cpu load unit
07-12 20:43:26.703   132 28483 W C02d10/UCollectUtil-CpuCalculator: CalculateCpuLoad: invalid num of max cpu load unit
07-12 20:43:26.703   132 28483 W C02d10/UCollectUtil-CpuCalculator: CalculateCpuLoad: invalid num of max cpu load unit
07-12 20:43:26.703   132 28483 W C02d10/UCollectUtil-CpuCalculator: CalculateCpuLoad: invalid num of max cpu load unit
07-12 20:43:26.703   132 28483 W C02d10/UCollectUtil-CpuCalculator: CalculateCpuLoad: invalid num of max cpu load unit
07-12 20:43:26.703   132 28483 W C02d10/UCollectUtil-CpuCalculator: CalculateCpuLoad: invalid num of max cpu load unit
07-12 20:43:26.703   132 28483 W C02d10/UCollectUtil-CpuCalculator: CalculateCpuLoad: invalid num of max cpu load unit
07-12 20:43:26.703   132 28483 W C02d10/UCollectUtil-CpuCalculator: CalculateCpuLoad: invalid num of max cpu load unit
07-12 20:43:26.703   132 28483 W C02d10/UCollectUtil-CpuCalculator: CalculateCpuLoad: invalid num of max cpu load unit
07-12 20:43:26.703   132 28483 W C02d10/UCollectUtil-CpuCalculator: CalculateCpuLoad: invalid num of max cpu load unit
07-12 20:43:26.703   132 28483 W C02d10/UCollectUtil-CpuCalculator: CalculateCpuLoad: invalid num of max cpu load unit
07-12 20:43:26.703   132 28483 W C02d10/UCollectUtil-CpuCalculator: CalculateCpuLoad: invalid num of max cpu load unit
07-12 20:43:26.703   132 28483 W C02d10/UCollectUtil-CpuCalculator: CalculateCpuLoad: invalid num of max cpu load unit
07-12 20:43:26.703   132 28483 W C02d10/UCollectUtil-CpuCalculator: CalculateCpuLoad: invalid num of max cpu load unit
07-12 20:43:26.703   132 28483 W C02d10/UCollectUtil-CpuCalculator: CalculateCpuLoad: invalid num of max cpu load unit
07-12 20:43:26.703   132 28483 W C02d10/UCollectUtil-CpuCalculator: CalculateCpuLoad: invalid num of max cpu load unit
07-12 20:43:26.703   132 28483 W C02d10/UCollectUtil-CpuCalculator: CalculateCpuLoad: invalid num of max cpu load unit
07-12 20:43:26.703   132 28483 W C02d10/UCollectUtil-CpuCalculator: CalculateCpuLoad: invalid num of max cpu load unit
07-12 20:43:26.703   132 28483 W C02d10/UCollectUtil-CpuCalculator: CalculateCpuLoad: invalid num of max cpu load unit
07-12 20:43:26.703   132 28483 W C02d10/UCollectUtil-CpuCalculator: CalculateCpuLoad: invalid num of max cpu load unit
07-12 20:43:26.703   132 28483 W C02d10/UCollectUtil-CpuCalculator: CalculateCpuLoad: invalid num of max cpu load unit
07-12 20:43:26.703   132 28483 W C02d10/UCollectUtil-CpuCalculator: CalculateCpuLoad: invalid num of max cpu load unit
07-12 20:43:26.703   132 28483 W C02d10/UCollectUtil-CpuCalculator: CalculateCpuLoad: invalid num of max cpu load unit
07-12 20:43:26.703   132 28483 W C02d10/UCollectUtil-CpuCalculator: CalculateCpuLoad: invalid num of max cpu load unit
07-12 20:43:26.703   132 28483 W C02d10/UCollectUtil-CpuCalculator: CalculateCpuLoad: invalid num of max cpu load unit
07-12 20:43:26.703   132 28483 W C02d10/UCollectUtil-CpuCalculator: CalculateCpuLoad: invalid num of max cpu load unit
07-12 20:43:26.703   132 28483 W C02d10/UCollectUtil-CpuCalculator: CalculateCpuLoad: invalid num of max cpu load unit
07-12 20:43:26.703   132 28483 W C02d10/UCollectUtil-CpuCalculator: CalculateCpuLoad: invalid num of max cpu load unit
07-12 20:43:26.703   132 28483 W C02d10/UCollectUtil-CpuCalculator: CalculateCpuLoad: invalid num of max cpu load unit
07-12 20:43:26.703   132 28483 W C02d10/UCollectUtil-CpuCalculator: CalculateCpuLoad: invalid num of max cpu load unit
07-12 20:43:26.703   132 28483 W C02d10/UCollectUtil-CpuCalculator: CalculateCpuLoad: invalid num of max cpu load unit
07-12 20:43:26.703   132 28483 W C02d10/UCollectUtil-CpuCalculator: CalculateCpuLoad: invalid num of max cpu load unit
07-12 20:43:26.703   132 28483 W C02d10/UCollectUtil-CpuCalculator: CalculateCpuLoad: invalid num of max cpu load unit
07-12 20:43:26.703   132 28483 W C02d10/UCollectUtil-CpuCalculator: CalculateCpuLoad: invalid num of max cpu load unit
07-12 20:43:26.703   132 28483 W C02d10/UCollectUtil-CpuCalculator: CalculateCpuLoad: invalid num of max cpu load unit
07-12 20:43:26.703   132 28483 W C02d10/UCollectUtil-CpuCalculator: CalculateCpuLoad: invalid num of max cpu load unit
07-12 20:43:26.704   132 28483 W C02d10/UCollectUtil-CpuCalculator: CalculateCpuLoad: invalid num of max cpu load unit
07-12 20:43:26.704   132 28483 W C02d10/UCollectUtil-CpuCalculator: CalculateCpuLoad: invalid num of max cpu load unit
07-12 20:43:26.704   132 28483 W C02d10/UCollectUtil-CpuCalculator: CalculateCpuLoad: invalid num of max cpu load unit
07-12 20:43:26.704   132 28483 W C02d10/UCollectUtil-CpuCalculator: CalculateCpuLoad: invalid num of max cpu load unit
07-12 20:43:26.704   132 28483 W C02d10/UCollectUtil-CpuCalculator: CalculateCpuLoad: invalid num of max cpu load unit
07-12 20:43:26.704   132 28483 W C02d10/UCollectUtil-CpuCalculator: CalculateCpuLoad: invalid num of max cpu load unit
07-12 20:43:26.704   132 28483 W C02d10/UCollectUtil-CpuCalculator: CalculateCpuLoad: invalid num of max cpu load unit
07-12 20:43:26.704   132 28483 W C02d10/UCollectUtil-CpuCalculator: CalculateCpuLoad: invalid num of max cpu load unit
07-12 20:43:26.704   132 28483 W C02d10/UCollectUtil-CpuCalculator: CalculateCpuLoad: invalid num of max cpu load unit
07-12 20:43:26.704   132 28483 W C02d10/UCollectUtil-CpuCalculator: CalculateCpuLoad: invalid num of max cpu load unit
07-12 20:43:26.704   132 28483 W C02d10/UCollectUtil-CpuCalculator: CalculateCpuLoad: invalid num of max cpu load unit
07-12 20:43:26.704   132 28483 W C02d10/UCollectUtil-CpuCalculator: CalculateCpuLoad: invalid num of max cpu load unit
07-12 20:43:26.704   132 28483 W C02d10/UCollectUtil-CpuCalculator: CalculateCpuLoad: invalid num of max cpu load unit
07-12 20:43:26.704   132 28483 W C02d10/UCollectUtil-CpuCalculator: CalculateCpuLoad: invalid num of max cpu load unit
07-12 20:43:26.704   132 28483 W C02d10/UCollectUtil-CpuCalculator: CalculateCpuLoad: invalid num of max cpu load unit
07-12 20:43:26.705   132 28483 W C02d10/UCollectUtil-CpuCalculator: CalculateCpuLoad: invalid num of max cpu load unit
07-12 20:43:26.705   132 28483 W C02d10/UCollectUtil-CpuCalculator: CalculateCpuLoad: invalid num of max cpu load unit
07-12 20:43:26.705   132 28483 W C02d10/UCollectUtil-CpuCalculator: CalculateCpuLoad: invalid num of max cpu load unit
07-12 20:43:26.705   132 28483 W C02d10/UCollectUtil-CpuCalculator: CalculateCpuLoad: invalid num of max cpu load unit
07-12 20:43:26.705   132 28483 W C02d10/UCollectUtil-CpuCalculator: CalculateCpuLoad: invalid num of max cpu load unit
07-12 20:43:26.705   132 28483 W C02d10/UCollectUtil-CpuCalculator: CalculateCpuLoad: invalid num of max cpu load unit
07-12 20:43:26.705   132 28483 W C02d10/UCollectUtil-CpuCalculator: CalculateCpuLoad: invalid num of max cpu load unit
07-12 20:43:26.705   132 28483 W C02d10/UCollectUtil-CpuCalculator: CalculateCpuLoad: invalid num of max cpu load unit
07-12 20:43:26.705   132 28483 W C02d10/UCollectUtil-CpuCalculator: CalculateCpuLoad: invalid num of max cpu load unit
07-12 20:43:26.705   132 28483 W C02d10/UCollectUtil-CpuCalculator: CalculateCpuLoad: invalid num of max cpu load unit
07-12 20:43:26.705   132 28483 W C02d10/UCollectUtil-CpuCalculator: CalculateCpuLoad: invalid num of max cpu load unit
07-12 20:43:26.705   132 28483 W C02d10/UCollectUtil-CpuCalculator: CalculateCpuLoad: invalid num of max cpu load unit
07-12 20:43:26.705   132 28483 W C02d10/UCollectUtil-CpuCalculator: CalculateCpuLoad: invalid num of max cpu load unit
07-12 20:43:26.705   132 28483 W C02d10/UCollectUtil-CpuCalculator: CalculateCpuLoad: invalid num of max cpu load unit
07-12 20:43:26.705   132 28483 W C02d10/UCollectUtil-CpuCalculator: CalculateCpuLoad: invalid num of max cpu load unit
07-12 20:43:26.705   132 28483 W C02d10/UCollectUtil-CpuCalculator: CalculateCpuLoad: invalid num of max cpu load unit
07-12 20:43:26.705   132 28483 W C02d10/UCollectUtil-CpuCalculator: CalculateCpuLoad: invalid num of max cpu load unit
07-12 20:43:26.705   132 28483 W C02d10/UCollectUtil-CpuCalculator: CalculateCpuLoad: invalid num of max cpu load unit
07-12 20:43:26.705   132 28483 W C02d10/UCollectUtil-CpuCalculator: CalculateCpuLoad: invalid num of max cpu load unit
07-12 20:43:26.705   132 28483 W C02d10/UCollectUtil-CpuCalculator: CalculateCpuLoad: invalid num of max cpu load unit
07-12 20:43:26.705   132 28483 W C02d10/UCollectUtil-CpuCalculator: CalculateCpuLoad: invalid num of max cpu load unit
07-12 20:43:26.705   132 28483 W C02d10/UCollectUtil-CpuCalculator: CalculateCpuLoad: invalid num of max cpu load unit
07-12 20:43:26.991  1714  1831 I C0430a/file_monitor_service: [MainMissionStatus:197]CanExit
07-12 20:43:26.991  1714  1831 I C0430a/file_monitor_service: [MainMissionStatus:203]SecondaryScanner idle
07-12 20:43:27.063   902  6971 I C01409/APS_MANAGER: SetScene pkgName = com.huawei.hmos.inputmethod, scene = IME_SCENE, state = 1
07-12 20:43:27.063   902  6971 W C01409/APS_MANAGER: FrameRateControl removeSceneInfo: unknow scene!
07-12 20:43:27.094 31710 31710 W C02c02/PARAM: Selinux check name persist.init.debug.loglevel in u:object_r:startup_init_param:s0 [31710 2000 2000] failed
07-12 20:43:27.094 31710 31710 W C02c02/PARAM: Selinux check name persist.init.debug.loglevel in u:object_r:startup_init_param:s0 [31710 2000 2000] failed
07-12 20:43:27.095 31710 31710 W C02c02/PARAM: SystemReadParam failed!name is:persist.init.debug.loglevel,err:1002
07-12 20:43:27.117 31710 31710 W C02c02/PARAM: Selinux check name persist.init.debug.loglevel in u:object_r:startup_init_param:s0 [31710 2000 2000] failed
07-12 20:43:27.118 31710 31710 W C02c02/PARAM: Selinux check name persist.init.debug.loglevel in u:object_r:startup_init_param:s0 [31710 2000 2000] failed
07-12 20:43:27.119 31710 31710 W C02c02/PARAM: SystemReadParam failed!name is:persist.init.debug.loglevel,err:1002
07-12 20:43:27.343   698  1691 I C02986/DisplayPowerBrightness: lux=[0/32439380, 0/32439558, 0/32439745, 0/32439958, 0/32440127, 0/32440308, ], bDelta=5.000000, dDelta=1.000000, size=43
07-12 20:43:27.451  1504  1504 W A01c06/ICON: AppIconWeatherModel --> initWeatherListener, retryTimes: 4
07-12 20:43:27.538   444  1339 E C01707/CONCUR: [Interface] task 1339 apply qos failed, errno = 4
07-12 20:43:27.538   444  1339 E C01611/QosManager: QosManager: Failed to set thread QoS to QOS_USER_INTERACTIVE, ret: -1
07-12 20:43:27.543   811  1123 W C01123/BMSCommon: bundle not exist -n com.huawei.hmsapp.totemweather -u 100 -i 0 -f 32
07-12 20:43:27.544   811  1123 W C01121/BMSQuery: GetBundleInfo failed -n com.huawei.hmsapp.totemweather -u 100
07-12 20:43:27.544   444  1339 E C01651/BundleMgrProxy: GetBundleInfoFromBMS: GetBundleInfo failed!bundleName is com.huawei.hmsapp.totemweather, userId is 100
07-12 20:43:27.544   444  1339 E C01651/DataProviderConfig: GetFromProxyData: Get bundleInfo failed! bundleName:com.huawei.hmsapp.totemweather, userId:100, visitedId:100, uri:******icIconInfo
07-12 20:43:27.544   444  1339 E C01651/DataShareServiceImpl: GetBMSAndMetaDataStatus: CalledInfo failed! token:0x2006055d,ret:1001,uri:******icIconInfo
07-12 20:43:27.544   444  1339 E C01651/DataShareServiceImpl: GetSilentProxyStatus: BMS or metaData not ready to complete, token:0x2006055d, uri:******icIconInfo
07-12 20:43:27.545  1504  1504 E A01c06/ICON: AppIconWeatherModel --> get weather info failed, code: 15700010, message: The DataShareHelper is not initialized successfully.
07-12 20:43:27.754   130  1110 I C01800/SAMGR: NF SA:65962,902_69476
07-12 20:43:27.911 31713 31713 W C02c02/PARAM: Selinux check name persist.init.debug.loglevel in u:object_r:startup_init_param:s0 [31713 2000 2000] failed
