07-12 20:42:41.873   444  1339 E C01707/CONCUR: [Interface] task 1339 apply qos failed, errno = 4
07-12 20:42:41.873   444  1339 E C01611/QosManager: QosManager: Failed to set thread QoS to QOS_USER_INTERACTIVE, ret: -1
07-12 20:42:41.882   811   994 W C01123/BMSCommon: bundle not exist -n com.huawei.hmsapp.totemweather -u 100 -i 0 -f 32
07-12 20:42:41.882   811   994 W C01121/BMSQuery: GetBundleInfo failed -n com.huawei.hmsapp.totemweather -u 100
07-12 20:42:41.882   444  1339 E C01651/BundleMgrProxy: GetBundleInfoFromBMS: GetBundleInfo failed!bundleName is com.huawei.hmsapp.totemweather, userId is 100
07-12 20:42:42.018   444  1339 E C01651/DataProviderConfig: GetFromProxyData: Get bundleInfo failed! bundleName:com.huawei.hmsapp.totemweather, userId:100, visitedId:100, uri:******icIconInfo
07-12 20:42:42.018   444  1339 E C01651/DataShareServiceImpl: GetBMSAndMetaDataStatus: CalledInfo failed! token:0x2006055d,ret:1001,uri:******icIconInfo
07-12 20:42:42.022   444  1339 E C01651/DataShareServiceImpl: GetSilentProxyStatus: BMS or metaData not ready to complete, token:0x2006055d, uri:******icIconInfo
07-12 20:42:42.022   444  1339 W C057c3/IPCObjectStub: SendRequestInner: Stub(desc:*.ServiceProxy) code:116 cost:594ms
07-12 20:42:42.024  1504  1504 E A01c06/ICON: AppIconWeatherModel --> get weather info failed, code: 15700010, message: The DataShareHelper is not initialized successfully.
07-12 20:42:42.040   130  1110 I C01800/SAMGR: NF SA:65962,902_69394
07-12 20:42:42.150  1714  1831 I C0430a/file_monitor_service: [MainMissionStatus:197]CanExit
07-12 20:42:42.150  1714  1831 I C0430a/file_monitor_service: [MainMissionStatus:203]SecondaryScanner idle
07-12 20:42:42.182   595   800 W C02943/ThermalHdi: Read node failed, title = brightness
07-12 20:42:42.182   595   800 W C02943/ThermalHdi: Read node failed, title = 
07-12 20:42:42.182   595   800 W C02943/ThermalHdi: Read node failed, title = 
07-12 20:42:42.182   595   800 W C02943/ThermalHdi: Read node failed, title = 
07-12 20:42:42.182   595   800 W C02943/ThermalHdi: Read node failed, title = 
07-12 20:42:42.182   595   800 W C02943/ThermalHdi: Read node failed, title = 
07-12 20:42:42.182   595   800 W C02943/ThermalHdi: Read node failed, title = 
07-12 20:42:42.182   595   800 W C02943/ThermalHdi: Read node failed, title = 
07-12 20:42:42.182   595   800 W C02943/ThermalHdi: Read node failed, title = 
07-12 20:42:42.182   595   800 W C02943/ThermalHdi: Read node failed, title = 
07-12 20:42:42.182   595   800 W C02943/ThermalHdi: Read node failed, title = 
07-12 20:42:42.182   595   800 W C02943/ThermalHdi: Read node failed, title = 
07-12 20:42:42.182   595   800 W C02943/ThermalHdi: Read node failed, title = 
07-12 20:42:42.182   595   800 W C02943/ThermalHdi: Read node failed, title = 
07-12 20:42:42.182   595   800 W C02943/ThermalHdi: Read node failed, title = 
07-12 20:42:42.182   595   800 W C02943/ThermalHdi: Read node failed, title = 
07-12 20:42:42.182   595   800 W C02943/ThermalHdi: Read node failed, title = 
07-12 20:42:42.182   595   800 W C02943/ThermalHdi: Read node failed, title = 
07-12 20:42:42.182   595   800 W C02943/ThermalHdi: Read node failed, title = 
07-12 20:42:42.182   595   800 W C02943/ThermalHdi: Read node failed, title = 
07-12 20:42:42.182   595   800 W C02943/ThermalHdi: Read node failed, title = 
07-12 20:42:42.182   595   800 W C02943/ThermalHdi: Read node failed, title = 
07-12 20:42:42.182   595   800 W C02943/ThermalHdi: Read node failed, title = 
07-12 20:42:42.182   595   800 W C02943/ThermalHdi: Read node failed, title = 
07-12 20:42:42.182   595   800 W C02943/ThermalHdi: Read node failed, title = 
07-12 20:42:42.182   595   800 W C02943/ThermalHdi: Read node failed, title = ambient
07-12 20:42:42.182   595   800 W C02943/ThermalHdi: Read node failed, title = ibat
07-12 20:42:42.182   595   800 W C02943/ThermalHdi: Read node failed, title = vbat
07-12 20:42:42.182   595   800 W C02943/ThermalHdi: Read node failed, title = cpu0_min_freq
07-12 20:42:42.182   595   800 W C02943/ThermalHdi: Read node failed, title = cpu0_cur_freq
07-12 20:42:42.182   595   800 W C02943/ThermalHdi: Read node failed, title = cpu0_max_freq
07-12 20:42:42.182   595   800 W C02943/ThermalHdi: Read node failed, title = cpu4_min_freq
07-12 20:42:42.182   595   800 W C02943/ThermalHdi: Read node failed, title = cpu4_cur_freq
07-12 20:42:42.182   595   800 W C02943/ThermalHdi: Read node failed, title = cpu4_max_freq
07-12 20:42:42.182   595   800 W C02943/ThermalHdi: Read node failed, title = cpu7_min_freq
07-12 20:42:42.182   595   800 W C02943/ThermalHdi: Read node failed, title = cpu7_cur_freq
07-12 20:42:42.182   595   800 W C02943/ThermalHdi: Read node failed, title = cpu7_max_freq
07-12 20:42:42.182   595   800 W C02943/ThermalHdi: Read node failed, title = gpu_min_freq
07-12 20:42:42.182   595   800 W C02943/ThermalHdi: Read node failed, title = gpu_cur_freq
07-12 20:42:42.182   595   800 W C02943/ThermalHdi: Read node failed, title = gpu_max_freq
07-12 20:42:42.182   595   800 W C02943/ThermalHdi: Read node failed, title = ddr_cur_freq
07-12 20:42:42.182   595   800 W C02943/ThermalHdi: Read node failed, title = set_IPApower
07-12 20:42:42.182   595   800 W C02943/ThermalHdi: Read node failed, title = cur_IPApower
07-12 20:42:42.182   595   800 W C02943/ThermalHdi: get node failed
07-12 20:42:42.183   595   800 W C02943/ThermalHdi: get node failed
07-12 20:42:42.183   595   800 W C02943/ThermalHdi: get node failed
07-12 20:42:42.303   130  1110 I C01800/SAMGR: NF SA:65962,902_69395
07-12 20:42:42.482   698  1804 I C02986/DisplayPowerBrightness: lux=[0/32394292, 0/32394582, 0/32394785, 0/32394987, 0/32395287, 0/32395448, ], bDelta=5.000000, dDelta=1.000000, size=39
07-12 20:42:42.604   130  1110 I C01800/SAMGR: NF SA:65962,902_69396
07-12 20:42:42.605   546 31360 I C02300/FenceExtension: start connectAbility,userId:-1
07-12 20:42:42.605   546 31360 I C02300/FenceExtension: ConnectAbility
07-12 20:42:42.605   546 31360 I C01342/ServiceExt: [AMC599]name:com.huawei.hmos.location SAFeatureServiceExtensionAbility, userId:-1
07-12 20:42:42.613   811   994 I C01342/ServiceExt: [a92ab98bc293bde, 222eff6, 0] [ABMS5529]element: com.huawei.hmos.location/SAFeatureServiceExtensionAbility
07-12 20:42:42.616   811   994 W C01123/BMSCommon: [a92ab98bc293bde, 222eff6, 0] uid(1021) invalid
07-12 20:42:42.616   811   994 I C01336/AMS: [a92ab98bc293bde, 222eff6, 0] [start_ability_utils.cpp54]appIndex:-1
07-12 20:42:42.617   811   994 I C01121/BMSQuery: [a92ab98bc293bde, 222eff6, 0] ExplicitQueryAbility no match -n com.huawei.hmos.location -a SAFeatureServiceExtensionAbility -u 100 -i 0
07-12 20:42:42.623   811   994 W C01121/BMSQuery: [a92ab98bc293bde, 222eff6, 0] bundle_data_mgr.cpp:ExplicitQueryExtensionInfo:7268 extensionAbility not found or disabled
07-12 20:42:42.623   811   994 I C01121/BMSQuery: [a92ab98bc293bde, 222eff6, 0] ExplicitQueryExtension size:0 -n com.huawei.hmos.location -e SAFeatureServiceExtensionAbility -u 100 -i 0
07-12 20:42:42.623   811   994 W C01121/BMSQuery: [a92ab98bc293bde, 222eff6, 0] bundle_mgr_host_impl.cpp:QueryExtensionAbilityInfos:3425 no valid extension info can be inquired
07-12 20:42:42.623   811   994 E C01336/AMS: [a92ab98bc293bde, 222eff6, 0] [start_ability_utils.cpp290]extensionInfo empty
07-12 20:42:42.624   811   994 E C01342/ServiceExt: [a92ab98bc293bde, 222eff6, 0] [ABMS5868]generate request error
07-12 20:42:42.641   546 31360 E C02300/FenceExtension: [(DoConnect:153)]CONNECT_ABILITY_FAILED,ret:2097152
07-12 20:42:42.641   546 31360 I C02300/FenceExtension: start connectAbility,userId:-1
07-12 20:42:42.641   546 31360 I C02300/FenceExtension: ConnectAbility
07-12 20:42:42.641   546 31360 I C01342/ServiceExt: [AMC599]name:com.huawei.hmos.location SAFeatureServiceExtensionAbility, userId:-1
07-12 20:42:42.641   811   823 I C01342/ServiceExt: [a92aba8bc29c920, 2762f19, 0] [ABMS5529]element: com.huawei.hmos.location/SAFeatureServiceExtensionAbility
07-12 20:42:42.752   811   823 W C01123/BMSCommon: [a92aba8bc29c920, 2762f19, 0] uid(1021) invalid
07-12 20:42:42.753   811   823 I C01336/AMS: [a92aba8bc29c920, 2762f19, 0] [start_ability_utils.cpp54]appIndex:-1
07-12 20:42:42.753   811   823 I C01121/BMSQuery: [a92aba8bc29c920, 2762f19, 0] ExplicitQueryAbility no match -n com.huawei.hmos.location -a SAFeatureServiceExtensionAbility -u 100 -i 0
07-12 20:42:42.831   130  1110 I C01800/SAMGR: NF SA:65962,902_69397
07-12 20:42:42.862   811   823 W C01121/BMSQuery: [a92aba8bc29c920, 2762f19, 0] bundle_data_mgr.cpp:ExplicitQueryExtensionInfo:7268 extensionAbility not found or disabled
07-12 20:42:42.862   811   823 I C01121/BMSQuery: [a92aba8bc29c920, 2762f19, 0] ExplicitQueryExtension size:0 -n com.huawei.hmos.location -e SAFeatureServiceExtensionAbility -u 100 -i 0
07-12 20:42:42.862   811   823 W C01121/BMSQuery: [a92aba8bc29c920, 2762f19, 0] bundle_mgr_host_impl.cpp:QueryExtensionAbilityInfos:3425 no valid extension info can be inquired
07-12 20:42:42.862   811   823 E C01336/AMS: [a92aba8bc29c920, 2762f19, 0] [start_ability_utils.cpp290]extensionInfo empty
07-12 20:42:42.863   811   823 E C01342/ServiceExt: [a92aba8bc29c920, 2762f19, 0] [ABMS5868]generate request error
07-12 20:42:42.863   546 31360 E C02300/FenceExtension: [(DoConnect:153)]CONNECT_ABILITY_FAILED,ret:2097152
07-12 20:42:42.863   546 31360 W C02300/FenceExtension: connect failed,retry again
07-12 20:42:43.083   130  1110 I C01800/SAMGR: NF SA:65962,902_69398
07-12 20:42:43.083   902   947 E C01810/SA_CLIENT: GetSaWrap SA:65962 not start
07-12 20:42:43.083   902   947 I C01409/APS_MANAGER: request system service object is not ready yet!
07-12 20:42:43.090  1504  1504 W A01c06/ICON: AppIconWeatherModel --> initWeatherListener, retryTimes: 4
07-12 20:42:43.193  1714  1831 I C0430a/file_monitor_service: [MainMissionStatus:197]CanExit
07-12 20:42:43.193  1714  1831 I C0430a/file_monitor_service: [MainMissionStatus:203]SecondaryScanner idle
07-12 20:42:43.312   902  2554 I C01409/APS_MANAGER: SetScene pkgName = com.huawei.hmos.inputmethod, scene = IME_SCENE, state = 1
07-12 20:42:43.312   902  2554 W C01409/APS_MANAGER: FrameRateControl removeSceneInfo: unknow scene!
07-12 20:42:44.302  1714  1831 I C0430a/file_monitor_service: [MainMissionStatus:197]CanExit
07-12 20:42:44.302  1714  1831 I C0430a/file_monitor_service: [MainMissionStatus:203]SecondaryScanner idle
07-12 20:42:44.816  2346  2346 I C02500/Qemud: Guest heartbeat success.
07-12 20:42:44.859   444  1339 E C01707/CONCUR: [Interface] task 1339 apply qos failed, errno = 4
07-12 20:42:44.859   444  1339 E C01611/QosManager: QosManager: Failed to set thread QoS to QOS_USER_INTERACTIVE, ret: -1
07-12 20:42:44.867   811   823 W C01123/BMSCommon: bundle not exist -n com.huawei.hmsapp.totemweather -u 100 -i 0 -f 32
07-12 20:42:44.867   811   823 W C01121/BMSQuery: GetBundleInfo failed -n com.huawei.hmsapp.totemweather -u 100
07-12 20:42:44.867   444  1339 E C01651/BundleMgrProxy: GetBundleInfoFromBMS: GetBundleInfo failed!bundleName is com.huawei.hmsapp.totemweather, userId is 100
07-12 20:42:44.867   444  1339 E C01651/DataProviderConfig: GetFromProxyData: Get bundleInfo failed! bundleName:com.huawei.hmsapp.totemweather, userId:100, visitedId:100, uri:******icIconInfo
07-12 20:42:44.867   444  1339 E C01651/DataShareServiceImpl: GetBMSAndMetaDataStatus: CalledInfo failed! token:0x2006055d,ret:1001,uri:******icIconInfo
07-12 20:42:44.867   444  1339 E C01651/DataShareServiceImpl: GetSilentProxyStatus: BMS or metaData not ready to complete, token:0x2006055d, uri:******icIconInfo
07-12 20:42:44.867   444  1339 W C057c3/IPCObjectStub: SendRequestInner: Stub(desc:*.ServiceProxy) code:116 cost:1771ms
07-12 20:42:44.887   307 31427 W C01f04/MultiSimontroller: [GetSimAccountInfo-(multi_sim_controller.cpp:1141)] slotId 0 is invalid
07-12 20:42:44.888   307 31427 E C01f04/TelephonySubsystem: GetSimAccountInfo fail!
07-12 20:42:44.891  1504  1504 E A01c06/ICON: AppIconWeatherModel --> get weather info failed, code: 15700010, message: The DataShareHelper is not initialized successfully.
07-12 20:42:45.301   130  1110 I C01800/SAMGR: NF SA:65962,902_69399
07-12 20:42:45.307 31529 31529 W C02c02/PARAM: Selinux check name persist.init.debug.loglevel in u:object_r:startup_init_param:s0 [31529 2000 2000] failed
07-12 20:42:45.307 31529 31529 W C02c02/PARAM: Selinux check name persist.init.debug.loglevel in u:object_r:startup_init_param:s0 [31529 2000 2000] failed
07-12 20:42:45.307 31529 31529 W C02c02/PARAM: SystemReadParam failed!name is:persist.init.debug.loglevel,err:1002
07-12 20:42:45.316   416   424 W C01c42/TimeService: uid:1096 id:3141527 wk:0
07-12 20:42:45.317   416   424 W C01c42/TimeService: id:3141527 we:32402965
07-12 20:42:45.317   416   424 W C01c42/TimeService: t3 32402965
07-12 20:42:45.317  1714  1831 I C0430a/file_monitor_service: [MainMissionStatus:197]CanExit
07-12 20:42:45.317  1714  1831 I C0430a/file_monitor_service: [MainMissionStatus:203]SecondaryScanner idle
07-12 20:42:45.415 31533 31533 W C02c02/PARAM: Selinux check name persist.init.debug.loglevel in u:object_r:startup_init_param:s0 [31533 2000 2000] failed
07-12 20:42:45.415 31533 31533 W C02c02/PARAM: Selinux check name persist.init.debug.loglevel in u:object_r:startup_init_param:s0 [31533 2000 2000] failed
07-12 20:42:45.415 31533 31533 W C02c02/PARAM: SystemReadParam failed!name is:persist.init.debug.loglevel,err:1002
07-12 20:42:45.527   698  1804 I C02986/DisplayPowerBrightness: lux=[0/32395287, 0/32395448, 0/32396162, 0/32396453, 0/32396737, 0/32398492, ], bDelta=5.000000, dDelta=1.000000, size=28
07-12 20:42:45.527   130  1110 I C01800/SAMGR: NF SA:65962,902_69400
07-12 20:42:45.675 31531 31531 W C02c02/PARAM: Selinux check name persist.init.debug.loglevel in u:object_r:startup_init_param:s0 [31531 2000 2000] failed
07-12 20:42:45.675 31531 31531 W C02c02/PARAM: Selinux check name persist.init.debug.loglevel in u:object_r:startup_init_param:s0 [31531 2000 2000] failed
07-12 20:42:45.675 31531 31531 W C02c02/PARAM: SystemReadParam failed!name is:persist.init.debug.loglevel,err:1002
07-12 20:42:45.772   130  1110 I C01800/SAMGR: NF SA:65962,902_69401
07-12 20:42:45.792   902  2554 I C01409/APS_MANAGER: SetScene pkgName = com.huawei.hmos.inputmethod, scene = IME_SCENE, state = 1
07-12 20:42:45.792   902  2554 W C01409/APS_MANAGER: FrameRateControl removeSceneInfo: unknow scene!
07-12 20:42:45.794   132 28483 I C02d10/CpuCollector: CalculateProcessCpuStatInfos: startTime=1783860155682, endTime=1783860165794, startBootTime=32388647, endBootTime=32398759, period=10112, isNeedUpdate=1
07-12 20:42:45.794   132 28483 W C02d10/UCollectUtil-CpuCalculator: CalculateCpuLoad: invalid num of max cpu load unit
07-12 20:42:45.794   132 28483 W C02d10/UCollectUtil-CpuCalculator: CalculateCpuLoad: invalid num of max cpu load unit
07-12 20:42:45.794   132 28483 W C02d10/UCollectUtil-CpuCalculator: CalculateCpuLoad: invalid num of max cpu load unit
07-12 20:42:45.794   132 28483 W C02d10/UCollectUtil-CpuCalculator: CalculateCpuLoad: invalid num of max cpu load unit
07-12 20:42:45.794   132 28483 W C02d10/UCollectUtil-CpuCalculator: CalculateCpuLoad: invalid num of max cpu load unit
07-12 20:42:45.794   132 28483 W C02d10/UCollectUtil-CpuCalculator: CalculateCpuLoad: invalid num of max cpu load unit
07-12 20:42:45.794   132 28483 W C02d10/UCollectUtil-CpuCalculator: CalculateCpuLoad: invalid num of max cpu load unit
07-12 20:42:45.794   132 28483 W C02d10/UCollectUtil-CpuCalculator: CalculateCpuLoad: invalid num of max cpu load unit
07-12 20:42:45.794   132 28483 W C02d10/UCollectUtil-CpuCalculator: CalculateCpuLoad: invalid num of max cpu load unit
07-12 20:42:45.794   132 28483 W C02d10/UCollectUtil-CpuCalculator: CalculateCpuLoad: invalid num of max cpu load unit
07-12 20:42:45.794   132 28483 W C02d10/UCollectUtil-CpuCalculator: CalculateCpuLoad: invalid num of max cpu load unit
07-12 20:42:45.794   132 28483 W C02d10/UCollectUtil-CpuCalculator: CalculateCpuLoad: invalid num of max cpu load unit
07-12 20:42:45.794   132 28483 W C02d10/UCollectUtil-CpuCalculator: CalculateCpuLoad: invalid num of max cpu load unit
07-12 20:42:45.794   132 28483 W C02d10/UCollectUtil-CpuCalculator: CalculateCpuLoad: invalid num of max cpu load unit
07-12 20:42:45.794   132 28483 W C02d10/UCollectUtil-CpuCalculator: CalculateCpuLoad: invalid num of max cpu load unit
07-12 20:42:45.794   132 28483 W C02d10/UCollectUtil-CpuCalculator: CalculateCpuLoad: invalid num of max cpu load unit
07-12 20:42:45.794   132 28483 W C02d10/UCollectUtil-CpuCalculator: CalculateCpuLoad: invalid num of max cpu load unit
07-12 20:42:45.794   132 28483 W C02d10/UCollectUtil-CpuCalculator: CalculateCpuLoad: invalid num of max cpu load unit
07-12 20:42:45.794   132 28483 W C02d10/UCollectUtil-CpuCalculator: CalculateCpuLoad: invalid num of max cpu load unit
07-12 20:42:45.794   132 28483 W C02d10/UCollectUtil-CpuCalculator: CalculateCpuLoad: invalid num of max cpu load unit
07-12 20:42:45.794   132 28483 W C02d10/UCollectUtil-CpuCalculator: CalculateCpuLoad: invalid num of max cpu load unit
07-12 20:42:45.794   132 28483 W C02d10/UCollectUtil-CpuCalculator: CalculateCpuLoad: invalid num of max cpu load unit
07-12 20:42:45.794   132 28483 W C02d10/UCollectUtil-CpuCalculator: CalculateCpuLoad: invalid num of max cpu load unit
07-12 20:42:45.794   132 28483 W C02d10/UCollectUtil-CpuCalculator: CalculateCpuLoad: invalid num of max cpu load unit
07-12 20:42:45.794   132 28483 W C02d10/UCollectUtil-CpuCalculator: CalculateCpuLoad: invalid num of max cpu load unit
07-12 20:42:45.794   132 28483 W C02d10/UCollectUtil-CpuCalculator: CalculateCpuLoad: invalid num of max cpu load unit
07-12 20:42:45.794   132 28483 W C02d10/UCollectUtil-CpuCalculator: CalculateCpuLoad: invalid num of max cpu load unit
07-12 20:42:45.794   132 28483 W C02d10/UCollectUtil-CpuCalculator: CalculateCpuLoad: invalid num of max cpu load unit
07-12 20:42:45.794   132 28483 W C02d10/UCollectUtil-CpuCalculator: CalculateCpuLoad: invalid num of max cpu load unit
07-12 20:42:45.794   132 28483 W C02d10/UCollectUtil-CpuCalculator: CalculateCpuLoad: invalid num of max cpu load unit
07-12 20:42:45.794   132 28483 W C02d10/UCollectUtil-CpuCalculator: CalculateCpuLoad: invalid num of max cpu load unit
07-12 20:42:45.794   132 28483 W C02d10/UCollectUtil-CpuCalculator: CalculateCpuLoad: invalid num of max cpu load unit
07-12 20:42:45.794   132 28483 W C02d10/UCollectUtil-CpuCalculator: CalculateCpuLoad: invalid num of max cpu load unit
07-12 20:42:45.794   132 28483 W C02d10/UCollectUtil-CpuCalculator: CalculateCpuLoad: invalid num of max cpu load unit
07-12 20:42:45.794   132 28483 W C02d10/UCollectUtil-CpuCalculator: CalculateCpuLoad: invalid num of max cpu load unit
07-12 20:42:45.794   132 28483 W C02d10/UCollectUtil-CpuCalculator: CalculateCpuLoad: invalid num of max cpu load unit
07-12 20:42:45.794   132 28483 W C02d10/UCollectUtil-CpuCalculator: CalculateCpuLoad: invalid num of max cpu load unit
07-12 20:42:45.794   132 28483 W C02d10/UCollectUtil-CpuCalculator: CalculateCpuLoad: invalid num of max cpu load unit
07-12 20:42:45.794   132 28483 W C02d10/UCollectUtil-CpuCalculator: CalculateCpuLoad: invalid num of max cpu load unit
07-12 20:42:45.794   132 28483 W C02d10/UCollectUtil-CpuCalculator: CalculateCpuLoad: invalid num of max cpu load unit
07-12 20:42:45.794   132 28483 W C02d10/UCollectUtil-CpuCalculator: CalculateCpuLoad: invalid num of max cpu load unit
07-12 20:42:45.794   132 28483 W C02d10/UCollectUtil-CpuCalculator: CalculateCpuLoad: invalid num of max cpu load unit
07-12 20:42:45.794   132 28483 W C02d10/UCollectUtil-CpuCalculator: CalculateCpuLoad: invalid num of max cpu load unit
07-12 20:42:45.794   132 28483 W C02d10/UCollectUtil-CpuCalculator: CalculateCpuLoad: invalid num of max cpu load unit
07-12 20:42:45.794   132 28483 W C02d10/UCollectUtil-CpuCalculator: CalculateCpuLoad: invalid num of max cpu load unit
07-12 20:42:45.794   132 28483 W C02d10/UCollectUtil-CpuCalculator: CalculateCpuLoad: invalid num of max cpu load unit
07-12 20:42:45.794   132 28483 W C02d10/UCollectUtil-CpuCalculator: CalculateCpuLoad: invalid num of max cpu load unit
07-12 20:42:45.794   132 28483 W C02d10/UCollectUtil-CpuCalculator: CalculateCpuLoad: invalid num of max cpu load unit
07-12 20:42:45.794   132 28483 W C02d10/UCollectUtil-CpuCalculator: CalculateCpuLoad: invalid num of max cpu load unit
07-12 20:42:45.794   132 28483 W C02d10/UCollectUtil-CpuCalculator: CalculateCpuLoad: invalid num of max cpu load unit
07-12 20:42:45.794   132 28483 W C02d10/UCollectUtil-CpuCalculator: CalculateCpuLoad: invalid num of max cpu load unit
07-12 20:42:45.794   132 28483 W C02d10/UCollectUtil-CpuCalculator: CalculateCpuLoad: invalid num of max cpu load unit
07-12 20:42:45.794   132 28483 W C02d10/UCollectUtil-CpuCalculator: CalculateCpuLoad: invalid num of max cpu load unit
07-12 20:42:45.794   132 28483 W C02d10/UCollectUtil-CpuCalculator: CalculateCpuLoad: invalid num of max cpu load unit
07-12 20:42:45.794   132 28483 W C02d10/UCollectUtil-CpuCalculator: CalculateCpuLoad: invalid num of max cpu load unit
07-12 20:42:45.794   132 28483 W C02d10/UCollectUtil-CpuCalculator: CalculateCpuLoad: invalid num of max cpu load unit
07-12 20:42:45.794   132 28483 W C02d10/UCollectUtil-CpuCalculator: CalculateCpuLoad: invalid num of max cpu load unit
07-12 20:42:45.794   132 28483 W C02d10/UCollectUtil-CpuCalculator: CalculateCpuLoad: invalid num of max cpu load unit
07-12 20:42:45.794   132 28483 W C02d10/UCollectUtil-CpuCalculator: CalculateCpuLoad: invalid num of max cpu load unit
07-12 20:42:45.794   132 28483 W C02d10/UCollectUtil-CpuCalculator: CalculateCpuLoad: invalid num of max cpu load unit
07-12 20:42:45.794   132 28483 W C02d10/UCollectUtil-CpuCalculator: CalculateCpuLoad: invalid num of max cpu load unit
07-12 20:42:45.794   132 28483 W C02d10/UCollectUtil-CpuCalculator: CalculateCpuLoad: invalid num of max cpu load unit
07-12 20:42:45.794   132 28483 W C02d10/UCollectUtil-CpuCalculator: CalculateCpuLoad: invalid num of max cpu load unit
07-12 20:42:45.794   132 28483 W C02d10/UCollectUtil-CpuCalculator: CalculateCpuLoad: invalid num of max cpu load unit
07-12 20:42:45.794   132 28483 W C02d10/UCollectUtil-CpuCalculator: CalculateCpuLoad: invalid num of max cpu load unit
07-12 20:42:45.794   132 28483 W C02d10/UCollectUtil-CpuCalculator: CalculateCpuLoad: invalid num of max cpu load unit
07-12 20:42:45.794   132 28483 W C02d10/UCollectUtil-CpuCalculator: CalculateCpuLoad: invalid num of max cpu load unit
07-12 20:42:45.794   132 28483 W C02d10/UCollectUtil-CpuCalculator: CalculateCpuLoad: invalid num of max cpu load unit
07-12 20:42:45.794   132 28483 W C02d10/UCollectUtil-CpuCalculator: CalculateCpuLoad: invalid num of max cpu load unit
07-12 20:42:45.794   132 28483 W C02d10/UCollectUtil-CpuCalculator: CalculateCpuLoad: invalid num of max cpu load unit
07-12 20:42:45.794   132 28483 W C02d10/UCollectUtil-CpuCalculator: CalculateCpuLoad: invalid num of max cpu load unit
07-12 20:42:45.794   132 28483 W C02d10/UCollectUtil-CpuCalculator: CalculateCpuLoad: invalid num of max cpu load unit
07-12 20:42:45.794   132 28483 W C02d10/UCollectUtil-CpuCalculator: CalculateCpuLoad: invalid num of max cpu load unit
07-12 20:42:45.794   132 28483 W C02d10/UCollectUtil-CpuCalculator: CalculateCpuLoad: invalid num of max cpu load unit
07-12 20:42:45.794   132 28483 W C02d10/UCollectUtil-CpuCalculator: CalculateCpuLoad: invalid num of max cpu load unit
07-12 20:42:45.794   132 28483 W C02d10/UCollectUtil-CpuCalculator: CalculateCpuLoad: invalid num of max cpu load unit
07-12 20:42:45.794   132 28483 W C02d10/UCollectUtil-CpuCalculator: CalculateCpuLoad: invalid num of max cpu load unit
07-12 20:42:45.794   132 28483 W C02d10/UCollectUtil-CpuCalculator: CalculateCpuLoad: invalid num of max cpu load unit
07-12 20:42:45.794   132 28483 W C02d10/UCollectUtil-CpuCalculator: CalculateCpuLoad: invalid num of max cpu load unit
07-12 20:42:45.794   132 28483 W C02d10/UCollectUtil-CpuCalculator: CalculateCpuLoad: invalid num of max cpu load unit
07-12 20:42:45.794   132 28483 W C02d10/UCollectUtil-CpuCalculator: CalculateCpuLoad: invalid num of max cpu load unit
07-12 20:42:45.794   132 28483 W C02d10/UCollectUtil-CpuCalculator: CalculateCpuLoad: invalid num of max cpu load unit
07-12 20:42:45.794   132 28483 W C02d10/UCollectUtil-CpuCalculator: CalculateCpuLoad: invalid num of max cpu load unit
07-12 20:42:45.794   132 28483 W C02d10/UCollectUtil-CpuCalculator: CalculateCpuLoad: invalid num of max cpu load unit
07-12 20:42:45.794   132 28483 W C02d10/UCollectUtil-CpuCalculator: CalculateCpuLoad: invalid num of max cpu load unit
07-12 20:42:45.794   132 28483 W C02d10/UCollectUtil-CpuCalculator: CalculateCpuLoad: invalid num of max cpu load unit
07-12 20:42:45.794   132 28483 W C02d10/UCollectUtil-CpuCalculator: CalculateCpuLoad: invalid num of max cpu load unit
07-12 20:42:45.794   132 28483 W C02d10/UCollectUtil-CpuCalculator: CalculateCpuLoad: invalid num of max cpu load unit
07-12 20:42:45.794   132 28483 W C02d10/UCollectUtil-CpuCalculator: CalculateCpuLoad: invalid num of max cpu load unit
07-12 20:42:45.794   132 28483 W C02d10/UCollectUtil-CpuCalculator: CalculateCpuLoad: invalid num of max cpu load unit
07-12 20:42:45.794   132 28483 W C02d10/UCollectUtil-CpuCalculator: CalculateCpuLoad: invalid num of max cpu load unit
07-12 20:42:45.794   132 28483 W C02d10/UCollectUtil-CpuCalculator: CalculateCpuLoad: invalid num of max cpu load unit
07-12 20:42:45.794   132 28483 W C02d10/UCollectUtil-CpuCalculator: CalculateCpuLoad: invalid num of max cpu load unit
07-12 20:42:45.794   132 28483 W C02d10/UCollectUtil-CpuCalculator: CalculateCpuLoad: invalid num of max cpu load unit
07-12 20:42:45.794   132 28483 W C02d10/UCollectUtil-CpuCalculator: CalculateCpuLoad: invalid num of max cpu load unit
07-12 20:42:45.794   132 28483 W C02d10/UCollectUtil-CpuCalculator: CalculateCpuLoad: invalid num of max cpu load unit
07-12 20:42:45.794   132 28483 W C02d10/UCollectUtil-CpuCalculator: CalculateCpuLoad: invalid num of max cpu load unit
07-12 20:42:45.794   132 28483 W C02d10/UCollectUtil-CpuCalculator: CalculateCpuLoad: invalid num of max cpu load unit
07-12 20:42:45.794   132 28483 W C02d10/UCollectUtil-CpuCalculator: CalculateCpuLoad: invalid num of max cpu load unit
07-12 20:42:45.794   132 28483 W C02d10/UCollectUtil-CpuCalculator: CalculateCpuLoad: invalid num of max cpu load unit
07-12 20:42:45.794   132 28483 W C02d10/UCollectUtil-CpuCalculator: CalculateCpuLoad: invalid num of max cpu load unit
07-12 20:42:45.794   132 28483 W C02d10/UCollectUtil-CpuCalculator: CalculateCpuLoad: invalid num of max cpu load unit
07-12 20:42:45.794   132 28483 W C02d10/UCollectUtil-CpuCalculator: CalculateCpuLoad: invalid num of max cpu load unit
07-12 20:42:45.794   132 28483 W C02d10/UCollectUtil-CpuCalculator: CalculateCpuLoad: invalid num of max cpu load unit
07-12 20:42:45.794   132 28483 W C02d10/UCollectUtil-CpuCalculator: CalculateCpuLoad: invalid num of max cpu load unit
07-12 20:42:45.794   132 28483 W C02d10/UCollectUtil-CpuCalculator: CalculateCpuLoad: invalid num of max cpu load unit
07-12 20:42:45.794   132 28483 W C02d10/UCollectUtil-CpuCalculator: CalculateCpuLoad: invalid num of max cpu load unit
07-12 20:42:45.794   132 28483 W C02d10/UCollectUtil-CpuCalculator: CalculateCpuLoad: invalid num of max cpu load unit
07-12 20:42:45.794   132 28483 W C02d10/UCollectUtil-CpuCalculator: CalculateCpuLoad: invalid num of max cpu load unit
07-12 20:42:45.794   132 28483 W C02d10/UCollectUtil-CpuCalculator: CalculateCpuLoad: invalid num of max cpu load unit
07-12 20:42:45.794   132 28483 W C02d10/UCollectUtil-CpuCalculator: CalculateCpuLoad: invalid num of max cpu load unit
07-12 20:42:45.794   132 28483 W C02d10/UCollectUtil-CpuCalculator: CalculateCpuLoad: invalid num of max cpu load unit
07-12 20:42:45.794   132 28483 W C02d10/UCollectUtil-CpuCalculator: CalculateCpuLoad: invalid num of max cpu load unit
07-12 20:42:45.794   132 28483 W C02d10/UCollectUtil-CpuCalculator: CalculateCpuLoad: invalid num of max cpu load unit
07-12 20:42:45.794   132 28483 W C02d10/UCollectUtil-CpuCalculator: CalculateCpuLoad: invalid num of max cpu load unit
07-12 20:42:45.794   132 28483 W C02d10/UCollectUtil-CpuCalculator: CalculateCpuLoad: invalid num of max cpu load unit
07-12 20:42:45.794   132 28483 W C02d10/UCollectUtil-CpuCalculator: CalculateCpuLoad: invalid num of max cpu load unit
07-12 20:42:45.794   132 28483 W C02d10/UCollectUtil-CpuCalculator: CalculateCpuLoad: invalid num of max cpu load unit
07-12 20:42:45.794   132 28483 W C02d10/UCollectUtil-CpuCalculator: CalculateCpuLoad: invalid num of max cpu load unit
07-12 20:42:45.794   132 28483 W C02d10/UCollectUtil-CpuCalculator: CalculateCpuLoad: invalid num of max cpu load unit
07-12 20:42:45.794   132 28483 W C02d10/UCollectUtil-CpuCalculator: CalculateCpuLoad: invalid num of max cpu load unit
07-12 20:42:45.794   132 28483 W C02d10/UCollectUtil-CpuCalculator: CalculateCpuLoad: invalid num of max cpu load unit
07-12 20:42:45.794   132 28483 W C02d10/UCollectUtil-CpuCalculator: CalculateCpuLoad: invalid num of max cpu load unit
07-12 20:42:45.794   132 28483 W C02d10/UCollectUtil-CpuCalculator: CalculateCpuLoad: invalid num of max cpu load unit
07-12 20:42:45.794   132 28483 W C02d10/UCollectUtil-CpuCalculator: CalculateCpuLoad: invalid num of max cpu load unit
07-12 20:42:45.794   132 28483 W C02d10/UCollectUtil-CpuCalculator: CalculateCpuLoad: invalid num of max cpu load unit
07-12 20:42:45.794   132 28483 W C02d10/UCollectUtil-CpuCalculator: CalculateCpuLoad: invalid num of max cpu load unit
07-12 20:42:45.794   132 28483 W C02d10/UCollectUtil-CpuCalculator: CalculateCpuLoad: invalid num of max cpu load unit
07-12 20:42:45.794   132 28483 W C02d10/UCollectUtil-CpuCalculator: CalculateCpuLoad: invalid num of max cpu load unit
07-12 20:42:45.794   132 28483 W C02d10/UCollectUtil-CpuCalculator: CalculateCpuLoad: invalid num of max cpu load unit
07-12 20:42:45.794   132 28483 W C02d10/UCollectUtil-CpuCalculator: CalculateCpuLoad: invalid num of max cpu load unit
07-12 20:42:45.794   132 28483 W C02d10/UCollectUtil-CpuCalculator: CalculateCpuLoad: invalid num of max cpu load unit
07-12 20:42:45.794   132 28483 W C02d10/UCollectUtil-CpuCalculator: CalculateCpuLoad: invalid num of max cpu load unit
07-12 20:42:45.794   132 28483 W C02d10/UCollectUtil-CpuCalculator: CalculateCpuLoad: invalid num of max cpu load unit
07-12 20:42:45.794   132 28483 W C02d10/UCollectUtil-CpuCalculator: CalculateCpuLoad: invalid num of max cpu load unit
07-12 20:42:45.794   132 28483 W C02d10/UCollectUtil-CpuCalculator: CalculateCpuLoad: invalid num of max cpu load unit
07-12 20:42:45.794   132 28483 W C02d10/UCollectUtil-CpuCalculator: CalculateCpuLoad: invalid num of max cpu load unit
07-12 20:42:45.794   132 28483 W C02d10/UCollectUtil-CpuCalculator: CalculateCpuLoad: invalid num of max cpu load unit
07-12 20:42:45.794   132 28483 W C02d10/UCollectUtil-CpuCalculator: CalculateCpuLoad: invalid num of max cpu load unit
07-12 20:42:45.794   132 28483 W C02d10/UCollectUtil-CpuCalculator: CalculateCpuLoad: invalid num of max cpu load unit
07-12 20:42:45.794   132 28483 W C02d10/UCollectUtil-CpuCalculator: CalculateCpuLoad: invalid num of max cpu load unit
07-12 20:42:45.794   132 28483 W C02d10/UCollectUtil-CpuCalculator: CalculateCpuLoad: invalid num of max cpu load unit
07-12 20:42:45.794   132 28483 W C02d10/UCollectUtil-CpuCalculator: CalculateCpuLoad: invalid num of max cpu load unit
07-12 20:42:45.794   132 28483 W C02d10/UCollectUtil-CpuCalculator: CalculateCpuLoad: invalid num of max cpu load unit
07-12 20:42:45.794   132 28483 W C02d10/UCollectUtil-CpuCalculator: CalculateCpuLoad: invalid num of max cpu load unit
07-12 20:42:45.794   132 28483 W C02d10/UCollectUtil-CpuCalculator: CalculateCpuLoad: invalid num of max cpu load unit
07-12 20:42:45.794   132 28483 W C02d10/UCollectUtil-CpuCalculator: CalculateCpuLoad: invalid num of max cpu load unit
07-12 20:42:45.794   132 28483 W C02d10/UCollectUtil-CpuCalculator: CalculateCpuLoad: invalid num of max cpu load unit
07-12 20:42:45.794   132 28483 W C02d10/UCollectUtil-CpuCalculator: CalculateCpuLoad: invalid num of max cpu load unit
07-12 20:42:45.794   132 28483 W C02d10/UCollectUtil-CpuCalculator: CalculateCpuLoad: invalid num of max cpu load unit
07-12 20:42:45.794   132 28483 W C02d10/UCollectUtil-CpuCalculator: CalculateCpuLoad: invalid num of max cpu load unit
07-12 20:42:45.794   132 28483 W C02d10/UCollectUtil-CpuCalculator: CalculateCpuLoad: invalid num of max cpu load unit
07-12 20:42:45.794   132 28483 W C02d10/UCollectUtil-CpuCalculator: CalculateCpuLoad: invalid num of max cpu load unit
07-12 20:42:45.794   132 28483 W C02d10/UCollectUtil-CpuCalculator: CalculateCpuLoad: invalid num of max cpu load unit
07-12 20:42:45.794   132 28483 W C02d10/UCollectUtil-CpuCalculator: CalculateCpuLoad: invalid num of max cpu load unit
07-12 20:42:45.794   132 28483 W C02d10/UCollectUtil-CpuCalculator: CalculateCpuLoad: invalid num of max cpu load unit
07-12 20:42:45.794   132 28483 W C02d10/UCollectUtil-CpuCalculator: CalculateCpuLoad: invalid num of max cpu load unit
07-12 20:42:45.794   132 28483 W C02d10/UCollectUtil-CpuCalculator: CalculateCpuLoad: invalid num of max cpu load unit
07-12 20:42:45.794   132 28483 W C02d10/UCollectUtil-CpuCalculator: CalculateCpuLoad: invalid num of max cpu load unit
07-12 20:42:45.794   132 28483 W C02d10/UCollectUtil-CpuCalculator: CalculateCpuLoad: invalid num of max cpu load unit
07-12 20:42:45.794   132 28483 W C02d10/UCollectUtil-CpuCalculator: CalculateCpuLoad: invalid num of max cpu load unit
07-12 20:42:45.794   132 28483 W C02d10/UCollectUtil-CpuCalculator: CalculateCpuLoad: invalid num of max cpu load unit
07-12 20:42:45.794   132 28483 W C02d10/UCollectUtil-CpuCalculator: CalculateCpuLoad: invalid num of max cpu load unit
07-12 20:42:45.794   132 28483 W C02d10/UCollectUtil-CpuCalculator: CalculateCpuLoad: invalid num of max cpu load unit
07-12 20:42:45.794   132 28483 W C02d10/UCollectUtil-CpuCalculator: CalculateCpuLoad: invalid num of max cpu load unit
07-12 20:42:45.794   132 28483 W C02d10/UCollectUtil-CpuCalculator: CalculateCpuLoad: invalid num of max cpu load unit
07-12 20:42:45.794   132 28483 W C02d10/UCollectUtil-CpuCalculator: CalculateCpuLoad: invalid num of max cpu load unit
07-12 20:42:45.794   132 28483 W C02d10/UCollectUtil-CpuCalculator: CalculateCpuLoad: invalid num of max cpu load unit
07-12 20:42:45.794   132 28483 W C02d10/UCollectUtil-CpuCalculator: CalculateCpuLoad: invalid num of max cpu load unit
07-12 20:42:45.794   132 28483 W C02d10/UCollectUtil-CpuCalculator: CalculateCpuLoad: invalid num of max cpu load unit
07-12 20:42:45.794   132 28483 W C02d10/UCollectUtil-CpuCalculator: CalculateCpuLoad: invalid num of max cpu load unit
07-12 20:42:45.794   132 28483 W C02d10/UCollectUtil-CpuCalculator: CalculateCpuLoad: invalid num of max cpu load unit
07-12 20:42:45.794   132 28483 W C02d10/UCollectUtil-CpuCalculator: CalculateCpuLoad: invalid num of max cpu load unit
07-12 20:42:45.794   132 28483 W C02d10/UCollectUtil-CpuCalculator: CalculateCpuLoad: invalid num of max cpu load unit
07-12 20:42:45.794   132 28483 W C02d10/UCollectUtil-CpuCalculator: CalculateCpuLoad: invalid num of max cpu load unit
07-12 20:42:45.794   132 28483 W C02d10/UCollectUtil-CpuCalculator: CalculateCpuLoad: invalid num of max cpu load unit
07-12 20:42:45.794   132 28483 W C02d10/UCollectUtil-CpuCalculator: CalculateCpuLoad: invalid num of max cpu load unit
07-12 20:42:45.794   132 28483 W C02d10/UCollectUtil-CpuCalculator: CalculateCpuLoad: invalid num of max cpu load unit
07-12 20:42:45.794   132 28483 W C02d10/UCollectUtil-CpuCalculator: CalculateCpuLoad: invalid num of max cpu load unit
07-12 20:42:45.794   132 28483 W C02d10/UCollectUtil-CpuCalculator: CalculateCpuLoad: invalid num of max cpu load unit
07-12 20:42:45.794   132 28483 W C02d10/UCollectUtil-CpuCalculator: CalculateCpuLoad: invalid num of max cpu load unit
07-12 20:42:45.796 31532 31532 W C02c02/PARAM: Selinux check name persist.init.debug.loglevel in u:object_r:startup_init_param:s0 [31532 2000 2000] failed
07-12 20:42:45.796 31532 31532 W C02c02/PARAM: Selinux check name persist.init.debug.loglevel in u:object_r:startup_init_param:s0 [31532 2000 2000] failed
07-12 20:42:45.796 31532 31532 W C02c02/PARAM: SystemReadParam failed!name is:persist.init.debug.loglevel,err:1002
07-12 20:42:45.796   132 28483 W C02d10/UCollectUtil-CpuCalculator: CalculateCpuLoad: invalid num of max cpu load unit
07-12 20:42:45.796   132 28483 W C02d10/UCollectUtil-CpuCalculator: CalculateCpuLoad: invalid num of max cpu load unit
07-12 20:42:45.797   132 28483 W C02d10/UCollectUtil-CpuCalculator: CalculateCpuLoad: invalid num of max cpu load unit
07-12 20:42:45.797   132 28483 W C02d10/UCollectUtil-CpuCalculator: CalculateCpuLoad: invalid num of max cpu load unit
07-12 20:42:45.806   132 28483 W C02d10/UCollectUtil-CpuCalculator: CalculateCpuLoad: invalid num of max cpu load unit
07-12 20:42:45.806   132 28483 W C02d10/UCollectUtil-CpuCalculator: CalculateCpuLoad: invalid num of max cpu load unit
07-12 20:42:45.806   132 28483 W C02d10/UCollectUtil-CpuCalculator: CalculateCpuLoad: invalid num of max cpu load unit
07-12 20:42:45.806   132 28483 W C02d10/UCollectUtil-CpuCalculator: CalculateCpuLoad: invalid num of max cpu load unit
07-12 20:42:45.806   132 28483 W C02d10/UCollectUtil-CpuCalculator: CalculateCpuLoad: invalid num of max cpu load unit
07-12 20:42:45.806   132 28483 W C02d10/UCollectUtil-CpuCalculator: CalculateCpuLoad: invalid num of max cpu load unit
07-12 20:42:45.806   132 28483 W C02d10/UCollectUtil-CpuCalculator: CalculateCpuLoad: invalid num of max cpu load unit
07-12 20:42:45.806   132 28483 W C02d10/UCollectUtil-CpuCalculator: CalculateCpuLoad: invalid num of max cpu load unit
07-12 20:42:45.806   132 28483 W C02d10/UCollectUtil-CpuCalculator: CalculateCpuLoad: invalid num of max cpu load unit
07-12 20:42:45.806   132 28483 W C02d10/UCollectUtil-CpuCalculator: CalculateCpuLoad: invalid num of max cpu load unit
07-12 20:42:45.806   132 28483 W C02d10/UCollectUtil-CpuCalculator: CalculateCpuLoad: invalid num of max cpu load unit
07-12 20:42:45.806   132 28483 W C02d10/UCollectUtil-CpuCalculator: CalculateCpuLoad: invalid num of max cpu load unit
07-12 20:42:45.806   132 28483 W C02d10/UCollectUtil-CpuCalculator: CalculateCpuLoad: invalid num of max cpu load unit
07-12 20:42:45.806   132 28483 W C02d10/UCollectUtil-CpuCalculator: CalculateCpuLoad: invalid num of max cpu load unit
07-12 20:42:45.806   132 28483 W C02d10/UCollectUtil-CpuCalculator: CalculateCpuLoad: invalid num of max cpu load unit
07-12 20:42:45.806   132 28483 W C02d10/UCollectUtil-CpuCalculator: CalculateCpuLoad: invalid num of max cpu load unit
07-12 20:42:45.806   132 28483 W C02d10/UCollectUtil-CpuCalculator: CalculateCpuLoad: invalid num of max cpu load unit
07-12 20:42:45.806   132 28483 W C02d10/UCollectUtil-CpuCalculator: CalculateCpuLoad: invalid num of max cpu load unit
07-12 20:42:45.806   132 28483 W C02d10/UCollectUtil-CpuCalculator: CalculateCpuLoad: invalid num of max cpu load unit
07-12 20:42:46.100   130  1110 I C01800/SAMGR: NF SA:65962,902_69402
07-12 20:42:46.102 31535 31535 W C02c02/PARAM: Selinux check name persist.init.debug.loglevel in u:object_r:startup_init_param:s0 [31535 2000 2000] failed
07-12 20:42:46.102 31535 31535 W C02c02/PARAM: Selinux check name persist.init.debug.loglevel in u:object_r:startup_init_param:s0 [31535 2000 2000] failed
07-12 20:42:46.102 31535 31535 W C02c02/PARAM: SystemReadParam failed!name is:persist.init.debug.loglevel,err:1002
07-12 20:42:46.325   130  1110 I C01800/SAMGR: NF SA:65962,902_69403
07-12 20:42:46.612  1504  1504 W A01c06/ICON: AppIconWeatherModel --> initWeatherListener, retryTimes: 4
07-12 20:42:46.635   130  1110 I C01800/SAMGR: NF SA:65962,902_69404
07-12 20:42:46.691   444  1339 E C01707/CONCUR: [Interface] task 1339 apply qos failed, errno = 4
07-12 20:42:46.754   444  1339 E C01611/QosManager: QosManager: Failed to set thread QoS to QOS_USER_INTERACTIVE, ret: -1
07-12 20:42:46.754   811   823 W C01123/BMSCommon: bundle not exist -n com.huawei.hmsapp.totemweather -u 100 -i 0 -f 32
07-12 20:42:46.754   811   823 W C01121/BMSQuery: GetBundleInfo failed -n com.huawei.hmsapp.totemweather -u 100
07-12 20:42:46.754   444  1339 E C01651/BundleMgrProxy: GetBundleInfoFromBMS: GetBundleInfo failed!bundleName is com.huawei.hmsapp.totemweather, userId is 100
07-12 20:42:46.754   444  1339 E C01651/DataProviderConfig: GetFromProxyData: Get bundleInfo failed! bundleName:com.huawei.hmsapp.totemweather, userId:100, visitedId:100, uri:******icIconInfo
07-12 20:42:46.754   444  1339 E C01651/DataShareServiceImpl: GetBMSAndMetaDataStatus: CalledInfo failed! token:0x2006055d,ret:1001,uri:******icIconInfo
07-12 20:42:46.754   444  1339 E C01651/DataShareServiceImpl: GetSilentProxyStatus: BMS or metaData not ready to complete, token:0x2006055d, uri:******icIconInfo
07-12 20:42:46.775  1714  1831 I C0430a/file_monitor_service: [MainMissionStatus:197]CanExit
07-12 20:42:46.775  1714  1831 I C0430a/file_monitor_service: [MainMissionStatus:203]SecondaryScanner idle
07-12 20:42:46.775  1504  1504 E A01c06/ICON: AppIconWeatherModel --> get weather info failed, code: 15700010, message: The DataShareHelper is not initialized successfully.
07-12 20:42:46.883   130  1110 I C01800/SAMGR: NF SA:65962,902_69405
07-12 20:42:46.999   902   947 E C01810/SA_CLIENT: GetSaWrap SA:65962 not start
07-12 20:42:46.999   902   947 I C01409/APS_MANAGER: request system service object is not ready yet!
07-12 20:42:47.016  1504  1725 I C03f05/NAPI: taskpool:: A:3, R:0, I:3, O:0
07-12 20:42:47.023   132 11100 E C02d66/XPerf: [InquiryOhImpl::ExtractStringValue] Canonical FilePath: /sys/class/ithermal/lpm/lpm_freq failed.
07-12 20:42:47.023   132 11100 E C02d66/XPerf: [InquiryOhImpl::ExtractStringValue] Canonical FilePath: /sys/class/power_supply/Battery/status failed.
07-12 20:42:47.142 31536 31536 W C02c02/PARAM: Selinux check name persist.init.debug.loglevel in u:object_r:startup_init_param:s0 [31536 2000 2000] failed
07-12 20:42:47.142 31536 31536 W C02c02/PARAM: Selinux check name persist.init.debug.loglevel in u:object_r:startup_init_param:s0 [31536 2000 2000] failed
07-12 20:42:47.142 31536 31536 W C02c02/PARAM: SystemReadParam failed!name is:persist.init.debug.loglevel,err:1002
07-12 20:42:47.293   595   800 W C02943/ThermalHdi: Read node failed, title = brightness
07-12 20:42:47.293   595   800 W C02943/ThermalHdi: Read node failed, title = 
07-12 20:42:47.293   595   800 W C02943/ThermalHdi: Read node failed, title = 
07-12 20:42:47.293   595   800 W C02943/ThermalHdi: Read node failed, title = 
07-12 20:42:47.293   595   800 W C02943/ThermalHdi: Read node failed, title = 
07-12 20:42:47.293   595   800 W C02943/ThermalHdi: Read node failed, title = 
07-12 20:42:47.293   595   800 W C02943/ThermalHdi: Read node failed, title = 
07-12 20:42:47.293   595   800 W C02943/ThermalHdi: Read node failed, title = 
07-12 20:42:47.293   595   800 W C02943/ThermalHdi: Read node failed, title = 
07-12 20:42:47.293   595   800 W C02943/ThermalHdi: Read node failed, title = 
07-12 20:42:47.293   595   800 W C02943/ThermalHdi: Read node failed, title = 
07-12 20:42:47.293   595   800 W C02943/ThermalHdi: Read node failed, title = 
07-12 20:42:47.293   595   800 W C02943/ThermalHdi: Read node failed, title = 
07-12 20:42:47.293   595   800 W C02943/ThermalHdi: Read node failed, title = 
07-12 20:42:47.293   595   800 W C02943/ThermalHdi: Read node failed, title = 
07-12 20:42:47.293   595   800 W C02943/ThermalHdi: Read node failed, title = 
07-12 20:42:47.293   595   800 W C02943/ThermalHdi: Read node failed, title = 
07-12 20:42:47.293   595   800 W C02943/ThermalHdi: Read node failed, title = 
07-12 20:42:47.293   595   800 W C02943/ThermalHdi: Read node failed, title = 
07-12 20:42:47.293   595   800 W C02943/ThermalHdi: Read node failed, title = 
07-12 20:42:47.293   595   800 W C02943/ThermalHdi: Read node failed, title = 
07-12 20:42:47.293   595   800 W C02943/ThermalHdi: Read node failed, title = 
07-12 20:42:47.293   595   800 W C02943/ThermalHdi: Read node failed, title = 
07-12 20:42:47.293   595   800 W C02943/ThermalHdi: Read node failed, title = 
07-12 20:42:47.293   595   800 W C02943/ThermalHdi: Read node failed, title = 
07-12 20:42:47.293   595   800 W C02943/ThermalHdi: Read node failed, title = ambient
07-12 20:42:47.293   595   800 W C02943/ThermalHdi: Read node failed, title = ibat
07-12 20:42:47.293   595   800 W C02943/ThermalHdi: Read node failed, title = vbat
07-12 20:42:47.293   595   800 W C02943/ThermalHdi: Read node failed, title = cpu0_min_freq
07-12 20:42:47.293   595   800 W C02943/ThermalHdi: Read node failed, title = cpu0_cur_freq
07-12 20:42:47.293   595   800 W C02943/ThermalHdi: Read node failed, title = cpu0_max_freq
07-12 20:42:47.293   595   800 W C02943/ThermalHdi: Read node failed, title = cpu4_min_freq
07-12 20:42:47.293   595   800 W C02943/ThermalHdi: Read node failed, title = cpu4_cur_freq
07-12 20:42:47.293   595   800 W C02943/ThermalHdi: Read node failed, title = cpu4_max_freq
07-12 20:42:47.293   595   800 W C02943/ThermalHdi: Read node failed, title = cpu7_min_freq
07-12 20:42:47.293   595   800 W C02943/ThermalHdi: Read node failed, title = cpu7_cur_freq
07-12 20:42:47.293   595   800 W C02943/ThermalHdi: Read node failed, title = cpu7_max_freq
07-12 20:42:47.293   595   800 W C02943/ThermalHdi: Read node failed, title = gpu_min_freq
07-12 20:42:47.293   595   800 W C02943/ThermalHdi: Read node failed, title = gpu_cur_freq
07-12 20:42:47.293   595   800 W C02943/ThermalHdi: Read node failed, title = gpu_max_freq
07-12 20:42:47.293   595   800 W C02943/ThermalHdi: Read node failed, title = ddr_cur_freq
07-12 20:42:47.293   595   800 W C02943/ThermalHdi: Read node failed, title = set_IPApower
07-12 20:42:47.293   595   800 W C02943/ThermalHdi: Read node failed, title = cur_IPApower
07-12 20:42:47.293   595   800 W C02943/ThermalHdi: get node failed
07-12 20:42:47.293   595   800 W C02943/ThermalHdi: get node failed
07-12 20:42:47.293   595   800 W C02943/ThermalHdi: get node failed
07-12 20:42:47.522   902  2554 I C01409/APS_MANAGER: SetScene pkgName = com.huawei.hmos.inputmethod, scene = IME_SCENE, state = 1
07-12 20:42:47.522   902  2554 W C01409/APS_MANAGER: FrameRateControl removeSceneInfo: unknow scene!
07-12 20:42:47.635   698  1804 I C02986/DisplayPowerBrightness: lux=[0/32398933, 0/32399373, 0/32399553, 0/32399980, 0/32400136, 0/32400600, ], bDelta=5.000000, dDelta=1.000000, size=29
07-12 20:42:47.789  1714  1831 I C0430a/file_monitor_service: [MainMissionStatus:197]CanExit
07-12 20:42:47.790  1714  1831 I C0430a/file_monitor_service: [MainMissionStatus:203]SecondaryScanner idle
07-12 20:42:47.790  1504  1504 W A01c06/ICON: AppIconWeatherModel --> initWeatherListener, retryTimes: 4
07-12 20:42:47.908  2346  2346 I C02500/Qemud: Guest heartbeat success.
07-12 20:42:48.347   143   143 E C02c11/APPSPAWN: [appspawn_kickdog.c:29]open /sys/kernel/hungtask/userlist fail,errno:2
07-12 20:42:48.440   444  1339 E C01707/CONCUR: [Interface] task 1339 apply qos failed, errno = 4
07-12 20:42:48.440   444  1339 E C01611/QosManager: QosManager: Failed to set thread QoS to QOS_USER_INTERACTIVE, ret: -1
07-12 20:42:48.461   811   823 W C01123/BMSCommon: bundle not exist -n com.huawei.hmsapp.totemweather -u 100 -i 0 -f 32
07-12 20:42:48.461   811   823 W C01121/BMSQuery: GetBundleInfo failed -n com.huawei.hmsapp.totemweather -u 100
07-12 20:42:48.462   444  1339 E C01651/BundleMgrProxy: GetBundleInfoFromBMS: GetBundleInfo failed!bundleName is com.huawei.hmsapp.totemweather, userId is 100
07-12 20:42:48.462   444  1339 E C01651/DataProviderConfig: GetFromProxyData: Get bundleInfo failed! bundleName:com.huawei.hmsapp.totemweather, userId:100, visitedId:100, uri:******icIconInfo
07-12 20:42:48.462   444  1339 E C01651/DataShareServiceImpl: GetBMSAndMetaDataStatus: CalledInfo failed! token:0x2006055d,ret:1001,uri:******icIconInfo
07-12 20:42:48.462   444  1339 E C01651/DataShareServiceImpl: GetSilentProxyStatus: BMS or metaData not ready to complete, token:0x2006055d, uri:******icIconInfo
07-12 20:42:48.462   444  1339 W C057c3/IPCObjectStub: SendRequestInner: Stub(desc:*.ServiceProxy) code:116 cost:668ms
07-12 20:42:48.462  1504  1504 E A01c06/ICON: AppIconWeatherModel --> get weather info failed, code: 15700010, message: The DataShareHelper is not initialized successfully.
07-12 20:42:48.891  1714  1831 I C0430a/file_monitor_service: [MainMissionStatus:197]CanExit
07-12 20:42:48.891  1714  1831 I C0430a/file_monitor_service: [MainMissionStatus:203]SecondaryScanner idle
07-12 20:42:48.956   546 31360 I C02300/RtkAbility: unloadTask.
07-12 20:42:48.956   546 31360 I C02300/HifenceAbility: CheckIfDoingFenceBussiness: empty callback: 1
07-12 20:42:48.956   546 31360 I C02300/Locator: UnloadLocationSa enter, systemAbilityId = [4353] unloading
07-12 20:42:48.957   130  1110 I C01800/SAMGR: Scheduler SA:4353 unload start 546,0_1_2
07-12 20:42:48.957   130  1110 I C01800/SAMGR: Scheduler SA:4353 proc delay unload event
07-12 20:42:48.957   130  1110 I C01800/SAMGR: IdleSA:4353
07-12 20:42:49.017   546 31360 I C01810/SAFWK: Idle-SA:4353
07-12 20:42:49.033  1479  1479 E C02c11/APPSPAWN: [appspawn_kickdog.c:29]open /sys/kernel/hungtask/userlist fail,errno:2
07-12 20:42:49.034   130  1329 I C01800/SAMGR: NF SA:65962,902_69406
07-12 20:42:49.034   546 31360 I C01810/SAFWK: OnIdle-SA:4353 end,spend:0ms
07-12 20:42:49.073   546 31360 I C01810/SAFWK: IdleSaInner suc to Idle SA:4353,delayTime:0,spend:55ms
07-12 20:42:49.319   130  1329 I C01800/SAMGR: NF SA:65962,902_69407
